2025-07-09 23:44:46,883 - INFO: Starting sector-based stock analysis with CONTRARIAN logic - 2025-07-09
2025-07-09 23:44:46,884 - INFO: ARIMA Error Threshold: 30.0%
2025-07-09 23:44:46,884 - INFO: Sentiment enhancement: ENABLED with CONTRARIAN logic
2025-07-09 23:45:12,424 - INFO: Fetched 76 unique articles from RSS + Web
2025-07-09 23:45:53,163 - WARNING: 5 out of the last 11 calls to <function TensorFlowTrainer.make_predict_function.<locals>.one_step_on_data_distributed at 0x00000187C4A305E0> triggered tf.function retracing. Tracing is expensive and the excessive number of tracings could be due to (1) creating @tf.function repeatedly in a loop, (2) passing tensors with different shapes, (3) passing Python objects instead of tensors. For (1), please define your @tf.function outside of the loop. For (2), @tf.function has reduce_retracing=True option that can avoid unnecessary retracing. For (3), please refer to https://www.tensorflow.org/guide/function#controlling_retracing and https://www.tensorflow.org/api_docs/python/tf/function for  more details.
2025-07-09 23:45:53,718 - WARNING: 5 out of the last 11 calls to <function TensorFlowTrainer.make_predict_function.<locals>.one_step_on_data_distributed at 0x00000187C4A305E0> triggered tf.function retracing. Tracing is expensive and the excessive number of tracings could be due to (1) creating @tf.function repeatedly in a loop, (2) passing tensors with different shapes, (3) passing Python objects instead of tensors. For (1), please define your @tf.function outside of the loop. For (2), @tf.function has reduce_retracing=True option that can avoid unnecessary retracing. For (3), please refer to https://www.tensorflow.org/guide/function#controlling_retracing and https://www.tensorflow.org/api_docs/python/tf/function for  more details.
2025-07-09 23:48:25,200 - INFO: Saved agreement report to C:\Users\PC\OneDrive\projects\strongtrendz.com-\output\arima_lstm_agreement_20250709_234825.csv
2025-07-09 23:48:25,208 - INFO: Saved top picks to C:\Users\PC\OneDrive\projects\strongtrendz.com-\output\top_picks_20250709_234825.csv
2025-07-09 23:48:25,213 - INFO: Saved sector performance to C:\Users\PC\OneDrive\projects\strongtrendz.com-\output\sector_performance_20250709_234825.csv
2025-07-09 23:48:25,232 - INFO: Saved consolidated analysis results to C:\Users\PC\OneDrive\projects\strongtrendz.com-\output\sector_analysis_contrarian_20250709_234825.json
2025-07-09 23:48:25,266 - INFO: 
--- Analysis Summary ---
2025-07-09 23:48:25,267 - INFO: Total Stocks Analyzed: 10
2025-07-09 23:48:25,267 - INFO: Successfully Analyzed: 10
2025-07-09 23:48:25,267 - INFO: Failed Analyses: 0
2025-07-09 23:48:25,267 - INFO: Stocks with ARIMA-LSTM agreement: 6 (60.0%)
2025-07-09 23:48:25,268 - INFO: Top BUY recommendations: 6
2025-07-09 23:48:25,268 - INFO: Top SELL recommendations: 0
2025-07-09 23:48:25,268 - INFO: 
Sector Performance:
2025-07-09 23:48:25,268 - INFO: NIFTY_METAL: 1.26% (UP)
