2025-07-09 20:22:35,026 - INFO: Starting sector-based stock analysis with CONTRARIAN logic - 2025-07-09
2025-07-09 20:22:35,026 - INFO: ARIMA Error Threshold: 30.0%
2025-07-09 20:22:35,026 - INFO: Sentiment enhancement: ENABLED with CONTRARIAN logic
2025-07-09 20:22:43,820 - ERROR: HTTP Error 404: 
2025-07-09 20:22:44,142 - ERROR: HTTP Error 404: 
2025-07-09 20:22:54,052 - ERROR: HTTP Error 404: 
2025-07-09 20:23:09,565 - ERROR: HTTP Error 404: 
2025-07-09 20:23:10,331 - ERROR: HTTP Error 404: 
2025-07-09 20:23:43,448 - WARNING: MoneyControl web scraping failed: 403 Client Error: Forbidden for url: https://www.moneycontrol.com/news/business/markets/
2025-07-09 20:23:43,523 - INFO: Fetched 120 unique articles from RSS + Web
2025-07-09 20:24:22,826 - WARNING: 5 out of the last 11 calls to <function TensorFlowTrainer.make_predict_function.<locals>.one_step_on_data_distributed at 0x000001B4D8E44AF0> triggered tf.function retracing. Tracing is expensive and the excessive number of tracings could be due to (1) creating @tf.function repeatedly in a loop, (2) passing tensors with different shapes, (3) passing Python objects instead of tensors. For (1), please define your @tf.function outside of the loop. For (2), @tf.function has reduce_retracing=True option that can avoid unnecessary retracing. For (3), please refer to https://www.tensorflow.org/guide/function#controlling_retracing and https://www.tensorflow.org/api_docs/python/tf/function for  more details.
2025-07-09 20:24:23,221 - WARNING: 5 out of the last 11 calls to <function TensorFlowTrainer.make_predict_function.<locals>.one_step_on_data_distributed at 0x000001B4D8E44AF0> triggered tf.function retracing. Tracing is expensive and the excessive number of tracings could be due to (1) creating @tf.function repeatedly in a loop, (2) passing tensors with different shapes, (3) passing Python objects instead of tensors. For (1), please define your @tf.function outside of the loop. For (2), @tf.function has reduce_retracing=True option that can avoid unnecessary retracing. For (3), please refer to https://www.tensorflow.org/guide/function#controlling_retracing and https://www.tensorflow.org/api_docs/python/tf/function for  more details.
2025-07-09 20:26:53,624 - INFO: Saved agreement report to C:\Users\PC\OneDrive\projects\strongtrendz.com-\output\arima_lstm_agreement_20250709_202653.csv
2025-07-09 20:26:53,631 - INFO: Saved top picks to C:\Users\PC\OneDrive\projects\strongtrendz.com-\output\top_picks_20250709_202653.csv
2025-07-09 20:26:53,634 - INFO: Saved sector performance to C:\Users\PC\OneDrive\projects\strongtrendz.com-\output\sector_performance_20250709_202653.csv
2025-07-09 20:26:53,647 - INFO: Saved consolidated analysis results to C:\Users\PC\OneDrive\projects\strongtrendz.com-\output\sector_analysis_contrarian_20250709_202653.json
2025-07-09 20:26:53,669 - INFO: 
--- Analysis Summary ---
2025-07-09 20:26:53,670 - INFO: Total Stocks Analyzed: 10
2025-07-09 20:26:53,670 - INFO: Successfully Analyzed: 10
2025-07-09 20:26:53,670 - INFO: Failed Analyses: 0
2025-07-09 20:26:53,671 - INFO: Stocks with sentiment enhancement: 1 (10.0%)
2025-07-09 20:26:53,671 - INFO: Stocks with contrarian logic applied: 0 (0.0%)
2025-07-09 20:26:53,671 - INFO: Enhancement Status Breakdown:
2025-07-09 20:26:53,671 - INFO:   INSUFFICIENT_NEWS: 9
2025-07-09 20:26:53,671 - INFO:   LOW_SENTIMENT_CONFIDENCE: 1
2025-07-09 20:26:53,671 - INFO: Stocks with ARIMA-LSTM agreement: 6 (60.0%)
2025-07-09 20:26:53,671 - INFO: Top BUY recommendations: 5
2025-07-09 20:26:53,672 - INFO: Top SELL recommendations: 1
2025-07-09 20:26:53,672 - INFO: 
Sector Performance:
2025-07-09 20:26:53,672 - INFO: NIFTY_METAL: 1.86% (UP)
