2025-07-09 17:12:32,667 - INFO: Starting sector-based stock analysis - 2025-07-09
2025-07-09 17:12:32,667 - INFO: Sentiment enhancement: ENABLED
2025-07-09 17:13:05,779 - INFO: Fetched 120 unique articles from RSS + Web
2025-07-09 17:13:42,039 - ERROR: 
1 Failed download:
2025-07-09 17:13:42,039 - ERROR: ['HINDALCO']: YFTzMissingError('possibly delisted; no timezone found')
2025-07-09 17:13:42,066 - WARNING: No meaningful data for HINDALCO.NS
2025-07-09 17:13:48,292 - ERROR: HTTP Error 404: 
2025-07-09 17:13:48,411 - ERROR: 
1 Failed download:
2025-07-09 17:13:48,413 - ERROR: ['TATASTEEL']: YFTzMissingError('possibly delisted; no timezone found')
2025-07-09 17:13:48,431 - WARNING: No meaningful data for TATASTEEL.NS
2025-07-09 17:13:54,650 - ERROR: 
1 Failed download:
2025-07-09 17:13:54,650 - ERROR: ['JSL']: YFPricesMissingError('possibly delisted; no price data found  (1d 2023-07-09 00:00:00 -> 2025-07-09 17:13:54.371104)')
2025-07-09 17:13:54,651 - WARNING: No meaningful data for JSL.NS
2025-07-09 17:13:56,948 - ERROR: 
1 Failed download:
2025-07-09 17:13:56,948 - ERROR: ['VEDL']: YFTzMissingError('possibly delisted; no timezone found')
2025-07-09 17:13:56,966 - WARNING: No meaningful data for VEDL.NS
2025-07-09 17:13:57,494 - ERROR: 
1 Failed download:
2025-07-09 17:13:57,494 - ERROR: ['NMDC']: YFPricesMissingError('possibly delisted; no price data found  (1d 2023-07-09 00:00:00 -> 2025-07-09 17:13:57.313710)')
2025-07-09 17:13:57,521 - WARNING: No meaningful data for NMDC.NS
