2025-07-09 20:28:34,079 - INFO: Starting sector-based stock analysis with CONTRARIAN logic - 2025-07-09
2025-07-09 20:28:34,079 - INFO: ARIMA Error Threshold: 30.0%
2025-07-09 20:28:34,079 - INFO: Sentiment enhancement: ENABLED with CONTRARIAN logic
2025-07-09 20:28:42,792 - ERROR: HTTP Error 404: 
2025-07-09 20:28:43,152 - ERROR: HTTP Error 404: 
2025-07-09 20:28:52,598 - ERROR: HTTP Error 404: 
2025-07-09 20:29:07,293 - ERROR: HTTP Error 404: 
2025-07-09 20:29:08,061 - ERROR: HTTP Error 404: 
2025-07-09 20:29:41,178 - WARNING: MoneyControl web scraping failed: 403 Client Error: Forbidden for url: https://www.moneycontrol.com/news/business/markets/
2025-07-09 20:29:41,270 - INFO: Fetched 120 unique articles from RSS + Web
2025-07-09 20:30:18,423 - WARNING: 5 out of the last 11 calls to <function TensorFlowTrainer.make_predict_function.<locals>.one_step_on_data_distributed at 0x000002B4D6D0C670> triggered tf.function retracing. Tracing is expensive and the excessive number of tracings could be due to (1) creating @tf.function repeatedly in a loop, (2) passing tensors with different shapes, (3) passing Python objects instead of tensors. For (1), please define your @tf.function outside of the loop. For (2), @tf.function has reduce_retracing=True option that can avoid unnecessary retracing. For (3), please refer to https://www.tensorflow.org/guide/function#controlling_retracing and https://www.tensorflow.org/api_docs/python/tf/function for  more details.
2025-07-09 20:30:18,859 - WARNING: 5 out of the last 11 calls to <function TensorFlowTrainer.make_predict_function.<locals>.one_step_on_data_distributed at 0x000002B4D6D0C670> triggered tf.function retracing. Tracing is expensive and the excessive number of tracings could be due to (1) creating @tf.function repeatedly in a loop, (2) passing tensors with different shapes, (3) passing Python objects instead of tensors. For (1), please define your @tf.function outside of the loop. For (2), @tf.function has reduce_retracing=True option that can avoid unnecessary retracing. For (3), please refer to https://www.tensorflow.org/guide/function#controlling_retracing and https://www.tensorflow.org/api_docs/python/tf/function for  more details.
2025-07-09 20:32:30,157 - INFO: Saved agreement report to C:\Users\PC\OneDrive\projects\strongtrendz.com-\output\arima_lstm_agreement_20250709_203230.csv
2025-07-09 20:32:30,157 - INFO: Saved top picks to C:\Users\PC\OneDrive\projects\strongtrendz.com-\output\top_picks_20250709_203230.csv
2025-07-09 20:32:30,157 - INFO: Saved sector performance to C:\Users\PC\OneDrive\projects\strongtrendz.com-\output\sector_performance_20250709_203230.csv
2025-07-09 20:32:30,180 - INFO: Saved consolidated analysis results to C:\Users\PC\OneDrive\projects\strongtrendz.com-\output\sector_analysis_contrarian_20250709_203230.json
2025-07-09 20:32:30,205 - INFO: 
--- Analysis Summary ---
2025-07-09 20:32:30,205 - INFO: Total Stocks Analyzed: 10
2025-07-09 20:32:30,205 - INFO: Successfully Analyzed: 10
2025-07-09 20:32:30,205 - INFO: Failed Analyses: 0
2025-07-09 20:32:30,205 - INFO: Stocks with ARIMA-LSTM agreement: 6 (60.0%)
2025-07-09 20:32:30,205 - INFO: Top BUY recommendations: 6
2025-07-09 20:32:30,205 - INFO: Top SELL recommendations: 0
2025-07-09 20:32:30,205 - INFO: 
Sector Performance:
2025-07-09 20:32:30,205 - INFO: NIFTY_METAL: 1.22% (UP)
