2025-05-11 15:55:33,598 - INFO: Starting sector-based stock analysis - 2025-05-11
2025-05-11 16:21:36,695 - ERROR: 
1 Failed download:
2025-05-11 16:21:36,696 - ERROR: ['BAJAJAUTO.NS']: YFRateLimitError('Too Many Requests. Rate limited. Try after a while.')
2025-05-11 16:21:36,763 - WARNING: No meaningful data for BAJAJAUTO.NS
2025-05-11 17:50:18,372 - INFO: Saved agreement report to C:\Users\Rajee\OneDrive\stock\lab\strongtrendz.com-\.vscode\output\arima_lstm_agreement_20250511_175018.csv
2025-05-11 17:50:18,384 - INFO: Saved top picks to C:\Users\Rajee\OneDrive\stock\lab\strongtrendz.com-\.vscode\output\top_picks_20250511_175018.csv
2025-05-11 17:50:18,389 - INFO: Saved sector performance to C:\Users\Rajee\OneDrive\stock\lab\strongtrendz.com-\.vscode\output\sector_performance_20250511_175018.csv
2025-05-11 17:50:18,413 - INFO: Saved consolidated analysis results to C:\Users\Rajee\OneDrive\stock\lab\strongtrendz.com-\.vscode\output\sector_analysis_20250511_175018.json
2025-05-11 17:50:18,427 - INFO: 
--- Analysis Summary ---
2025-05-11 17:50:18,428 - INFO: Total Stocks Analyzed: 140
2025-05-11 17:50:18,428 - INFO: Successfully Analyzed: 140
2025-05-11 17:50:18,429 - INFO: Failed Analyses: 0
2025-05-11 17:50:18,429 - INFO: Stocks with ARIMA-LSTM agreement: 108 (77.1%)
2025-05-11 17:50:18,429 - INFO: Top BUY recommendations: 10
2025-05-11 17:50:18,430 - INFO: Top SELL recommendations: 10
2025-05-11 17:50:18,430 - INFO: 
Sector Performance:
2025-05-11 17:50:18,431 - INFO: NIFTY_REALTY: 6.68% (UP)
2025-05-11 17:50:18,431 - INFO: NIFTY_ENERGY: 4.83% (UP)
2025-05-11 17:50:18,432 - INFO: NIFTY_FIN_SERVICE: 3.59% (UP)
2025-05-11 17:50:18,432 - INFO: UNKNOWN: 3.40% (UP)
2025-05-11 17:50:18,432 - INFO: NIFTY_METAL: 2.55% (UP)
2025-05-11 17:50:18,433 - INFO: NIFTY_OIL_AND_GAS: 2.39% (UP)
2025-05-11 17:50:18,433 - INFO: NIFTY_PHARMA: 2.26% (UP)
2025-05-11 17:50:18,433 - INFO: NIFTY_HEALTHCARE: 2.13% (UP)
2025-05-11 17:50:18,433 - INFO: NIFTY_PVT_BANK: 2.12% (UP)
2025-05-11 17:50:18,434 - INFO: NIFTY_CONSUMPTION: 1.67% (UP)
2025-05-11 17:50:18,434 - INFO: NIFTY_PSU_BANK: 1.59% (UP)
2025-05-11 17:50:18,434 - INFO: NIFTY_BANK: 1.52% (UP)
2025-05-11 17:50:18,434 - INFO: NIFTY_CONSUMER: 1.42% (UP)
2025-05-11 17:50:18,435 - INFO: NIFTY_AUTO: 0.67% (UP)
2025-05-11 17:50:18,435 - INFO: NIFTY_IT: 0.18% (UP)
2025-05-11 17:50:18,435 - INFO: NIFTY_MEDIA: -1.52% (DOWN)
