2025-04-12 16:49:34,944 - INFO: Starting sector-based stock analysis - 2025-04-12
2025-04-12 17:04:20,504 - ERROR: 404 Client Error: Not Found for url: https://query2.finance.yahoo.com/v10/finance/quoteSummary/BAJAJAUTO.NS?modules=financialData%2CquoteType%2CdefaultKeyStatistics%2CassetProfile%2CsummaryDetail&corsDomain=finance.yahoo.com&formatted=false&symbol=BAJAJAUTO.NS&crumb=dJ6qoTinvV4
2025-04-12 17:04:20,521 - ERROR: 
1 Failed download:
2025-04-12 17:04:20,525 - ERROR: ['BAJAJAUTO.NS']: AttributeError("'NoneType' object has no attribute 'update'")
2025-04-12 17:04:20,557 - WARNING: No meaningful data for BAJAJAUTO.NS
2025-04-12 17:59:18,117 - INFO: Saved agreement report to C:\Users\Rajee\OneDrive\stock\lab\strongtrendz.com-\.vscode\output\arima_lstm_agreement_20250412_175918.csv
2025-04-12 17:59:18,126 - INFO: Saved top picks to C:\Users\Rajee\OneDrive\stock\lab\strongtrendz.com-\.vscode\output\top_picks_20250412_175918.csv
2025-04-12 17:59:18,132 - INFO: Saved sector performance to C:\Users\Rajee\OneDrive\stock\lab\strongtrendz.com-\.vscode\output\sector_performance_20250412_175918.csv
2025-04-12 17:59:18,163 - INFO: Saved consolidated analysis results to C:\Users\Rajee\OneDrive\stock\lab\strongtrendz.com-\.vscode\output\sector_analysis_20250412_175918.json
2025-04-12 17:59:18,180 - INFO: 
--- Analysis Summary ---
2025-04-12 17:59:18,180 - INFO: Total Stocks Analyzed: 140
2025-04-12 17:59:18,181 - INFO: Successfully Analyzed: 140
2025-04-12 17:59:18,181 - INFO: Failed Analyses: 0
2025-04-12 17:59:18,181 - INFO: Stocks with ARIMA-LSTM agreement: 87 (62.1%)
2025-04-12 17:59:18,182 - INFO: Top BUY recommendations: 10
2025-04-12 17:59:18,182 - INFO: Top SELL recommendations: 10
2025-04-12 17:59:18,183 - INFO: 
Sector Performance:
2025-04-12 17:59:18,185 - INFO: NIFTY_IT: 3.87% (UP)
2025-04-12 17:59:18,186 - INFO: NIFTY_REALTY: 2.74% (UP)
2025-04-12 17:59:18,186 - INFO: NIFTY_PSU_BANK: 2.13% (UP)
2025-04-12 17:59:18,187 - INFO: NIFTY_METAL: 2.00% (UP)
2025-04-12 17:59:18,187 - INFO: NIFTY_PHARMA: 1.08% (UP)
2025-04-12 17:59:18,188 - INFO: UNKNOWN: 0.90% (UP)
2025-04-12 17:59:18,188 - INFO: NIFTY_FIN_SERVICE: 0.89% (UP)
2025-04-12 17:59:18,188 - INFO: NIFTY_OIL_AND_GAS: 0.58% (UP)
2025-04-12 17:59:18,189 - INFO: NIFTY_AUTO: 0.27% (UP)
2025-04-12 17:59:18,189 - INFO: NIFTY_PVT_BANK: -0.78% (DOWN)
2025-04-12 17:59:18,189 - INFO: NIFTY_MEDIA: -0.84% (DOWN)
2025-04-12 17:59:18,190 - INFO: NIFTY_ENERGY: -0.87% (DOWN)
2025-04-12 17:59:18,190 - INFO: NIFTY_BANK: -1.00% (DOWN)
2025-04-12 17:59:18,190 - INFO: NIFTY_CONSUMPTION: -2.03% (DOWN)
2025-04-12 17:59:18,191 - INFO: NIFTY_HEALTHCARE: -2.44% (DOWN)
2025-04-12 17:59:18,191 - INFO: NIFTY_CONSUMER: -2.66% (DOWN)
