2025-07-08 21:39:49,602 - INFO: Starting sector-based stock analysis - 2025-07-08
2025-07-08 21:39:49,602 - INFO: Sentiment enhancement: ENABLED
2025-07-08 21:40:18,362 - INFO: Fetched 40 unique articles (RSS: 40, Nuvama: 0)
2025-07-08 21:40:58,479 - WARNING: 5 out of the last 11 calls to <function TensorFlowTrainer.make_predict_function.<locals>.one_step_on_data_distributed at 0x000001A16879F490> triggered tf.function retracing. Tracing is expensive and the excessive number of tracings could be due to (1) creating @tf.function repeatedly in a loop, (2) passing tensors with different shapes, (3) passing Python objects instead of tensors. For (1), please define your @tf.function outside of the loop. For (2), @tf.function has reduce_retracing=True option that can avoid unnecessary retracing. For (3), please refer to https://www.tensorflow.org/guide/function#controlling_retracing and https://www.tensorflow.org/api_docs/python/tf/function for  more details.
2025-07-08 21:40:58,862 - WARNING: 5 out of the last 11 calls to <function TensorFlowTrainer.make_predict_function.<locals>.one_step_on_data_distributed at 0x000001A16879F490> triggered tf.function retracing. Tracing is expensive and the excessive number of tracings could be due to (1) creating @tf.function repeatedly in a loop, (2) passing tensors with different shapes, (3) passing Python objects instead of tensors. For (1), please define your @tf.function outside of the loop. For (2), @tf.function has reduce_retracing=True option that can avoid unnecessary retracing. For (3), please refer to https://www.tensorflow.org/guide/function#controlling_retracing and https://www.tensorflow.org/api_docs/python/tf/function for  more details.
2025-07-08 21:43:38,277 - ERROR: 
1 Failed download:
2025-07-08 21:43:38,277 - ERROR: ['JINDALSTEL']: YFTzMissingError('possibly delisted; no timezone found')
2025-07-08 21:43:38,285 - WARNING: No meaningful data for JINDALSTEL.NS
2025-07-08 21:43:42,225 - ERROR: 
1 Failed download:
2025-07-08 21:43:42,225 - ERROR: ['JSWSTEEL']: YFTzMissingError('possibly delisted; no timezone found')
2025-07-08 21:43:42,243 - WARNING: No meaningful data for JSWSTEEL.NS
2025-07-08 21:43:45,621 - ERROR: 
1 Failed download:
2025-07-08 21:43:45,622 - ERROR: ['HINDCOPPER']: YFTzMissingError('possibly delisted; no timezone found')
2025-07-08 21:43:45,628 - WARNING: No meaningful data for HINDCOPPER.NS
2025-07-08 21:43:53,005 - ERROR: 
1 Failed download:
2025-07-08 21:43:53,005 - ERROR: ['ADANIENT']: YFTzMissingError('possibly delisted; no timezone found')
2025-07-08 21:43:53,016 - WARNING: No meaningful data for ADANIENT.NS
