2025-07-08 21:34:33,812 - INFO: Starting sector-based stock analysis - 2025-07-08
2025-07-08 21:34:33,812 - INFO: Sentiment enhancement: ENABLED
2025-07-08 21:35:03,762 - INFO: Fetched 40 unique articles (RSS: 40, Nuvama: 0)
2025-07-08 21:35:44,981 - WARNING: 5 out of the last 11 calls to <function TensorFlowTrainer.make_predict_function.<locals>.one_step_on_data_distributed at 0x0000027D8ABA3910> triggered tf.function retracing. Tracing is expensive and the excessive number of tracings could be due to (1) creating @tf.function repeatedly in a loop, (2) passing tensors with different shapes, (3) passing Python objects instead of tensors. For (1), please define your @tf.function outside of the loop. For (2), @tf.function has reduce_retracing=True option that can avoid unnecessary retracing. For (3), please refer to https://www.tensorflow.org/guide/function#controlling_retracing and https://www.tensorflow.org/api_docs/python/tf/function for  more details.
2025-07-08 21:35:45,426 - WARNING: 5 out of the last 11 calls to <function TensorFlowTrainer.make_predict_function.<locals>.one_step_on_data_distributed at 0x0000027D8ABA3910> triggered tf.function retracing. Tracing is expensive and the excessive number of tracings could be due to (1) creating @tf.function repeatedly in a loop, (2) passing tensors with different shapes, (3) passing Python objects instead of tensors. For (1), please define your @tf.function outside of the loop. For (2), @tf.function has reduce_retracing=True option that can avoid unnecessary retracing. For (3), please refer to https://www.tensorflow.org/guide/function#controlling_retracing and https://www.tensorflow.org/api_docs/python/tf/function for  more details.
2025-07-08 21:36:22,451 - ERROR: 
1 Failed download:
2025-07-08 21:36:22,451 - ERROR: ['JSL']: YFPricesMissingError('possibly delisted; no price data found  (1d 2023-07-08 00:00:00 -> 2025-07-08 21:36:22.140334)')
2025-07-08 21:36:22,464 - WARNING: No meaningful data for JSL.NS
2025-07-08 21:36:27,874 - ERROR: 
1 Failed download:
2025-07-08 21:36:27,874 - ERROR: ['VEDL']: YFTzMissingError('possibly delisted; no timezone found')
2025-07-08 21:36:27,880 - WARNING: No meaningful data for VEDL.NS
2025-07-08 21:36:33,646 - ERROR: 
1 Failed download:
2025-07-08 21:36:33,646 - ERROR: ['NMDC']: YFPricesMissingError('possibly delisted; no price data found  (1d 2023-07-08 00:00:00 -> 2025-07-08 21:36:33.432443)')
2025-07-08 21:36:33,652 - WARNING: No meaningful data for NMDC.NS
2025-07-08 21:36:35,422 - ERROR: HTTP Error 404: 
2025-07-08 21:36:35,514 - ERROR: 
1 Failed download:
2025-07-08 21:36:35,514 - ERROR: ['APLAPOLLO']: YFTzMissingError('possibly delisted; no timezone found')
2025-07-08 21:36:35,522 - WARNING: No meaningful data for APLAPOLLO.NS
2025-07-08 21:36:37,082 - ERROR: 
1 Failed download:
2025-07-08 21:36:37,082 - ERROR: ['COALINDIA']: YFTzMissingError('possibly delisted; no timezone found')
2025-07-08 21:36:37,099 - WARNING: No meaningful data for COALINDIA.NS
