2025-07-09 22:38:22,391 - INFO: Starting sector-based stock analysis with CONTRARIAN logic - 2025-07-09
2025-07-09 22:38:22,391 - INFO: ARIMA Error Threshold: 30.0%
2025-07-09 22:38:22,391 - INFO: Sentiment enhancement: ENABLED with CONTRARIAN logic
2025-07-09 22:38:46,801 - INFO: Fetched 76 unique articles from RSS + Web
2025-07-09 22:39:23,790 - WARNING: 5 out of the last 11 calls to <function TensorFlowTrainer.make_predict_function.<locals>.one_step_on_data_distributed at 0x00000222E9B16C20> triggered tf.function retracing. Tracing is expensive and the excessive number of tracings could be due to (1) creating @tf.function repeatedly in a loop, (2) passing tensors with different shapes, (3) passing Python objects instead of tensors. For (1), please define your @tf.function outside of the loop. For (2), @tf.function has reduce_retracing=True option that can avoid unnecessary retracing. For (3), please refer to https://www.tensorflow.org/guide/function#controlling_retracing and https://www.tensorflow.org/api_docs/python/tf/function for  more details.
2025-07-09 22:39:24,157 - WARNING: 5 out of the last 11 calls to <function TensorFlowTrainer.make_predict_function.<locals>.one_step_on_data_distributed at 0x00000222E9B16C20> triggered tf.function retracing. Tracing is expensive and the excessive number of tracings could be due to (1) creating @tf.function repeatedly in a loop, (2) passing tensors with different shapes, (3) passing Python objects instead of tensors. For (1), please define your @tf.function outside of the loop. For (2), @tf.function has reduce_retracing=True option that can avoid unnecessary retracing. For (3), please refer to https://www.tensorflow.org/guide/function#controlling_retracing and https://www.tensorflow.org/api_docs/python/tf/function for  more details.
2025-07-09 22:40:03,846 - INFO: Saved agreement report to C:\Users\PC\OneDrive\projects\strongtrendz.com-\output\arima_lstm_agreement_20250709_224003.csv
2025-07-09 22:40:03,852 - INFO: Saved top picks to C:\Users\PC\OneDrive\projects\strongtrendz.com-\output\top_picks_20250709_224003.csv
2025-07-09 22:40:03,858 - INFO: Saved sector performance to C:\Users\PC\OneDrive\projects\strongtrendz.com-\output\sector_performance_20250709_224003.csv
2025-07-09 22:40:03,873 - INFO: Saved consolidated analysis results to C:\Users\PC\OneDrive\projects\strongtrendz.com-\output\sector_analysis_contrarian_20250709_224003.json
2025-07-09 22:40:03,897 - INFO: 
--- Analysis Summary ---
2025-07-09 22:40:03,897 - INFO: Total Stocks Analyzed: 5
2025-07-09 22:40:03,899 - INFO: Successfully Analyzed: 5
2025-07-09 22:40:03,899 - INFO: Failed Analyses: 0
2025-07-09 22:40:03,899 - INFO: Stocks with ARIMA-LSTM agreement: 4 (80.0%)
2025-07-09 22:40:03,899 - INFO: Top BUY recommendations: 3
2025-07-09 22:40:03,899 - INFO: Top SELL recommendations: 1
2025-07-09 22:40:03,899 - INFO: 
Sector Performance:
2025-07-09 22:40:03,899 - INFO: NIFTY_METAL: 1.40% (UP)
