2025-07-06 22:35:23,373 - INFO: Starting sector-based stock analysis - 2025-07-06
2025-07-06 22:35:23,373 - INFO: Sentiment enhancement: ENABLED
2025-07-06 22:35:23,517 - INFO: Loaded LM lexicon from Loughran-McDonald_MasterDictionary_1993-2024.csv
2025-07-06 22:35:23,530 - INFO: Dynamic Sector Sentiment Analyzer initialized
2025-07-06 22:35:23,536 - INFO: Learning enabled: True
2025-07-06 22:35:23,536 - INFO: Sector mappings: 176 stocks
2025-07-06 22:35:23,536 - INFO: Learned sector patterns: 0 sectors
2025-07-06 22:35:42,751 - ERROR: Error analyzing NATIONALUM.NS: 'original_recommendation'
2025-07-06 22:36:02,119 - ERROR: Error analyzing SAIL.NS: 'original_recommendation'
2025-07-06 22:36:24,005 - WARNING: 5 out of the last 11 calls to <function TensorFlowTrainer.make_predict_function.<locals>.one_step_on_data_distributed at 0x000001FFDB8B5E10> triggered tf.function retracing. Tracing is expensive and the excessive number of tracings could be due to (1) creating @tf.function repeatedly in a loop, (2) passing tensors with different shapes, (3) passing Python objects instead of tensors. For (1), please define your @tf.function outside of the loop. For (2), @tf.function has reduce_retracing=True option that can avoid unnecessary retracing. For (3), please refer to https://www.tensorflow.org/guide/function#controlling_retracing and https://www.tensorflow.org/api_docs/python/tf/function for  more details.
2025-07-06 22:36:24,425 - WARNING: 5 out of the last 11 calls to <function TensorFlowTrainer.make_predict_function.<locals>.one_step_on_data_distributed at 0x000001FFDB8B5E10> triggered tf.function retracing. Tracing is expensive and the excessive number of tracings could be due to (1) creating @tf.function repeatedly in a loop, (2) passing tensors with different shapes, (3) passing Python objects instead of tensors. For (1), please define your @tf.function outside of the loop. For (2), @tf.function has reduce_retracing=True option that can avoid unnecessary retracing. For (3), please refer to https://www.tensorflow.org/guide/function#controlling_retracing and https://www.tensorflow.org/api_docs/python/tf/function for  more details.
2025-07-06 22:36:24,783 - ERROR: Error analyzing HINDALCO.NS: 'original_recommendation'
2025-07-06 22:36:42,808 - ERROR: Error analyzing TATASTEEL.NS: 'original_recommendation'
2025-07-06 22:37:04,597 - ERROR: Error analyzing JSL.NS: 'original_recommendation'
2025-07-06 22:37:25,729 - ERROR: Error analyzing VEDL.NS: 'original_recommendation'
2025-07-06 22:37:43,995 - ERROR: Error analyzing NMDC.NS: 'original_recommendation'
2025-07-06 22:38:09,593 - ERROR: Error analyzing APLAPOLLO.NS: 'original_recommendation'
2025-07-06 22:38:29,680 - ERROR: Error analyzing COALINDIA.NS: 'original_recommendation'
2025-07-06 22:38:53,024 - ERROR: Error analyzing JINDALSTEL.NS: 'original_recommendation'
2025-07-06 22:39:16,560 - ERROR: Error analyzing JSWSTEEL.NS: 'original_recommendation'
2025-07-06 22:39:36,336 - ERROR: Error analyzing HINDCOPPER.NS: 'original_recommendation'
