2025-07-09 20:36:41,279 - INFO: Starting sector-based stock analysis with CONTRARIAN logic - 2025-07-09
2025-07-09 20:36:41,279 - INFO: ARIMA Error Threshold: 30.0%
2025-07-09 20:36:41,279 - INFO: Sentiment enhancement: ENABLED with CONTRARIAN logic
2025-07-09 20:36:52,238 - ERROR: HTTP Error 404: 
2025-07-09 20:36:52,664 - ERROR: HTTP Error 404: 
2025-07-09 20:37:05,240 - ERROR: HTTP Error 404: 
2025-07-09 20:37:24,017 - ERROR: HTTP Error 404: 
2025-07-09 20:37:25,070 - ERROR: HTTP Error 404: 
2025-07-09 20:37:47,837 - WARNING: No meaningful data for NATIONALUM.NS
2025-07-09 20:38:05,862 - WARNING: No meaningful data for SAIL.NS
2025-07-09 20:38:26,072 - WARNING: 5 out of the last 11 calls to <function TensorFlowTrainer.make_predict_function.<locals>.one_step_on_data_distributed at 0x000002844E128B80> triggered tf.function retracing. Tracing is expensive and the excessive number of tracings could be due to (1) creating @tf.function repeatedly in a loop, (2) passing tensors with different shapes, (3) passing Python objects instead of tensors. For (1), please define your @tf.function outside of the loop. For (2), @tf.function has reduce_retracing=True option that can avoid unnecessary retracing. For (3), please refer to https://www.tensorflow.org/guide/function#controlling_retracing and https://www.tensorflow.org/api_docs/python/tf/function for  more details.
2025-07-09 20:38:26,503 - WARNING: 5 out of the last 11 calls to <function TensorFlowTrainer.make_predict_function.<locals>.one_step_on_data_distributed at 0x000002844E128B80> triggered tf.function retracing. Tracing is expensive and the excessive number of tracings could be due to (1) creating @tf.function repeatedly in a loop, (2) passing tensors with different shapes, (3) passing Python objects instead of tensors. For (1), please define your @tf.function outside of the loop. For (2), @tf.function has reduce_retracing=True option that can avoid unnecessary retracing. For (3), please refer to https://www.tensorflow.org/guide/function#controlling_retracing and https://www.tensorflow.org/api_docs/python/tf/function for  more details.
2025-07-09 20:38:26,698 - WARNING: No meaningful data for HINDALCO.NS
2025-07-09 20:38:43,220 - WARNING: No meaningful data for TATASTEEL.NS
2025-07-09 20:38:56,703 - ERROR: 
1 Failed download:
2025-07-09 20:38:56,703 - ERROR: ['JSL']: YFPricesMissingError('possibly delisted; no price data found  (1d 2023-07-09 00:00:00 -> 2025-07-09 20:38:56.448964)')
2025-07-09 20:38:56,719 - WARNING: No meaningful data for JSL.NS
2025-07-09 20:38:57,639 - ERROR: 
1 Failed download:
2025-07-09 20:38:57,639 - ERROR: ['VEDL']: YFTzMissingError('possibly delisted; no timezone found')
2025-07-09 20:38:57,655 - WARNING: No meaningful data for VEDL.NS
2025-07-09 20:39:07,250 - ERROR: 
1 Failed download:
2025-07-09 20:39:07,250 - ERROR: ['NMDC']: YFPricesMissingError('possibly delisted; no price data found  (1d 2023-07-09 00:00:00 -> 2025-07-09 20:39:07.050894)')
2025-07-09 20:39:07,260 - WARNING: No meaningful data for NMDC.NS
2025-07-09 20:39:09,659 - ERROR: HTTP Error 404: 
