2025-07-02 21:36:49,455 - INFO: Starting sector-based stock analysis - 2025-07-02
2025-07-02 21:36:49,455 - INFO: Sentiment enhancement: ENABLED
2025-07-02 21:36:59,545 - WARNING: From C:\Users\PC\OneDrive\projects\venv\lib\site-packages\tf_keras\src\losses.py:2976: The name tf.losses.sparse_softmax_cross_entropy is deprecated. Please use tf.compat.v1.losses.sparse_softmax_cross_entropy instead.

2025-07-02 21:37:21,116 - INFO: Saved agreement report to C:\Users\PC\OneDrive\projects\strongtrendz.com-\.vscode\output\arima_lstm_agreement_20250702_213721.csv
2025-07-02 21:37:21,116 - WARNING: No top picks data to save
2025-07-02 21:37:21,128 - INFO: Saved sector performance to C:\Users\PC\OneDrive\projects\strongtrendz.com-\.vscode\output\sector_performance_20250702_213721.csv
2025-07-02 21:37:21,141 - INFO: Saved consolidated analysis results to C:\Users\PC\OneDrive\projects\strongtrendz.com-\.vscode\output\sector_analysis_20250702_213721.json
2025-07-02 21:37:21,145 - INFO: 
--- Analysis Summary ---
2025-07-02 21:37:21,145 - INFO: Total Stocks Analyzed: 1
2025-07-02 21:37:21,145 - INFO: Successfully Analyzed: 1
2025-07-02 21:37:21,145 - INFO: Failed Analyses: 0
2025-07-02 21:37:21,146 - INFO: Stocks with sentiment enhancement: 1 (100.0%)
2025-07-02 21:37:21,146 - INFO: Enhancement Status Breakdown:
2025-07-02 21:37:21,146 - INFO:   TECHNICAL_ONLY: 1
2025-07-02 21:37:21,146 - INFO: Stocks with ARIMA-LSTM agreement: 0 (0.0%)
2025-07-02 21:37:21,146 - INFO: Top BUY recommendations: 0
2025-07-02 21:37:21,147 - INFO: Top SELL recommendations: 0
2025-07-02 21:37:21,147 - INFO: 
Sector Performance:
2025-07-02 21:37:21,147 - INFO: NIFTY_METAL: -0.25% (DOWN)
