2025-08-05 12:30:12,268 - INFO: Starting sector-based stock analysis with CONTRARIAN logic + SHARING - 2025-08-05
2025-08-05 12:30:42,905 - INFO: Fetched 220 unique articles from RSS + Web + Fallback
2025-08-05 12:31:19,626 - INFO: Fetched 220 unique articles from RSS + Web + Fallback
2025-08-05 12:31:42,160 - WARNING: 5 out of the last 11 calls to <function TensorFlowTrainer.make_predict_function.<locals>.one_step_on_data_distributed at 0x000001D653416B00> triggered tf.function retracing. Tracing is expensive and the excessive number of tracings could be due to (1) creating @tf.function repeatedly in a loop, (2) passing tensors with different shapes, (3) passing Python objects instead of tensors. For (1), please define your @tf.function outside of the loop. For (2), @tf.function has reduce_retracing=True option that can avoid unnecessary retracing. For (3), please refer to https://www.tensorflow.org/guide/function#controlling_retracing and https://www.tensorflow.org/api_docs/python/tf/function for  more details.
2025-08-05 12:31:42,600 - WARNING: 5 out of the last 11 calls to <function TensorFlowTrainer.make_predict_function.<locals>.one_step_on_data_distributed at 0x000001D653416B00> triggered tf.function retracing. Tracing is expensive and the excessive number of tracings could be due to (1) creating @tf.function repeatedly in a loop, (2) passing tensors with different shapes, (3) passing Python objects instead of tensors. For (1), please define your @tf.function outside of the loop. For (2), @tf.function has reduce_retracing=True option that can avoid unnecessary retracing. For (3), please refer to https://www.tensorflow.org/guide/function#controlling_retracing and https://www.tensorflow.org/api_docs/python/tf/function for  more details.
2025-08-05 12:31:47,999 - INFO: Fetched 220 unique articles from RSS + Web + Fallback
2025-08-05 12:32:15,385 - INFO: Fetched 220 unique articles from RSS + Web + Fallback
2025-08-05 12:32:47,814 - INFO: Fetched 221 unique articles from RSS + Web + Fallback
2025-08-05 12:33:11,627 - INFO: Fetched 221 unique articles from RSS + Web + Fallback
2025-08-05 12:33:41,058 - INFO: Fetched 221 unique articles from RSS + Web + Fallback
2025-08-05 12:34:09,101 - INFO: Fetched 221 unique articles from RSS + Web + Fallback
2025-08-05 12:34:38,444 - INFO: Fetched 221 unique articles from RSS + Web + Fallback
2025-08-05 12:35:09,782 - INFO: Fetched 221 unique articles from RSS + Web + Fallback
2025-08-05 12:35:38,011 - INFO: Fetched 221 unique articles from RSS + Web + Fallback
2025-08-05 12:36:07,322 - INFO: Fetched 221 unique articles from RSS + Web + Fallback
2025-08-05 12:36:33,779 - INFO: Fetched 221 unique articles from RSS + Web + Fallback
2025-08-05 12:37:02,110 - INFO: Fetched 221 unique articles from RSS + Web + Fallback
2025-08-05 12:37:30,472 - INFO: Fetched 221 unique articles from RSS + Web + Fallback
2025-08-05 12:38:02,152 - INFO: Fetched 221 unique articles from RSS + Web + Fallback
2025-08-05 12:38:30,666 - INFO: Fetched 221 unique articles from RSS + Web + Fallback
2025-08-05 12:39:01,744 - INFO: Fetched 221 unique articles from RSS + Web + Fallback
2025-08-05 12:39:31,527 - INFO: Fetched 221 unique articles from RSS + Web + Fallback
2025-08-05 12:39:57,665 - INFO: Fetched 221 unique articles from RSS + Web + Fallback
2025-08-05 12:40:28,468 - INFO: Fetched 221 unique articles from RSS + Web + Fallback
2025-08-05 12:40:58,478 - INFO: Fetched 221 unique articles from RSS + Web + Fallback
2025-08-05 12:41:26,010 - INFO: Fetched 222 unique articles from RSS + Web + Fallback
2025-08-05 12:41:58,060 - INFO: Fetched 222 unique articles from RSS + Web + Fallback
2025-08-05 12:42:25,678 - INFO: Fetched 222 unique articles from RSS + Web + Fallback
2025-08-05 12:42:55,225 - INFO: Fetched 222 unique articles from RSS + Web + Fallback
2025-08-05 12:43:28,289 - INFO: Fetched 222 unique articles from RSS + Web + Fallback
2025-08-05 12:44:04,734 - INFO: Fetched 222 unique articles from RSS + Web + Fallback
2025-08-05 12:44:31,605 - INFO: Fetched 222 unique articles from RSS + Web + Fallback
2025-08-05 12:45:00,424 - INFO: Fetched 222 unique articles from RSS + Web + Fallback
2025-08-05 12:45:33,273 - INFO: Fetched 223 unique articles from RSS + Web + Fallback
2025-08-05 12:46:03,989 - INFO: Fetched 223 unique articles from RSS + Web + Fallback
2025-08-05 12:46:31,413 - INFO: Fetched 221 unique articles from RSS + Web + Fallback
2025-08-05 12:47:01,527 - INFO: Fetched 221 unique articles from RSS + Web + Fallback
2025-08-05 12:47:25,566 - INFO: Fetched 221 unique articles from RSS + Web + Fallback
2025-08-05 12:47:57,801 - INFO: Fetched 221 unique articles from RSS + Web + Fallback
2025-08-05 12:48:22,075 - INFO: Fetched 221 unique articles from RSS + Web + Fallback
2025-08-05 12:48:51,410 - INFO: Fetched 221 unique articles from RSS + Web + Fallback
2025-08-05 12:49:25,236 - INFO: Fetched 221 unique articles from RSS + Web + Fallback
2025-08-05 12:49:58,784 - INFO: Fetched 220 unique articles from RSS + Web + Fallback
2025-08-05 12:50:29,635 - INFO: Fetched 220 unique articles from RSS + Web + Fallback
2025-08-05 12:51:00,616 - INFO: Fetched 220 unique articles from RSS + Web + Fallback
2025-08-05 12:51:28,377 - INFO: Fetched 220 unique articles from RSS + Web + Fallback
2025-08-05 12:51:52,682 - INFO: Fetched 220 unique articles from RSS + Web + Fallback
2025-08-05 12:52:19,273 - INFO: Fetched 219 unique articles from RSS + Web + Fallback
2025-08-05 12:52:49,301 - INFO: Fetched 219 unique articles from RSS + Web + Fallback
2025-08-05 12:53:19,855 - INFO: Fetched 219 unique articles from RSS + Web + Fallback
2025-08-05 12:53:49,368 - INFO: Fetched 219 unique articles from RSS + Web + Fallback
2025-08-05 12:54:14,324 - INFO: Fetched 219 unique articles from RSS + Web + Fallback
2025-08-05 12:54:47,127 - INFO: Fetched 220 unique articles from RSS + Web + Fallback
2025-08-05 12:55:19,838 - INFO: Fetched 220 unique articles from RSS + Web + Fallback
2025-08-05 12:55:47,039 - INFO: Fetched 220 unique articles from RSS + Web + Fallback
2025-08-05 12:56:12,460 - INFO: Fetched 220 unique articles from RSS + Web + Fallback
2025-08-05 12:56:38,035 - INFO: Fetched 222 unique articles from RSS + Web + Fallback
2025-08-05 12:57:09,236 - INFO: Fetched 222 unique articles from RSS + Web + Fallback
2025-08-05 12:57:45,557 - INFO: Fetched 222 unique articles from RSS + Web + Fallback
2025-08-05 12:58:17,347 - INFO: Fetched 222 unique articles from RSS + Web + Fallback
2025-08-05 12:58:50,837 - INFO: Fetched 222 unique articles from RSS + Web + Fallback
2025-08-05 12:59:20,062 - INFO: Fetched 222 unique articles from RSS + Web + Fallback
2025-08-05 12:59:50,945 - INFO: Fetched 222 unique articles from RSS + Web + Fallback
2025-08-05 13:00:20,525 - INFO: Fetched 221 unique articles from RSS + Web + Fallback
2025-08-05 13:00:52,972 - INFO: Fetched 221 unique articles from RSS + Web + Fallback
2025-08-05 13:01:25,692 - INFO: Fetched 221 unique articles from RSS + Web + Fallback
2025-08-05 13:01:54,622 - INFO: Fetched 220 unique articles from RSS + Web + Fallback
2025-08-05 13:02:20,293 - INFO: Fetched 220 unique articles from RSS + Web + Fallback
2025-08-05 13:02:58,904 - INFO: Fetched 220 unique articles from RSS + Web + Fallback
2025-08-05 13:03:29,233 - INFO: Fetched 220 unique articles from RSS + Web + Fallback
2025-08-05 13:03:58,849 - INFO: Fetched 220 unique articles from RSS + Web + Fallback
2025-08-05 13:04:30,293 - INFO: Fetched 220 unique articles from RSS + Web + Fallback
2025-08-05 13:04:55,935 - INFO: Fetched 220 unique articles from RSS + Web + Fallback
2025-08-05 13:05:20,844 - INFO: Fetched 220 unique articles from RSS + Web + Fallback
2025-08-05 13:05:44,798 - INFO: Fetched 220 unique articles from RSS + Web + Fallback
2025-08-05 13:06:12,062 - INFO: Fetched 220 unique articles from RSS + Web + Fallback
2025-08-05 13:06:41,712 - INFO: Fetched 220 unique articles from RSS + Web + Fallback
2025-08-05 13:07:09,198 - INFO: Fetched 220 unique articles from RSS + Web + Fallback
2025-08-05 13:07:38,414 - INFO: Fetched 221 unique articles from RSS + Web + Fallback
2025-08-05 13:08:08,430 - INFO: Fetched 221 unique articles from RSS + Web + Fallback
2025-08-05 13:08:38,640 - INFO: Fetched 221 unique articles from RSS + Web + Fallback
2025-08-05 13:09:07,786 - INFO: Fetched 221 unique articles from RSS + Web + Fallback
2025-08-05 13:09:32,038 - INFO: Fetched 221 unique articles from RSS + Web + Fallback
2025-08-05 13:10:02,059 - INFO: Fetched 221 unique articles from RSS + Web + Fallback
2025-08-05 13:10:27,770 - INFO: Fetched 221 unique articles from RSS + Web + Fallback
2025-08-05 13:10:53,727 - INFO: Fetched 221 unique articles from RSS + Web + Fallback
2025-08-05 13:11:18,800 - INFO: Fetched 221 unique articles from RSS + Web + Fallback
2025-08-05 13:11:51,368 - INFO: Fetched 221 unique articles from RSS + Web + Fallback
2025-08-05 13:12:21,299 - INFO: Fetched 221 unique articles from RSS + Web + Fallback
2025-08-05 13:12:45,072 - INFO: Fetched 221 unique articles from RSS + Web + Fallback
2025-08-05 13:13:18,654 - INFO: Fetched 222 unique articles from RSS + Web + Fallback
2025-08-05 13:13:46,333 - INFO: Fetched 222 unique articles from RSS + Web + Fallback
2025-08-05 13:14:15,629 - INFO: Fetched 222 unique articles from RSS + Web + Fallback
2025-08-05 13:14:45,643 - INFO: Fetched 222 unique articles from RSS + Web + Fallback
2025-08-05 13:15:22,459 - INFO: Fetched 222 unique articles from RSS + Web + Fallback
2025-08-05 13:15:50,272 - INFO: Fetched 222 unique articles from RSS + Web + Fallback
2025-08-05 13:16:16,816 - INFO: Fetched 222 unique articles from RSS + Web + Fallback
2025-08-05 13:16:46,059 - INFO: Fetched 222 unique articles from RSS + Web + Fallback
2025-08-05 13:17:10,152 - INFO: Fetched 222 unique articles from RSS + Web + Fallback
2025-08-05 13:17:42,568 - INFO: Fetched 223 unique articles from RSS + Web + Fallback
2025-08-05 13:18:16,404 - INFO: Fetched 223 unique articles from RSS + Web + Fallback
2025-08-05 13:18:40,323 - INFO: Fetched 223 unique articles from RSS + Web + Fallback
2025-08-05 13:19:12,527 - INFO: Fetched 223 unique articles from RSS + Web + Fallback
2025-08-05 13:19:42,504 - INFO: Fetched 221 unique articles from RSS + Web + Fallback
2025-08-05 13:20:09,349 - INFO: Fetched 221 unique articles from RSS + Web + Fallback
2025-08-05 13:20:37,603 - INFO: Fetched 221 unique articles from RSS + Web + Fallback
2025-08-05 13:21:00,433 - INFO: Fetched 221 unique articles from RSS + Web + Fallback
2025-08-05 13:21:30,680 - INFO: Fetched 221 unique articles from RSS + Web + Fallback
2025-08-05 13:21:55,401 - INFO: Fetched 221 unique articles from RSS + Web + Fallback
2025-08-05 13:22:25,569 - INFO: Fetched 221 unique articles from RSS + Web + Fallback
2025-08-05 13:22:55,216 - INFO: Fetched 220 unique articles from RSS + Web + Fallback
2025-08-05 13:23:19,348 - INFO: Fetched 221 unique articles from RSS + Web + Fallback
2025-08-05 13:23:51,704 - INFO: Fetched 221 unique articles from RSS + Web + Fallback
2025-08-05 13:24:17,643 - INFO: Fetched 221 unique articles from RSS + Web + Fallback
2025-08-05 13:24:51,246 - INFO: Fetched 221 unique articles from RSS + Web + Fallback
2025-08-05 13:25:21,677 - INFO: Fetched 221 unique articles from RSS + Web + Fallback
2025-08-05 13:25:53,073 - INFO: Fetched 221 unique articles from RSS + Web + Fallback
2025-08-05 13:26:23,792 - INFO: Fetched 220 unique articles from RSS + Web + Fallback
2025-08-05 13:26:52,586 - INFO: Fetched 220 unique articles from RSS + Web + Fallback
2025-08-05 13:27:20,141 - INFO: Fetched 220 unique articles from RSS + Web + Fallback
2025-08-05 13:27:51,262 - INFO: Fetched 220 unique articles from RSS + Web + Fallback
2025-08-05 13:28:19,564 - INFO: Fetched 220 unique articles from RSS + Web + Fallback
2025-08-05 13:28:46,615 - INFO: Fetched 222 unique articles from RSS + Web + Fallback
2025-08-05 13:29:18,574 - INFO: Fetched 222 unique articles from RSS + Web + Fallback
2025-08-05 13:29:47,629 - INFO: Fetched 222 unique articles from RSS + Web + Fallback
2025-08-05 13:30:18,724 - INFO: Fetched 222 unique articles from RSS + Web + Fallback
2025-08-05 13:30:49,190 - INFO: Fetched 221 unique articles from RSS + Web + Fallback
2025-08-05 13:31:18,028 - INFO: Fetched 221 unique articles from RSS + Web + Fallback
2025-08-05 13:31:47,682 - INFO: Fetched 221 unique articles from RSS + Web + Fallback
2025-08-05 13:32:13,091 - INFO: Fetched 221 unique articles from RSS + Web + Fallback
2025-08-05 13:32:38,783 - INFO: Fetched 221 unique articles from RSS + Web + Fallback
2025-08-05 13:33:14,100 - INFO: Fetched 220 unique articles from RSS + Web + Fallback
2025-08-05 13:33:39,794 - INFO: Fetched 220 unique articles from RSS + Web + Fallback
2025-08-05 13:34:05,969 - INFO: Fetched 221 unique articles from RSS + Web + Fallback
2025-08-05 13:34:39,587 - INFO: Fetched 220 unique articles from RSS + Web + Fallback
2025-08-05 13:35:13,220 - INFO: Fetched 227 unique articles from RSS + Web + Fallback
2025-08-05 13:35:46,453 - INFO: Fetched 221 unique articles from RSS + Web + Fallback
2025-08-05 13:36:16,694 - INFO: Fetched 221 unique articles from RSS + Web + Fallback
2025-08-05 13:36:45,580 - INFO: Fetched 221 unique articles from RSS + Web + Fallback
2025-08-05 13:37:11,803 - INFO: Fetched 221 unique articles from RSS + Web + Fallback
2025-08-05 13:37:42,787 - INFO: Fetched 221 unique articles from RSS + Web + Fallback
2025-08-05 13:38:12,648 - INFO: Fetched 221 unique articles from RSS + Web + Fallback
2025-08-05 13:38:42,528 - INFO: Fetched 221 unique articles from RSS + Web + Fallback
2025-08-05 13:39:11,459 - INFO: Fetched 221 unique articles from RSS + Web + Fallback
2025-08-05 13:39:43,842 - INFO: Fetched 221 unique articles from RSS + Web + Fallback
2025-08-05 13:40:11,735 - INFO: Fetched 221 unique articles from RSS + Web + Fallback
2025-08-05 13:40:41,659 - INFO: Fetched 221 unique articles from RSS + Web + Fallback
2025-08-05 13:41:04,970 - INFO: Fetched 220 unique articles from RSS + Web + Fallback
2025-08-05 13:41:34,086 - INFO: Fetched 220 unique articles from RSS + Web + Fallback
2025-08-05 13:41:58,009 - INFO: Fetched 220 unique articles from RSS + Web + Fallback
2025-08-05 13:42:28,473 - INFO: Fetched 220 unique articles from RSS + Web + Fallback
2025-08-05 13:42:53,372 - INFO: Fetched 220 unique articles from RSS + Web + Fallback
2025-08-05 13:43:23,508 - INFO: Fetched 221 unique articles from RSS + Web + Fallback
2025-08-05 13:43:55,940 - INFO: Fetched 221 unique articles from RSS + Web + Fallback
2025-08-05 13:44:20,115 - INFO: Fetched 221 unique articles from RSS + Web + Fallback
2025-08-05 13:44:45,044 - INFO: Fetched 221 unique articles from RSS + Web + Fallback
2025-08-05 13:45:20,420 - INFO: Fetched 221 unique articles from RSS + Web + Fallback
2025-08-05 13:45:47,148 - INFO: Fetched 221 unique articles from RSS + Web + Fallback
2025-08-05 13:46:15,267 - INFO: Fetched 222 unique articles from RSS + Web + Fallback
2025-08-05 13:46:43,457 - INFO: Fetched 222 unique articles from RSS + Web + Fallback
2025-08-05 13:47:06,865 - INFO: Fetched 222 unique articles from RSS + Web + Fallback
2025-08-05 13:47:38,717 - INFO: Fetched 223 unique articles from RSS + Web + Fallback
2025-08-05 13:48:10,114 - INFO: Fetched 223 unique articles from RSS + Web + Fallback
2025-08-05 13:48:43,346 - INFO: Fetched 223 unique articles from RSS + Web + Fallback
2025-08-05 13:49:09,523 - INFO: Fetched 223 unique articles from RSS + Web + Fallback
2025-08-05 13:49:40,603 - INFO: Fetched 222 unique articles from RSS + Web + Fallback
2025-08-05 13:50:05,012 - INFO: Fetched 222 unique articles from RSS + Web + Fallback
2025-08-05 13:50:34,209 - INFO: Fetched 221 unique articles from RSS + Web + Fallback
2025-08-05 13:50:58,699 - INFO: Fetched 221 unique articles from RSS + Web + Fallback
2025-08-05 13:51:24,424 - INFO: Fetched 221 unique articles from RSS + Web + Fallback
2025-08-05 13:51:54,080 - INFO: Fetched 221 unique articles from RSS + Web + Fallback
2025-08-05 13:52:25,166 - INFO: Fetched 221 unique articles from RSS + Web + Fallback
2025-08-05 13:52:54,900 - INFO: Fetched 221 unique articles from RSS + Web + Fallback
2025-08-05 13:53:21,458 - INFO: Fetched 221 unique articles from RSS + Web + Fallback
2025-08-05 13:53:59,641 - INFO: Fetched 221 unique articles from RSS + Web + Fallback
2025-08-05 13:54:28,475 - INFO: Fetched 221 unique articles from RSS + Web + Fallback
2025-08-05 13:54:53,235 - INFO: Fetched 221 unique articles from RSS + Web + Fallback
2025-08-05 13:55:22,948 - INFO: Fetched 221 unique articles from RSS + Web + Fallback
2025-08-05 13:55:50,425 - INFO: Fetched 221 unique articles from RSS + Web + Fallback
2025-08-05 13:56:21,243 - INFO: Fetched 221 unique articles from RSS + Web + Fallback
2025-08-05 13:56:52,451 - INFO: Fetched 220 unique articles from RSS + Web + Fallback
2025-08-05 13:57:24,589 - INFO: Fetched 221 unique articles from RSS + Web + Fallback
2025-08-05 14:00:04,942 - INFO: Fetched 221 unique articles from RSS + Web + Fallback
2025-08-05 14:00:34,017 - INFO: Fetched 221 unique articles from RSS + Web + Fallback
2025-08-05 14:01:04,164 - INFO: Fetched 221 unique articles from RSS + Web + Fallback
2025-08-05 14:01:27,191 - INFO: Fetched 221 unique articles from RSS + Web + Fallback
2025-08-05 14:01:58,653 - INFO: Fetched 221 unique articles from RSS + Web + Fallback
2025-08-05 14:02:23,996 - INFO: Fetched 221 unique articles from RSS + Web + Fallback
2025-08-05 14:02:52,010 - INFO: Fetched 221 unique articles from RSS + Web + Fallback
2025-08-05 14:03:32,611 - INFO: Fetched 221 unique articles from RSS + Web + Fallback
2025-08-05 14:04:04,070 - INFO: Fetched 221 unique articles from RSS + Web + Fallback
2025-08-05 14:04:32,696 - INFO: Fetched 221 unique articles from RSS + Web + Fallback
2025-08-05 14:05:06,032 - INFO: Fetched 221 unique articles from RSS + Web + Fallback
2025-08-05 14:05:30,922 - INFO: Fetched 221 unique articles from RSS + Web + Fallback
2025-08-05 14:06:04,818 - INFO: Fetched 220 unique articles from RSS + Web + Fallback
2025-08-05 14:06:36,121 - INFO: Fetched 220 unique articles from RSS + Web + Fallback
2025-08-05 14:07:03,711 - INFO: Fetched 220 unique articles from RSS + Web + Fallback
2025-08-05 14:07:33,746 - INFO: Fetched 220 unique articles from RSS + Web + Fallback
2025-08-05 14:08:16,016 - INFO: Fetched 220 unique articles from RSS + Web + Fallback
2025-08-05 14:08:44,593 - INFO: Fetched 220 unique articles from RSS + Web + Fallback
2025-08-05 14:09:15,638 - INFO: Fetched 220 unique articles from RSS + Web + Fallback
2025-08-05 14:09:42,169 - INFO: Fetched 220 unique articles from RSS + Web + Fallback
2025-08-05 14:10:15,745 - INFO: Fetched 220 unique articles from RSS + Web + Fallback
2025-08-05 14:10:47,201 - INFO: Fetched 220 unique articles from RSS + Web + Fallback
2025-08-05 14:11:15,362 - INFO: Fetched 220 unique articles from RSS + Web + Fallback
2025-08-05 14:11:44,692 - INFO: Fetched 220 unique articles from RSS + Web + Fallback
2025-08-05 14:12:14,113 - INFO: Fetched 220 unique articles from RSS + Web + Fallback
2025-08-05 14:12:39,732 - INFO: Fetched 219 unique articles from RSS + Web + Fallback
2025-08-05 14:13:09,972 - INFO: Fetched 219 unique articles from RSS + Web + Fallback
2025-08-05 14:13:37,614 - INFO: Fetched 219 unique articles from RSS + Web + Fallback
2025-08-05 14:13:54,459 - INFO: Fetched 218 unique articles from RSS + Web + Fallback
2025-08-05 14:14:23,521 - INFO: Fetched 218 unique articles from RSS + Web + Fallback
2025-08-05 14:14:57,400 - INFO: Fetched 220 unique articles from RSS + Web + Fallback
2025-08-05 14:15:29,168 - INFO: Fetched 220 unique articles from RSS + Web + Fallback
2025-08-05 14:15:58,611 - INFO: Fetched 220 unique articles from RSS + Web + Fallback
2025-08-05 14:16:30,431 - INFO: Fetched 220 unique articles from RSS + Web + Fallback
2025-08-05 14:17:01,508 - INFO: Fetched 220 unique articles from RSS + Web + Fallback
2025-08-05 14:17:26,907 - INFO: Fetched 220 unique articles from RSS + Web + Fallback
2025-08-05 18:44:05,329 - INFO: Fetched 199 unique articles from RSS + Web + Fallback
2025-08-05 18:44:41,773 - INFO: Fetched 216 unique articles from RSS + Web + Fallback
2025-08-05 18:45:08,772 - INFO: Fetched 216 unique articles from RSS + Web + Fallback
2025-08-05 18:45:42,078 - INFO: Fetched 216 unique articles from RSS + Web + Fallback
2025-08-05 18:46:22,544 - INFO: Fetched 217 unique articles from RSS + Web + Fallback
2025-08-05 18:46:51,605 - INFO: Fetched 217 unique articles from RSS + Web + Fallback
2025-08-05 18:47:20,821 - INFO: Fetched 217 unique articles from RSS + Web + Fallback
2025-08-05 18:48:02,991 - INFO: Fetched 217 unique articles from RSS + Web + Fallback
2025-08-05 18:48:39,494 - INFO: Fetched 216 unique articles from RSS + Web + Fallback
2025-08-05 18:48:40,843 - INFO: Saved consolidated analysis results to C:\Users\PC\OneDrive\projects\strongtrendz.com-\output\sector_analysis_contrarian_20250805_184840.json
2025-08-06 20:45:59,879 - INFO: 
--- Analysis Summary ---
2025-08-06 20:45:59,882 - INFO: Total Stocks Analyzed: 224
2025-08-06 20:45:59,882 - INFO: Successfully Analyzed: 224
2025-08-06 20:45:59,882 - INFO: Failed Analyses: 0
2025-08-06 20:45:59,882 - INFO: Stocks with ARIMA-LSTM agreement: 134 (59.8%)
2025-08-06 20:45:59,882 - INFO: Top BUY recommendations: 10
2025-08-06 20:45:59,882 - INFO: Top SELL recommendations: 10
