2025-07-09 20:01:12,064 - INFO: Starting sector-based stock analysis with CONTRARIAN logic - 2025-07-09
2025-07-09 20:01:12,064 - INFO: ARIMA Error Threshold: 30.0%
2025-07-09 20:01:12,064 - INFO: Sentiment enhancement: ENABLED with CONTRARIAN logic
2025-07-09 20:01:41,929 - WARNING: MoneyControl web scraping failed: 403 Client Error: Forbidden for url: https://www.moneycontrol.com/news/business/markets/
2025-07-09 20:01:42,017 - INFO: Fetched 120 unique articles from RSS + Web
2025-07-09 20:02:18,501 - WARNING: 5 out of the last 11 calls to <function TensorFlowTrainer.make_predict_function.<locals>.one_step_on_data_distributed at 0x000001E43C20AB00> triggered tf.function retracing. Tracing is expensive and the excessive number of tracings could be due to (1) creating @tf.function repeatedly in a loop, (2) passing tensors with different shapes, (3) passing Python objects instead of tensors. For (1), please define your @tf.function outside of the loop. For (2), @tf.function has reduce_retracing=True option that can avoid unnecessary retracing. For (3), please refer to https://www.tensorflow.org/guide/function#controlling_retracing and https://www.tensorflow.org/api_docs/python/tf/function for  more details.
2025-07-09 20:02:18,895 - WARNING: 5 out of the last 11 calls to <function TensorFlowTrainer.make_predict_function.<locals>.one_step_on_data_distributed at 0x000001E43C20AB00> triggered tf.function retracing. Tracing is expensive and the excessive number of tracings could be due to (1) creating @tf.function repeatedly in a loop, (2) passing tensors with different shapes, (3) passing Python objects instead of tensors. For (1), please define your @tf.function outside of the loop. For (2), @tf.function has reduce_retracing=True option that can avoid unnecessary retracing. For (3), please refer to https://www.tensorflow.org/guide/function#controlling_retracing and https://www.tensorflow.org/api_docs/python/tf/function for  more details.
2025-07-09 20:04:40,064 - INFO: Saved agreement report to C:\Users\PC\OneDrive\projects\strongtrendz.com-\output\arima_lstm_agreement_20250709_200440.csv
2025-07-09 20:04:40,068 - INFO: Saved top picks to C:\Users\PC\OneDrive\projects\strongtrendz.com-\output\top_picks_20250709_200440.csv
2025-07-09 20:04:40,068 - INFO: Saved sector performance to C:\Users\PC\OneDrive\projects\strongtrendz.com-\output\sector_performance_20250709_200440.csv
2025-07-09 20:04:40,085 - INFO: Saved consolidated analysis results to C:\Users\PC\OneDrive\projects\strongtrendz.com-\output\sector_analysis_contrarian_20250709_200440.json
2025-07-09 20:04:40,117 - INFO: 
--- Analysis Summary ---
2025-07-09 20:04:40,118 - INFO: Total Stocks Analyzed: 10
2025-07-09 20:04:40,119 - INFO: Successfully Analyzed: 10
2025-07-09 20:04:40,119 - INFO: Failed Analyses: 0
2025-07-09 20:04:40,119 - INFO: Stocks with ARIMA-LSTM agreement: 7 (70.0%)
2025-07-09 20:04:40,119 - INFO: Top BUY recommendations: 6
2025-07-09 20:04:40,119 - INFO: Top SELL recommendations: 1
2025-07-09 20:04:40,119 - INFO: 
Sector Performance:
2025-07-09 20:04:40,119 - INFO: NIFTY_METAL: 1.23% (UP)
