2025-07-09 23:34:26,190 - INFO: Starting sector-based stock analysis with CONTRARIAN logic - 2025-07-09
2025-07-09 23:34:26,190 - INFO: ARIMA Error Threshold: 30.0%
2025-07-09 23:34:26,190 - INFO: Sentiment enhancement: ENABLED with CONTRARIAN logic
2025-07-09 23:34:50,063 - INFO: Fetched 76 unique articles from RSS + Web
2025-07-09 23:35:27,987 - WARNING: 5 out of the last 11 calls to <function TensorFlowTrainer.make_predict_function.<locals>.one_step_on_data_distributed at 0x0000022EF8657C70> triggered tf.function retracing. Tracing is expensive and the excessive number of tracings could be due to (1) creating @tf.function repeatedly in a loop, (2) passing tensors with different shapes, (3) passing Python objects instead of tensors. For (1), please define your @tf.function outside of the loop. For (2), @tf.function has reduce_retracing=True option that can avoid unnecessary retracing. For (3), please refer to https://www.tensorflow.org/guide/function#controlling_retracing and https://www.tensorflow.org/api_docs/python/tf/function for  more details.
2025-07-09 23:35:28,381 - WARNING: 5 out of the last 11 calls to <function TensorFlowTrainer.make_predict_function.<locals>.one_step_on_data_distributed at 0x0000022EF8657C70> triggered tf.function retracing. Tracing is expensive and the excessive number of tracings could be due to (1) creating @tf.function repeatedly in a loop, (2) passing tensors with different shapes, (3) passing Python objects instead of tensors. For (1), please define your @tf.function outside of the loop. For (2), @tf.function has reduce_retracing=True option that can avoid unnecessary retracing. For (3), please refer to https://www.tensorflow.org/guide/function#controlling_retracing and https://www.tensorflow.org/api_docs/python/tf/function for  more details.
2025-07-09 23:37:49,755 - INFO: Saved agreement report to C:\Users\PC\OneDrive\projects\strongtrendz.com-\output\arima_lstm_agreement_20250709_233749.csv
2025-07-09 23:37:49,764 - INFO: Saved top picks to C:\Users\PC\OneDrive\projects\strongtrendz.com-\output\top_picks_20250709_233749.csv
2025-07-09 23:37:49,768 - INFO: Saved sector performance to C:\Users\PC\OneDrive\projects\strongtrendz.com-\output\sector_performance_20250709_233749.csv
2025-07-09 23:37:49,788 - INFO: Saved consolidated analysis results to C:\Users\PC\OneDrive\projects\strongtrendz.com-\output\sector_analysis_contrarian_20250709_233749.json
2025-07-09 23:37:49,821 - INFO: 
--- Analysis Summary ---
2025-07-09 23:37:49,822 - INFO: Total Stocks Analyzed: 10
2025-07-09 23:37:49,822 - INFO: Successfully Analyzed: 10
2025-07-09 23:37:49,822 - INFO: Failed Analyses: 0
2025-07-09 23:37:49,823 - INFO: Stocks with ARIMA-LSTM agreement: 6 (60.0%)
2025-07-09 23:37:49,827 - INFO: Top BUY recommendations: 5
2025-07-09 23:37:49,829 - INFO: Top SELL recommendations: 1
2025-07-09 23:37:49,829 - INFO: 
Sector Performance:
2025-07-09 23:37:49,830 - INFO: NIFTY_METAL: 1.03% (UP)
