2025-07-09 18:04:01,834 - INFO: Starting sector-based stock analysis - 2025-07-09
2025-07-09 18:04:01,834 - INFO: Sentiment enhancement: ENABLED
2025-07-09 18:04:13,781 - ERROR: HTTP Error 404: 
2025-07-09 18:04:14,208 - ERROR: HTTP Error 404: 
2025-07-09 18:04:28,891 - ERROR: HTTP Error 404: 
2025-07-09 18:04:52,172 - ERROR: HTTP Error 404: 
2025-07-09 18:04:53,095 - ERROR: HTTP Error 404: 
2025-07-09 18:05:30,721 - INFO: Fetched 120 unique articles from RSS + Web
2025-07-09 18:06:06,420 - WARNING: 5 out of the last 11 calls to <function TensorFlowTrainer.make_predict_function.<locals>.one_step_on_data_distributed at 0x000001C16FF57C70> triggered tf.function retracing. Tracing is expensive and the excessive number of tracings could be due to (1) creating @tf.function repeatedly in a loop, (2) passing tensors with different shapes, (3) passing Python objects instead of tensors. For (1), please define your @tf.function outside of the loop. For (2), @tf.function has reduce_retracing=True option that can avoid unnecessary retracing. For (3), please refer to https://www.tensorflow.org/guide/function#controlling_retracing and https://www.tensorflow.org/api_docs/python/tf/function for  more details.
2025-07-09 18:06:06,802 - WARNING: 5 out of the last 11 calls to <function TensorFlowTrainer.make_predict_function.<locals>.one_step_on_data_distributed at 0x000001C16FF57C70> triggered tf.function retracing. Tracing is expensive and the excessive number of tracings could be due to (1) creating @tf.function repeatedly in a loop, (2) passing tensors with different shapes, (3) passing Python objects instead of tensors. For (1), please define your @tf.function outside of the loop. For (2), @tf.function has reduce_retracing=True option that can avoid unnecessary retracing. For (3), please refer to https://www.tensorflow.org/guide/function#controlling_retracing and https://www.tensorflow.org/api_docs/python/tf/function for  more details.
2025-07-09 18:07:06,092 - ERROR: 
1 Failed download:
2025-07-09 18:07:06,092 - ERROR: ['VEDL']: YFTzMissingError('possibly delisted; no timezone found')
2025-07-09 18:07:06,106 - WARNING: No meaningful data for VEDL.NS
2025-07-09 18:07:07,560 - ERROR: 
1 Failed download:
2025-07-09 18:07:07,560 - ERROR: ['NMDC']: YFPricesMissingError('possibly delisted; no price data found  (1d 2023-07-09 00:00:00 -> 2025-07-09 18:07:07.293366)')
2025-07-09 18:07:07,560 - WARNING: No meaningful data for NMDC.NS
2025-07-09 18:07:10,583 - ERROR: HTTP Error 404: 
2025-07-09 18:07:10,680 - ERROR: 
1 Failed download:
2025-07-09 18:07:10,680 - ERROR: ['APLAPOLLO']: YFTzMissingError('possibly delisted; no timezone found')
2025-07-09 18:07:10,689 - WARNING: No meaningful data for APLAPOLLO.NS
2025-07-09 18:07:12,059 - ERROR: 
1 Failed download:
2025-07-09 18:07:12,059 - ERROR: ['COALINDIA']: YFTzMissingError('possibly delisted; no timezone found')
2025-07-09 18:07:12,068 - WARNING: No meaningful data for COALINDIA.NS
2025-07-09 18:07:13,550 - ERROR: 
1 Failed download:
2025-07-09 18:07:13,551 - ERROR: ['JINDALSTEL']: YFTzMissingError('possibly delisted; no timezone found')
2025-07-09 18:07:13,575 - WARNING: No meaningful data for JINDALSTEL.NS
