2025-07-10 07:03:24,031 - INFO: Starting sector-based stock analysis with CONTRARIAN logic - 2025-07-10
2025-07-10 07:03:24,032 - INFO: ARIMA Error Threshold: 30.0%
2025-07-10 07:03:24,032 - INFO: Sentiment enhancement: ENABLED with CONTRARIAN logic
2025-07-10 07:03:50,635 - INFO: Fetched 121 unique articles from RSS + Web + Fallback
2025-07-10 07:04:28,032 - WARNING: 5 out of the last 11 calls to <function TensorFlowTrainer.make_predict_function.<locals>.one_step_on_data_distributed at 0x000001AECED14790> triggered tf.function retracing. Tracing is expensive and the excessive number of tracings could be due to (1) creating @tf.function repeatedly in a loop, (2) passing tensors with different shapes, (3) passing Python objects instead of tensors. For (1), please define your @tf.function outside of the loop. For (2), @tf.function has reduce_retracing=True option that can avoid unnecessary retracing. For (3), please refer to https://www.tensorflow.org/guide/function#controlling_retracing and https://www.tensorflow.org/api_docs/python/tf/function for  more details.
2025-07-10 07:04:28,461 - WARNING: 5 out of the last 11 calls to <function TensorFlowTrainer.make_predict_function.<locals>.one_step_on_data_distributed at 0x000001AECED14790> triggered tf.function retracing. Tracing is expensive and the excessive number of tracings could be due to (1) creating @tf.function repeatedly in a loop, (2) passing tensors with different shapes, (3) passing Python objects instead of tensors. For (1), please define your @tf.function outside of the loop. For (2), @tf.function has reduce_retracing=True option that can avoid unnecessary retracing. For (3), please refer to https://www.tensorflow.org/guide/function#controlling_retracing and https://www.tensorflow.org/api_docs/python/tf/function for  more details.
2025-07-10 07:06:42,208 - INFO: Saved agreement report to C:\Users\PC\OneDrive\projects\strongtrendz.com-\output\arima_lstm_agreement_20250710_070642.csv
2025-07-10 07:06:42,208 - INFO: Saved top picks to C:\Users\PC\OneDrive\projects\strongtrendz.com-\output\top_picks_20250710_070642.csv
2025-07-10 07:06:42,208 - INFO: Saved sector performance to C:\Users\PC\OneDrive\projects\strongtrendz.com-\output\sector_performance_20250710_070642.csv
2025-07-10 07:06:42,224 - INFO: Saved consolidated analysis results to C:\Users\PC\OneDrive\projects\strongtrendz.com-\output\sector_analysis_contrarian_20250710_070642.json
2025-07-10 07:06:42,240 - INFO: 
--- Analysis Summary ---
2025-07-10 07:06:42,240 - INFO: Total Stocks Analyzed: 10
2025-07-10 07:06:42,240 - INFO: Successfully Analyzed: 10
2025-07-10 07:06:42,240 - INFO: Failed Analyses: 0
2025-07-10 07:06:42,240 - INFO: Stocks with sentiment enhancement: 1 (10.0%)
2025-07-10 07:06:42,240 - INFO: Stocks with contrarian logic applied: 0 (0.0%)
2025-07-10 07:06:42,240 - INFO: Enhancement Status Breakdown:
2025-07-10 07:06:42,240 - INFO:   INSUFFICIENT_NEWS: 9
2025-07-10 07:06:42,240 - INFO:   LOW_SENTIMENT_CONFIDENCE: 1
2025-07-10 07:06:42,240 - INFO: Stocks with ARIMA-LSTM agreement: 6 (60.0%)
2025-07-10 07:06:42,240 - INFO: Top BUY recommendations: 6
2025-07-10 07:06:42,240 - INFO: Top SELL recommendations: 0
2025-07-10 07:06:42,240 - INFO: 
Sector Performance:
2025-07-10 07:06:42,240 - INFO: NIFTY_METAL: 1.10% (UP)
