2025-04-15 18:27:54,320 - INFO: Starting sector-based stock analysis - 2025-04-15
2025-04-15 18:42:56,027 - ERROR: 404 Client Error: Not Found for url: https://query2.finance.yahoo.com/v10/finance/quoteSummary/BAJAJAUTO.NS?modules=financialData%2CquoteType%2CdefaultKeyStatistics%2CassetProfile%2CsummaryDetail&corsDomain=finance.yahoo.com&formatted=false&symbol=BAJAJAUTO.NS&crumb=cStnqkhuYaS
2025-04-15 18:42:56,041 - ERROR: 
1 Failed download:
2025-04-15 18:42:56,042 - ERROR: ['BAJAJAUTO.NS']: AttributeError("'NoneType' object has no attribute 'update'")
2025-04-15 18:42:56,053 - WARNING: No meaningful data for BAJAJAUTO.NS
2025-04-15 19:39:48,166 - INFO: Saved agreement report to C:\Users\Rajee\OneDrive\stock\lab\strongtrendz.com-\.vscode\output\arima_lstm_agreement_20250415_193948.csv
2025-04-15 19:39:48,176 - INFO: Saved top picks to C:\Users\Rajee\OneDrive\stock\lab\strongtrendz.com-\.vscode\output\top_picks_20250415_193948.csv
2025-04-15 19:39:48,181 - INFO: Saved sector performance to C:\Users\Rajee\OneDrive\stock\lab\strongtrendz.com-\.vscode\output\sector_performance_20250415_193948.csv
2025-04-15 19:39:48,223 - INFO: Saved consolidated analysis results to C:\Users\Rajee\OneDrive\stock\lab\strongtrendz.com-\.vscode\output\sector_analysis_20250415_193948.json
2025-04-15 19:39:48,238 - INFO: 
--- Analysis Summary ---
2025-04-15 19:39:48,239 - INFO: Total Stocks Analyzed: 140
2025-04-15 19:39:48,239 - INFO: Successfully Analyzed: 140
2025-04-15 19:39:48,240 - INFO: Failed Analyses: 0
2025-04-15 19:39:48,240 - INFO: Stocks with ARIMA-LSTM agreement: 100 (71.4%)
2025-04-15 19:39:48,241 - INFO: Top BUY recommendations: 3
2025-04-15 19:39:48,241 - INFO: Top SELL recommendations: 10
2025-04-15 19:39:48,242 - INFO: 
Sector Performance:
2025-04-15 19:39:48,242 - INFO: NIFTY_IT: -1.24% (DOWN)
2025-04-15 19:39:48,243 - INFO: NIFTY_PSU_BANK: -1.53% (DOWN)
2025-04-15 19:39:48,243 - INFO: NIFTY_HEALTHCARE: -2.11% (DOWN)
2025-04-15 19:39:48,244 - INFO: NIFTY_OIL_AND_GAS: -2.14% (DOWN)
2025-04-15 19:39:48,244 - INFO: NIFTY_CONSUMER: -2.48% (DOWN)
2025-04-15 19:39:48,244 - INFO: UNKNOWN: -2.75% (DOWN)
2025-04-15 19:39:48,245 - INFO: NIFTY_FIN_SERVICE: -2.95% (DOWN)
2025-04-15 19:39:48,245 - INFO: NIFTY_PHARMA: -3.07% (DOWN)
2025-04-15 19:39:48,245 - INFO: NIFTY_CONSUMPTION: -3.13% (DOWN)
2025-04-15 19:39:48,245 - INFO: NIFTY_ENERGY: -3.17% (DOWN)
2025-04-15 19:39:48,246 - INFO: NIFTY_METAL: -3.45% (DOWN)
2025-04-15 19:39:48,246 - INFO: NIFTY_BANK: -3.87% (DOWN)
2025-04-15 19:39:48,246 - INFO: NIFTY_PVT_BANK: -4.14% (DOWN)
2025-04-15 19:39:48,247 - INFO: NIFTY_AUTO: -4.49% (DOWN)
2025-04-15 19:39:48,247 - INFO: NIFTY_MEDIA: -4.50% (DOWN)
2025-04-15 19:39:48,248 - INFO: NIFTY_REALTY: -4.56% (DOWN)
