2025-07-08 20:51:12,685 - INFO: Starting sector-based stock analysis - 2025-07-08
2025-07-08 20:51:12,685 - INFO: Sentiment enhancement: ENABLED
2025-07-08 20:51:37,761 - INFO: Fetched 5 news articles
2025-07-08 20:52:16,837 - WARNING: 5 out of the last 11 calls to <function TensorFlowTrainer.make_predict_function.<locals>.one_step_on_data_distributed at 0x000001731B045630> triggered tf.function retracing. Tracing is expensive and the excessive number of tracings could be due to (1) creating @tf.function repeatedly in a loop, (2) passing tensors with different shapes, (3) passing Python objects instead of tensors. For (1), please define your @tf.function outside of the loop. For (2), @tf.function has reduce_retracing=True option that can avoid unnecessary retracing. For (3), please refer to https://www.tensorflow.org/guide/function#controlling_retracing and https://www.tensorflow.org/api_docs/python/tf/function for  more details.
2025-07-08 20:52:17,261 - WARNING: 5 out of the last 11 calls to <function TensorFlowTrainer.make_predict_function.<locals>.one_step_on_data_distributed at 0x000001731B045630> triggered tf.function retracing. Tracing is expensive and the excessive number of tracings could be due to (1) creating @tf.function repeatedly in a loop, (2) passing tensors with different shapes, (3) passing Python objects instead of tensors. For (1), please define your @tf.function outside of the loop. For (2), @tf.function has reduce_retracing=True option that can avoid unnecessary retracing. For (3), please refer to https://www.tensorflow.org/guide/function#controlling_retracing and https://www.tensorflow.org/api_docs/python/tf/function for  more details.
2025-07-08 20:55:14,145 - ERROR: 
1 Failed download:
2025-07-08 20:55:14,145 - ERROR: ['HINDCOPPER']: YFTzMissingError('possibly delisted; no timezone found')
2025-07-08 20:55:14,176 - WARNING: No meaningful data for HINDCOPPER.NS
2025-07-08 20:55:20,547 - ERROR: 
1 Failed download:
2025-07-08 20:55:20,547 - ERROR: ['ADANIENT']: YFTzMissingError('possibly delisted; no timezone found')
2025-07-08 20:55:20,563 - WARNING: No meaningful data for ADANIENT.NS
2025-07-08 20:55:30,013 - ERROR: 
1 Failed download:
2025-07-08 20:55:30,013 - ERROR: ['BATAINDIA']: YFTzMissingError('possibly delisted; no timezone found')
2025-07-08 20:55:30,016 - WARNING: No meaningful data for BATAINDIA.NS
2025-07-08 20:55:47,487 - ERROR: 
1 Failed download:
2025-07-08 20:55:47,488 - ERROR: ['TITAN']: YFTzMissingError('possibly delisted; no timezone found')
2025-07-08 20:55:47,506 - WARNING: No meaningful data for TITAN.NS
2025-07-08 20:55:48,529 - ERROR: 
1 Failed download:
2025-07-08 20:55:48,529 - ERROR: ['HAVELLS']: YFTzMissingError('possibly delisted; no timezone found')
2025-07-08 20:55:48,534 - WARNING: No meaningful data for HAVELLS.NS
