2025-07-09 23:29:28,649 - INFO: Starting sector-based stock analysis with CONTRARIAN logic - 2025-07-09
2025-07-09 23:29:28,650 - INFO: ARIMA Error Threshold: 30.0%
2025-07-09 23:29:28,651 - INFO: Sentiment enhancement: ENABLED with CONTRARIAN logic
2025-07-09 23:29:38,605 - ERROR: HTTP Error 404: 
2025-07-09 23:29:38,990 - ERROR: HTTP Error 404: 
2025-07-09 23:29:50,559 - ERROR: HTTP Error 404: 
2025-07-09 23:30:09,168 - ERROR: HTTP Error 404: 
2025-07-09 23:30:10,110 - ERROR: HTTP Error 404: 
2025-07-09 23:30:36,705 - INFO: Fetched 76 unique articles from RSS + Web
2025-07-09 23:31:15,282 - WARNING: 5 out of the last 11 calls to <function TensorFlowTrainer.make_predict_function.<locals>.one_step_on_data_distributed at 0x000001EDCEBDC550> triggered tf.function retracing. Tracing is expensive and the excessive number of tracings could be due to (1) creating @tf.function repeatedly in a loop, (2) passing tensors with different shapes, (3) passing Python objects instead of tensors. For (1), please define your @tf.function outside of the loop. For (2), @tf.function has reduce_retracing=True option that can avoid unnecessary retracing. For (3), please refer to https://www.tensorflow.org/guide/function#controlling_retracing and https://www.tensorflow.org/api_docs/python/tf/function for  more details.
2025-07-09 23:31:15,688 - WARNING: 5 out of the last 11 calls to <function TensorFlowTrainer.make_predict_function.<locals>.one_step_on_data_distributed at 0x000001EDCEBDC550> triggered tf.function retracing. Tracing is expensive and the excessive number of tracings could be due to (1) creating @tf.function repeatedly in a loop, (2) passing tensors with different shapes, (3) passing Python objects instead of tensors. For (1), please define your @tf.function outside of the loop. For (2), @tf.function has reduce_retracing=True option that can avoid unnecessary retracing. For (3), please refer to https://www.tensorflow.org/guide/function#controlling_retracing and https://www.tensorflow.org/api_docs/python/tf/function for  more details.
2025-07-09 23:31:55,614 - ERROR: 
1 Failed download:
2025-07-09 23:31:55,616 - ERROR: ['JSL']: YFPricesMissingError('possibly delisted; no price data found  (1d 2023-07-09 00:00:00 -> 2025-07-09 23:31:55.373474)')
2025-07-09 23:31:55,632 - WARNING: No meaningful data for JSL.NS
2025-07-09 23:31:56,447 - ERROR: 
1 Failed download:
2025-07-09 23:31:56,452 - ERROR: ['VEDL']: YFTzMissingError('possibly delisted; no timezone found')
2025-07-09 23:31:56,472 - WARNING: No meaningful data for VEDL.NS
2025-07-09 23:31:58,080 - ERROR: 
1 Failed download:
2025-07-09 23:31:58,081 - ERROR: ['NMDC']: YFPricesMissingError('possibly delisted; no price data found  (1d 2023-07-09 00:00:00 -> 2025-07-09 23:31:57.918524)')
2025-07-09 23:31:58,096 - WARNING: No meaningful data for NMDC.NS
2025-07-09 23:31:59,212 - ERROR: HTTP Error 404: 
