2025-07-10 00:10:16,399 - INFO: Starting sector-based stock analysis with CONTRARIAN logic - 2025-07-10
2025-07-10 00:10:16,399 - INFO: ARIMA Error Threshold: 30.0%
2025-07-10 00:10:16,399 - INFO: Sentiment enhancement: ENABLED with CONTRARIAN logic
2025-07-10 00:10:41,697 - INFO: Fetched 85 unique articles from RSS + Web + Fallback
2025-07-10 00:11:21,063 - WARNING: 5 out of the last 11 calls to <function TensorFlowTrainer.make_predict_function.<locals>.one_step_on_data_distributed at 0x000002A732A0F880> triggered tf.function retracing. Tracing is expensive and the excessive number of tracings could be due to (1) creating @tf.function repeatedly in a loop, (2) passing tensors with different shapes, (3) passing Python objects instead of tensors. For (1), please define your @tf.function outside of the loop. For (2), @tf.function has reduce_retracing=True option that can avoid unnecessary retracing. For (3), please refer to https://www.tensorflow.org/guide/function#controlling_retracing and https://www.tensorflow.org/api_docs/python/tf/function for  more details.
2025-07-10 00:11:21,446 - WARNING: 5 out of the last 11 calls to <function TensorFlowTrainer.make_predict_function.<locals>.one_step_on_data_distributed at 0x000002A732A0F880> triggered tf.function retracing. Tracing is expensive and the excessive number of tracings could be due to (1) creating @tf.function repeatedly in a loop, (2) passing tensors with different shapes, (3) passing Python objects instead of tensors. For (1), please define your @tf.function outside of the loop. For (2), @tf.function has reduce_retracing=True option that can avoid unnecessary retracing. For (3), please refer to https://www.tensorflow.org/guide/function#controlling_retracing and https://www.tensorflow.org/api_docs/python/tf/function for  more details.
2025-07-10 00:13:44,109 - INFO: Saved agreement report to C:\Users\PC\OneDrive\projects\strongtrendz.com-\output\arima_lstm_agreement_20250710_001344.csv
2025-07-10 00:13:44,120 - INFO: Saved top picks to C:\Users\PC\OneDrive\projects\strongtrendz.com-\output\top_picks_20250710_001344.csv
2025-07-10 00:13:44,126 - INFO: Saved sector performance to C:\Users\PC\OneDrive\projects\strongtrendz.com-\output\sector_performance_20250710_001344.csv
2025-07-10 00:13:44,143 - INFO: Saved consolidated analysis results to C:\Users\PC\OneDrive\projects\strongtrendz.com-\output\sector_analysis_contrarian_20250710_001344.json
2025-07-10 00:13:44,173 - INFO: 
--- Analysis Summary ---
2025-07-10 00:13:44,174 - INFO: Total Stocks Analyzed: 10
2025-07-10 00:13:44,174 - INFO: Successfully Analyzed: 10
2025-07-10 00:13:44,174 - INFO: Failed Analyses: 0
2025-07-10 00:13:44,175 - INFO: Stocks with sentiment enhancement: 10 (100.0%)
2025-07-10 00:13:44,175 - INFO: Stocks with contrarian logic applied: 0 (0.0%)
2025-07-10 00:13:44,175 - INFO: Enhancement Status Breakdown:
2025-07-10 00:13:44,175 - INFO:   LOW_SENTIMENT_CONFIDENCE: 10
2025-07-10 00:13:44,175 - INFO: Stocks with ARIMA-LSTM agreement: 6 (60.0%)
2025-07-10 00:13:44,176 - INFO: Top BUY recommendations: 5
2025-07-10 00:13:44,176 - INFO: Top SELL recommendations: 1
2025-07-10 00:13:44,176 - INFO: 
Sector Performance:
2025-07-10 00:13:44,176 - INFO: NIFTY_METAL: 1.23% (UP)
