2025-04-20 16:04:53,133 - INFO: Starting sector-based stock analysis - 2025-04-20
2025-04-20 16:21:38,716 - ERROR: 404 Client Error: Not Found for url: https://query2.finance.yahoo.com/v10/finance/quoteSummary/BAJAJAUTO.NS?modules=financialData%2CquoteType%2CdefaultKeyStatistics%2CassetProfile%2CsummaryDetail&corsDomain=finance.yahoo.com&formatted=false&symbol=BAJAJAUTO.NS&crumb=ZRwCLU42Nrb
2025-04-20 16:21:38,722 - ERROR: 
1 Failed download:
2025-04-20 16:21:38,726 - ERROR: ['BAJAJAUTO.NS']: AttributeError("'NoneType' object has no attribute 'update'")
2025-04-20 16:21:38,751 - WARNING: No meaningful data for BAJAJAUTO.NS
2025-04-20 17:20:22,693 - INFO: Saved agreement report to C:\Users\Rajee\OneDrive\stock\lab\strongtrendz.com-\.vscode\output\arima_lstm_agreement_20250420_172022.csv
2025-04-20 17:20:22,699 - INFO: Saved top picks to C:\Users\Rajee\OneDrive\stock\lab\strongtrendz.com-\.vscode\output\top_picks_20250420_172022.csv
2025-04-20 17:20:22,704 - INFO: Saved sector performance to C:\Users\Rajee\OneDrive\stock\lab\strongtrendz.com-\.vscode\output\sector_performance_20250420_172022.csv
2025-04-20 17:20:22,731 - INFO: Saved consolidated analysis results to C:\Users\Rajee\OneDrive\stock\lab\strongtrendz.com-\.vscode\output\sector_analysis_20250420_172022.json
2025-04-20 17:20:22,750 - INFO: 
--- Analysis Summary ---
2025-04-20 17:20:22,751 - INFO: Total Stocks Analyzed: 140
2025-04-20 17:20:22,751 - INFO: Successfully Analyzed: 140
2025-04-20 17:20:22,751 - INFO: Failed Analyses: 0
2025-04-20 17:20:22,752 - INFO: Stocks with ARIMA-LSTM agreement: 118 (84.3%)
2025-04-20 17:20:22,752 - INFO: Top BUY recommendations: 10
2025-04-20 17:20:22,753 - INFO: Top SELL recommendations: 10
2025-04-20 17:20:22,753 - INFO: 
Sector Performance:
2025-04-20 17:20:22,753 - INFO: NIFTY_IT: -0.55% (DOWN)
2025-04-20 17:20:22,754 - INFO: NIFTY_PHARMA: -1.38% (DOWN)
2025-04-20 17:20:22,754 - INFO: NIFTY_CONSUMPTION: -2.30% (DOWN)
2025-04-20 17:20:22,754 - INFO: NIFTY_AUTO: -2.41% (DOWN)
2025-04-20 17:20:22,755 - INFO: NIFTY_CONSUMER: -2.45% (DOWN)
2025-04-20 17:20:22,755 - INFO: NIFTY_ENERGY: -2.69% (DOWN)
2025-04-20 17:20:22,755 - INFO: NIFTY_HEALTHCARE: -2.71% (DOWN)
2025-04-20 17:20:22,756 - INFO: NIFTY_OIL_AND_GAS: -2.74% (DOWN)
2025-04-20 17:20:22,756 - INFO: NIFTY_METAL: -2.75% (DOWN)
2025-04-20 17:20:22,757 - INFO: NIFTY_FIN_SERVICE: -3.31% (DOWN)
2025-04-20 17:20:22,757 - INFO: NIFTY_REALTY: -3.34% (DOWN)
2025-04-20 17:20:22,758 - INFO: UNKNOWN: -3.65% (DOWN)
2025-04-20 17:20:22,758 - INFO: NIFTY_MEDIA: -3.84% (DOWN)
2025-04-20 17:20:22,759 - INFO: NIFTY_PSU_BANK: -4.24% (DOWN)
2025-04-20 17:20:22,759 - INFO: NIFTY_PVT_BANK: -4.81% (DOWN)
2025-04-20 17:20:22,759 - INFO: NIFTY_BANK: -5.59% (DOWN)
