2025-07-08 21:48:04,131 - INFO: Starting sector-based stock analysis - 2025-07-08
2025-07-08 21:48:04,131 - INFO: Sentiment enhancement: ENABLED
2025-07-08 21:48:33,161 - INFO: Fetched 40 unique articles (RSS: 40, Nuvama: 0)
2025-07-08 21:49:13,477 - WARNING: 5 out of the last 11 calls to <function TensorFlowTrainer.make_predict_function.<locals>.one_step_on_data_distributed at 0x000001AAD37D4B80> triggered tf.function retracing. Tracing is expensive and the excessive number of tracings could be due to (1) creating @tf.function repeatedly in a loop, (2) passing tensors with different shapes, (3) passing Python objects instead of tensors. For (1), please define your @tf.function outside of the loop. For (2), @tf.function has reduce_retracing=True option that can avoid unnecessary retracing. For (3), please refer to https://www.tensorflow.org/guide/function#controlling_retracing and https://www.tensorflow.org/api_docs/python/tf/function for  more details.
2025-07-08 21:49:13,921 - WARNING: 5 out of the last 11 calls to <function TensorFlowTrainer.make_predict_function.<locals>.one_step_on_data_distributed at 0x000001AAD37D4B80> triggered tf.function retracing. Tracing is expensive and the excessive number of tracings could be due to (1) creating @tf.function repeatedly in a loop, (2) passing tensors with different shapes, (3) passing Python objects instead of tensors. For (1), please define your @tf.function outside of the loop. For (2), @tf.function has reduce_retracing=True option that can avoid unnecessary retracing. For (3), please refer to https://www.tensorflow.org/guide/function#controlling_retracing and https://www.tensorflow.org/api_docs/python/tf/function for  more details.
2025-07-08 21:50:24,257 - ERROR: 
1 Failed download:
2025-07-08 21:50:24,257 - ERROR: ['NMDC']: YFPricesMissingError('possibly delisted; no price data found  (1d 2023-07-08 00:00:00 -> 2025-07-08 21:50:24.011724)')
2025-07-08 21:50:24,263 - WARNING: No meaningful data for NMDC.NS
2025-07-08 21:50:25,121 - ERROR: HTTP Error 404: 
2025-07-08 21:50:25,208 - ERROR: 
1 Failed download:
2025-07-08 21:50:25,208 - ERROR: ['APLAPOLLO']: YFTzMissingError('possibly delisted; no timezone found')
2025-07-08 21:50:25,214 - WARNING: No meaningful data for APLAPOLLO.NS
2025-07-08 21:50:33,763 - ERROR: HTTP Error 404: 
2025-07-08 21:50:33,851 - ERROR: 
1 Failed download:
2025-07-08 21:50:33,852 - ERROR: ['COALINDIA']: YFTzMissingError('possibly delisted; no timezone found')
2025-07-08 21:50:33,872 - WARNING: No meaningful data for COALINDIA.NS
2025-07-08 21:50:35,852 - ERROR: 
1 Failed download:
2025-07-08 21:50:35,852 - ERROR: ['JINDALSTEL']: YFTzMissingError('possibly delisted; no timezone found')
2025-07-08 21:50:35,874 - WARNING: No meaningful data for JINDALSTEL.NS
2025-07-08 21:50:37,107 - ERROR: 
1 Failed download:
2025-07-08 21:50:37,107 - ERROR: ['JSWSTEEL']: YFTzMissingError('possibly delisted; no timezone found')
2025-07-08 21:50:37,124 - WARNING: No meaningful data for JSWSTEEL.NS
