2025-07-17 06:54:45,425 - INFO: Starting sector-based stock analysis with CONTRARIAN logic - 2025-07-17
2025-07-17 06:54:45,425 - INFO: ARIMA Error Threshold: 25.0%
2025-07-17 06:54:45,425 - INFO: Sentiment enhancement: ENABLED with CONTRARIAN logic
2025-07-17 06:55:11,856 - INFO: Fetched 119 unique articles from RSS + Web + Fallback
2025-07-17 06:55:34,495 - INFO: Fetched 119 unique articles from RSS + Web + Fallback
2025-07-17 06:55:54,677 - WARNING: 5 out of the last 11 calls to <function TensorFlowTrainer.make_predict_function.<locals>.one_step_on_data_distributed at 0x000001FF22DD28C0> triggered tf.function retracing. Tracing is expensive and the excessive number of tracings could be due to (1) creating @tf.function repeatedly in a loop, (2) passing tensors with different shapes, (3) passing Python objects instead of tensors. For (1), please define your @tf.function outside of the loop. For (2), @tf.function has reduce_retracing=True option that can avoid unnecessary retracing. For (3), please refer to https://www.tensorflow.org/guide/function#controlling_retracing and https://www.tensorflow.org/api_docs/python/tf/function for  more details.
2025-07-17 06:55:55,053 - WARNING: 5 out of the last 11 calls to <function TensorFlowTrainer.make_predict_function.<locals>.one_step_on_data_distributed at 0x000001FF22DD28C0> triggered tf.function retracing. Tracing is expensive and the excessive number of tracings could be due to (1) creating @tf.function repeatedly in a loop, (2) passing tensors with different shapes, (3) passing Python objects instead of tensors. For (1), please define your @tf.function outside of the loop. For (2), @tf.function has reduce_retracing=True option that can avoid unnecessary retracing. For (3), please refer to https://www.tensorflow.org/guide/function#controlling_retracing and https://www.tensorflow.org/api_docs/python/tf/function for  more details.
2025-07-17 06:55:59,618 - INFO: Fetched 119 unique articles from RSS + Web + Fallback
2025-07-17 06:56:21,611 - INFO: Fetched 119 unique articles from RSS + Web + Fallback
2025-07-17 06:56:50,336 - INFO: Fetched 119 unique articles from RSS + Web + Fallback
2025-07-17 06:57:16,090 - INFO: Fetched 122 unique articles from RSS + Web + Fallback
2025-07-17 06:57:41,151 - INFO: Fetched 122 unique articles from RSS + Web + Fallback
2025-07-17 06:58:04,114 - INFO: Fetched 122 unique articles from RSS + Web + Fallback
2025-07-17 06:58:28,506 - INFO: Fetched 122 unique articles from RSS + Web + Fallback
2025-07-17 06:58:57,907 - INFO: Fetched 121 unique articles from RSS + Web + Fallback
2025-07-17 06:59:26,680 - INFO: Fetched 121 unique articles from RSS + Web + Fallback
2025-07-17 06:59:52,954 - INFO: Fetched 121 unique articles from RSS + Web + Fallback
2025-07-17 07:00:25,461 - INFO: Fetched 122 unique articles from RSS + Web + Fallback
2025-07-17 07:00:53,951 - INFO: Fetched 122 unique articles from RSS + Web + Fallback
2025-07-17 07:01:24,309 - INFO: Fetched 122 unique articles from RSS + Web + Fallback
2025-07-17 07:01:48,883 - INFO: Fetched 122 unique articles from RSS + Web + Fallback
2025-07-17 07:02:14,284 - INFO: Fetched 122 unique articles from RSS + Web + Fallback
2025-07-17 07:02:44,929 - INFO: Fetched 122 unique articles from RSS + Web + Fallback
2025-07-17 07:03:07,871 - INFO: Fetched 122 unique articles from RSS + Web + Fallback
2025-07-17 07:03:42,344 - INFO: Fetched 122 unique articles from RSS + Web + Fallback
2025-07-17 07:04:05,772 - INFO: Fetched 122 unique articles from RSS + Web + Fallback
2025-07-17 07:04:28,332 - INFO: Fetched 122 unique articles from RSS + Web + Fallback
2025-07-17 07:04:56,293 - INFO: Fetched 122 unique articles from RSS + Web + Fallback
2025-07-17 07:05:27,255 - INFO: Fetched 122 unique articles from RSS + Web + Fallback
2025-07-17 07:05:54,501 - INFO: Fetched 122 unique articles from RSS + Web + Fallback
2025-07-17 07:06:16,572 - INFO: Fetched 122 unique articles from RSS + Web + Fallback
2025-07-17 07:06:47,299 - INFO: Fetched 122 unique articles from RSS + Web + Fallback
2025-07-17 07:07:11,999 - INFO: Fetched 122 unique articles from RSS + Web + Fallback
2025-07-17 07:07:13,835 - ERROR: HTTP Error 404: 
2025-07-17 07:07:13,942 - ERROR: 
1 Failed download:
2025-07-17 07:07:13,942 - ERROR: ['BAJAJAUTO.NS']: YFTzMissingError('possibly delisted; no timezone found')
2025-07-17 07:07:13,971 - WARNING: No meaningful data for BAJAJAUTO.NS
2025-07-17 07:07:35,516 - INFO: Fetched 122 unique articles from RSS + Web + Fallback
2025-07-17 07:07:36,953 - INFO: Saved agreement report to C:\Users\PC\OneDrive\projects\strongtrendz.com-\output\arima_lstm_agreement_20250717_070736.csv
2025-07-17 07:07:36,964 - INFO: Saved top picks to C:\Users\PC\OneDrive\projects\strongtrendz.com-\output\top_picks_20250717_070736.csv
2025-07-17 07:07:36,967 - INFO: Saved sector performance to C:\Users\PC\OneDrive\projects\strongtrendz.com-\output\sector_performance_20250717_070736.csv
2025-07-17 07:07:36,989 - INFO: Saved consolidated analysis results to C:\Users\PC\OneDrive\projects\strongtrendz.com-\output\sector_analysis_contrarian_20250717_070736.json
2025-07-17 07:07:37,019 - INFO: 
--- Analysis Summary ---
2025-07-17 07:07:37,020 - INFO: Total Stocks Analyzed: 29
2025-07-17 07:07:37,020 - INFO: Successfully Analyzed: 29
2025-07-17 07:07:37,020 - INFO: Failed Analyses: 0
2025-07-17 07:07:37,020 - INFO: Stocks with ARIMA-LSTM agreement: 15 (51.7%)
2025-07-17 07:07:37,021 - INFO: Top BUY recommendations: 7
2025-07-17 07:07:37,021 - INFO: Top SELL recommendations: 8
2025-07-17 07:07:37,021 - INFO: 
Sector Performance:
2025-07-17 07:07:37,021 - INFO: NIFTY_METAL: 0.13% (UP)
2025-07-17 07:07:37,021 - INFO: NIFTY_CONSUMPTION: -0.19% (DOWN)
2025-07-17 07:07:37,021 - INFO: NIFTY_AUTO: -0.91% (DOWN)
