2025-07-03 22:42:21,709 - INFO: Starting sector-based stock analysis - 2025-07-03
2025-07-03 22:42:21,713 - INFO: Sentiment enhancement: ENABLED
2025-07-03 22:42:40,539 - WARNING: From C:\Users\PC\OneDrive\projects\venv\lib\site-packages\tf_keras\src\losses.py:2976: The name tf.losses.sparse_softmax_cross_entropy is deprecated. Please use tf.compat.v1.losses.sparse_softmax_cross_entropy instead.

2025-07-03 22:43:47,172 - WARNING: 5 out of the last 11 calls to <function TensorFlowTrainer.make_predict_function.<locals>.one_step_on_data_distributed at 0x00000250EF190790> triggered tf.function retracing. Tracing is expensive and the excessive number of tracings could be due to (1) creating @tf.function repeatedly in a loop, (2) passing tensors with different shapes, (3) passing Python objects instead of tensors. For (1), please define your @tf.function outside of the loop. For (2), @tf.function has reduce_retracing=True option that can avoid unnecessary retracing. For (3), please refer to https://www.tensorflow.org/guide/function#controlling_retracing and https://www.tensorflow.org/api_docs/python/tf/function for  more details.
2025-07-03 22:43:47,648 - WARNING: 5 out of the last 11 calls to <function TensorFlowTrainer.make_predict_function.<locals>.one_step_on_data_distributed at 0x00000250EF190790> triggered tf.function retracing. Tracing is expensive and the excessive number of tracings could be due to (1) creating @tf.function repeatedly in a loop, (2) passing tensors with different shapes, (3) passing Python objects instead of tensors. For (1), please define your @tf.function outside of the loop. For (2), @tf.function has reduce_retracing=True option that can avoid unnecessary retracing. For (3), please refer to https://www.tensorflow.org/guide/function#controlling_retracing and https://www.tensorflow.org/api_docs/python/tf/function for  more details.
2025-07-03 22:52:32,406 - ERROR: HTTP Error 404: 
2025-07-03 22:52:32,531 - ERROR: 
1 Failed download:
2025-07-03 22:52:32,531 - ERROR: ['BAJAJAUTO.NS']: YFTzMissingError('possibly delisted; no timezone found')
2025-07-03 22:52:32,698 - WARNING: No meaningful data for BAJAJAUTO.NS
2025-07-03 23:33:02,242 - INFO: Saved agreement report to C:\Users\PC\OneDrive\projects\strongtrendz.com-\output\arima_lstm_agreement_20250703_233302.csv
2025-07-03 23:33:02,255 - INFO: Saved top picks to C:\Users\PC\OneDrive\projects\strongtrendz.com-\output\top_picks_20250703_233302.csv
2025-07-03 23:33:02,261 - INFO: Saved sector performance to C:\Users\PC\OneDrive\projects\strongtrendz.com-\output\sector_performance_20250703_233302.csv
2025-07-03 23:33:02,300 - INFO: Saved consolidated analysis results to C:\Users\PC\OneDrive\projects\strongtrendz.com-\output\sector_analysis_20250703_233302.json
2025-07-03 23:33:02,315 - INFO: 
--- Analysis Summary ---
2025-07-03 23:33:02,315 - INFO: Total Stocks Analyzed: 140
2025-07-03 23:33:02,315 - INFO: Successfully Analyzed: 140
2025-07-03 23:33:02,316 - INFO: Failed Analyses: 0
2025-07-03 23:33:02,316 - INFO: Stocks with sentiment enhancement: 140 (100.0%)
2025-07-03 23:33:02,316 - INFO: Enhancement Status Breakdown:
2025-07-03 23:33:02,316 - INFO:   TECHNICAL_ONLY: 140
2025-07-03 23:33:02,316 - INFO: Stocks with ARIMA-LSTM agreement: 91 (65.0%)
2025-07-03 23:33:02,316 - INFO: Top BUY recommendations: 10
2025-07-03 23:33:02,316 - INFO: Top SELL recommendations: 10
2025-07-03 23:33:02,316 - INFO: 
Sector Performance:
2025-07-03 23:33:02,316 - INFO: NIFTY_REALTY: 2.82% (UP)
2025-07-03 23:33:02,316 - INFO: UNKNOWN: 2.23% (UP)
2025-07-03 23:33:02,316 - INFO: NIFTY_FIN_SERVICE: 1.35% (UP)
2025-07-03 23:33:02,316 - INFO: NIFTY_PVT_BANK: 1.18% (UP)
2025-07-03 23:33:02,316 - INFO: NIFTY_ENERGY: 0.46% (UP)
2025-07-03 23:33:02,316 - INFO: NIFTY_CONSUMER: 0.37% (UP)
2025-07-03 23:33:02,316 - INFO: NIFTY_BANK: 0.23% (UP)
2025-07-03 23:33:02,316 - INFO: NIFTY_PSU_BANK: -0.00% (DOWN)
2025-07-03 23:33:02,316 - INFO: NIFTY_IT: -0.13% (DOWN)
2025-07-03 23:33:02,316 - INFO: NIFTY_MEDIA: -0.67% (DOWN)
2025-07-03 23:33:02,316 - INFO: NIFTY_CONSUMPTION: -0.85% (DOWN)
2025-07-03 23:33:02,316 - INFO: NIFTY_METAL: -0.96% (DOWN)
2025-07-03 23:33:02,316 - INFO: NIFTY_AUTO: -1.02% (DOWN)
2025-07-03 23:33:02,316 - INFO: NIFTY_PHARMA: -1.34% (DOWN)
2025-07-03 23:33:02,316 - INFO: NIFTY_HEALTHCARE: -1.68% (DOWN)
2025-07-03 23:33:02,322 - INFO: NIFTY_OIL_AND_GAS: -1.82% (DOWN)
