2025-08-22 08:01:00,167 - INFO - Starting live inside bar analyzer with 5-minute updates
2025-08-22 08:01:00,167 - INFO - Running live inside bar analysis at 2025-08-22 08:01:00
2025-08-22 08:01:00,217 - INFO - Analyzing 224 stocks with live data...
2025-08-22 08:01:08,077 - INFO - Completed: 224 successful, 0 failed
2025-08-22 08:01:08,100 - INFO - Saved live signals to live_inside_bar_signals.csv
2025-08-22 08:06:08,175 - INFO - Running live inside bar analysis at 2025-08-22 08:06:08
2025-08-22 08:06:08,186 - INFO - Analyzing 224 stocks with live data...
2025-08-22 08:06:13,098 - INFO - Completed: 224 successful, 0 failed
2025-08-22 08:06:13,117 - INFO - Saved live signals to live_inside_bar_signals.csv
2025-08-22 08:11:13,192 - INFO - Running live inside bar analysis at 2025-08-22 08:11:13
2025-08-22 08:11:13,206 - INFO - Analyzing 224 stocks with live data...
2025-08-22 08:11:18,598 - INFO - Completed: 224 successful, 0 failed
2025-08-22 08:11:18,615 - INFO - Saved live signals to live_inside_bar_signals.csv
2025-08-22 08:16:18,708 - INFO - Running live inside bar analysis at 2025-08-22 08:16:18
2025-08-22 08:16:18,741 - INFO - Analyzing 224 stocks with live data...
2025-08-22 08:16:24,251 - INFO - Completed: 224 successful, 0 failed
2025-08-22 08:16:24,269 - INFO - Saved live signals to live_inside_bar_signals.csv
2025-08-22 08:21:24,373 - INFO - Running live inside bar analysis at 2025-08-22 08:21:24
2025-08-22 08:21:24,415 - INFO - Analyzing 224 stocks with live data...
2025-08-22 08:21:29,390 - INFO - Completed: 224 successful, 0 failed
2025-08-22 08:21:29,429 - INFO - Saved live signals to live_inside_bar_signals.csv
2025-08-22 08:26:29,504 - INFO - Running live inside bar analysis at 2025-08-22 08:26:29
2025-08-22 08:26:29,547 - INFO - Analyzing 224 stocks with live data...
2025-08-22 08:26:34,645 - INFO - Completed: 224 successful, 0 failed
2025-08-22 08:26:34,673 - INFO - Saved live signals to live_inside_bar_signals.csv
2025-08-22 08:31:34,732 - INFO - Running live inside bar analysis at 2025-08-22 08:31:34
2025-08-22 08:31:34,773 - INFO - Analyzing 224 stocks with live data...
2025-08-22 08:31:39,755 - INFO - Completed: 224 successful, 0 failed
2025-08-22 08:31:39,782 - INFO - Saved live signals to live_inside_bar_signals.csv
2025-08-22 08:35:29,975 - INFO - Live analyzer stopped by user
