2025-08-22 10:46:24,929 - INFO - Starting Multi-Indicator analyzer | UK: 10:46:24 | IST: 15:16:24 | Updates every 3 minutes
2025-08-22 10:46:24,929 - INFO - Running Multi-Indicator analysis at UK: 2025-08-22 10:46:24 | IST: 2025-08-22 15:16:24
2025-08-22 10:46:24,955 - INFO - Analyzing 224 stocks with Multi-Indicator strategy...
2025-08-22 10:47:06,474 - INFO - Completed: 224 successful, 0 failed
2025-08-22 10:47:06,505 - INFO - Saved Multi-Indicator signals to multi_indicator_signals.csv
2025-08-22 10:50:06,565 - INFO - Running Multi-Indicator analysis at UK: 2025-08-22 10:50:06 | IST: 2025-08-22 15:20:06
2025-08-22 10:50:06,606 - INFO - Analyzing 224 stocks with Multi-Indicator strategy...
2025-08-22 10:50:48,137 - INFO - Completed: 224 successful, 0 failed
2025-08-22 10:50:48,157 - INFO - Saved Multi-Indicator signals to multi_indicator_signals.csv
2025-08-22 10:53:48,201 - INFO - Running Multi-Indicator analysis at UK: 2025-08-22 10:53:48 | IST: 2025-08-22 15:23:48
2025-08-22 10:53:48,253 - INFO - Analyzing 224 stocks with Multi-Indicator strategy...
2025-08-22 10:54:30,650 - INFO - Multi-Indicator analyzer stopped by user
2025-08-22 10:54:43,557 - INFO - Starting Multi-Indicator analyzer | UK: 10:54:43 | IST: 15:24:43 | Updates every 3 minutes
2025-08-22 10:54:43,557 - INFO - Running Multi-Indicator analysis at UK: 2025-08-22 10:54:43 | IST: 2025-08-22 15:24:43
2025-08-22 10:54:43,574 - INFO - Analyzing 224 stocks with Multi-Indicator strategy...
2025-08-22 10:55:25,213 - INFO - Completed: 224 successful, 0 failed
2025-08-22 10:55:25,235 - INFO - Saved Multi-Indicator signals to multi_indicator_signals.csv
2025-08-22 10:58:25,271 - INFO - Running Multi-Indicator analysis at UK: 2025-08-22 10:58:25 | IST: 2025-08-22 15:28:25
2025-08-22 10:58:25,316 - INFO - Analyzing 224 stocks with Multi-Indicator strategy...
2025-08-22 10:59:05,801 - INFO - Completed: 224 successful, 0 failed
2025-08-22 10:59:05,821 - INFO - Saved Multi-Indicator signals to multi_indicator_signals.csv
2025-08-22 11:02:05,897 - INFO - Running Multi-Indicator analysis at UK: 2025-08-22 11:02:05 | IST: 2025-08-22 15:32:05
2025-08-22 11:05:05,975 - INFO - Running Multi-Indicator analysis at UK: 2025-08-22 11:05:05 | IST: 2025-08-22 15:35:05
2025-08-22 11:08:06,040 - INFO - Running Multi-Indicator analysis at UK: 2025-08-22 11:08:06 | IST: 2025-08-22 15:38:06
2025-08-22 11:10:13,137 - INFO - Multi-Indicator analyzer stopped by user
2025-08-22 11:17:15,172 - INFO - Starting Multi-Indicator analyzer (15-min charts) | UK: 11:17:15 | IST: 15:47:15 | Updates every 15 minutes
2025-08-22 11:17:15,172 - INFO - Note: Analysis runs outside market hours using latest available data
2025-08-22 11:17:15,172 - INFO - Running Multi-Indicator analysis at UK: 2025-08-22 11:17:15 | IST: 2025-08-22 15:47:15
2025-08-22 11:17:15,201 - INFO - Analyzing 224 stocks with Multi-Indicator strategy...
2025-08-22 11:17:30,217 - INFO - Completed: 224 successful, 0 failed
2025-08-22 11:17:30,245 - INFO - Saved Multi-Indicator signals to multi_indicator_signals_20250822_1117.csv
2025-08-22 11:27:27,249 - INFO - Multi-Indicator analyzer stopped by user
