2025-08-22 12:45:53,475 - INFO - Analyzing 224 stocks for predictions...
2025-08-22 12:45:53,476 - INFO - Prediction timeframe: 1h
2025-08-22 12:45:53,476 - INFO - Next trading day: 2025-08-25 09:15 IST
2025-08-22 12:45:53,918 - INFO - ✓ BEL: HOLD (Conf: 0.04)
2025-08-22 12:45:53,922 - INFO - ✓ BAJFINANCE: HOLD (Conf: 0.12)
2025-08-22 12:45:53,987 - INFO - ✓ LAURUSLABS: HOLD (Conf: 0.19)
2025-08-22 12:45:54,081 - INFO - ✓ ABB: HOLD (Conf: 0.08)
2025-08-22 12:45:54,233 - INFO - ✓ CESC: HOLD (Conf: 0.21)
2025-08-22 12:45:54,301 - INFO - ✓ BLUESTARCO: HOLD (Conf: 0.31)
2025-08-22 12:45:54,336 - INFO - ✓ CHAMBLFERT: HOLD (Conf: 0.21)
2025-08-22 12:45:54,433 - INFO - ✓ EXIDEIND: HOLD (Conf: 0.21)
2025-08-22 12:45:54,520 - INFO - ✓ CGPOWER: HOLD (Conf: 0.28)
2025-08-22 12:45:54,662 - INFO - ✓ DABUR: HOLD (Conf: 0.07)
2025-08-22 12:45:54,682 - INFO - ✓ CIPLA: HOLD (Conf: 0.23)
2025-08-22 12:45:54,835 - INFO - ✓ BHEL: HOLD (Conf: 0.05)
2025-08-22 12:45:54,865 - INFO - ✓ HINDPETRO: HOLD (Conf: 0.01)
2025-08-22 12:45:55,003 - INFO - ✓ SBIN: HOLD (Conf: 0.24)
2025-08-22 12:45:55,039 - INFO - ✓ SAIL: HOLD (Conf: 0.17)
2025-08-22 12:45:55,184 - INFO - ✓ TITAN: HOLD (Conf: 0.21)
2025-08-22 12:45:55,200 - INFO - ✓ DRREDDY: HOLD (Conf: 0.24)
2025-08-22 12:45:55,303 - INFO - ✓ HDFCBANK: HOLD (Conf: 0.03)
2025-08-22 12:45:55,390 - INFO - ✓ HEROMOTOCO: HOLD (Conf: 0.19)
2025-08-22 12:45:55,534 - INFO - ✓ HINDZINC: HOLD (Conf: 0.08)
2025-08-22 12:45:55,549 - INFO - ✓ HFCL: HOLD (Conf: 0.10)
2025-08-22 12:45:55,717 - INFO - ✓ INFY: HOLD (Conf: 0.11)
2025-08-22 12:45:55,736 - INFO - ✓ JSWSTEEL: HOLD (Conf: 0.28)
2025-08-22 12:45:55,900 - INFO - ✓ TRENT: HOLD (Conf: 0.24)
2025-08-22 12:45:55,900 - INFO - ✓ KOTAKBANK: HOLD (Conf: 0.08)
2025-08-22 12:45:56,052 - INFO - ✓ LICHSGFIN: HOLD (Conf: 0.05)
2025-08-22 12:45:56,068 - INFO - ✓ LUPIN: HOLD (Conf: 0.34)
2025-08-22 12:45:56,295 - INFO - ✓ NCC: HOLD (Conf: 0.05)
2025-08-22 12:45:56,308 - INFO - ✓ MFSL: HOLD (Conf: 0.18)
2025-08-22 12:45:56,485 - INFO - ✓ GRASIM: HOLD (Conf: 0.18)
2025-08-22 12:45:56,485 - INFO - ✓ VEDL: HOLD (Conf: 0.39)
2025-08-22 12:45:56,653 - INFO - ✓ ONGC: HOLD (Conf: 0.08)
2025-08-22 12:45:56,653 - INFO - ✓ PEL: HOLD (Conf: 0.18)
2025-08-22 12:45:56,756 - INFO - ✓ RELIANCE: HOLD (Conf: 0.08)
2025-08-22 12:45:56,919 - INFO - ✓ PIDILITIND: HOLD (Conf: 0.34)
2025-08-22 12:45:56,994 - INFO - ✓ PATANJALI: HOLD (Conf: 0.06)
2025-08-22 12:45:57,009 - INFO - ✓ SHREECEM: HOLD (Conf: 0.10)
2025-08-22 12:45:57,104 - INFO - ✓ TATAPOWER: HOLD (Conf: 0.02)
2025-08-22 12:45:57,286 - INFO - ✓ TATAELXSI: HOLD (Conf: 0.12)
2025-08-22 12:45:57,316 - INFO - ✓ ACC: HOLD (Conf: 0.23)
2025-08-22 12:45:57,340 - INFO - ✓ TORNTPHARM: HOLD (Conf: 0.34)
2025-08-22 12:45:57,435 - INFO - ✓ AMBUJACEM: HOLD (Conf: 0.21)
2025-08-22 12:45:57,680 - INFO - ✓ TATASTEEL: HOLD (Conf: 0.08)
2025-08-22 12:45:57,707 - INFO - ✓ FEDERALBNK: HOLD (Conf: 0.13)
2025-08-22 12:45:57,707 - INFO - ✓ HINDALCO: HOLD (Conf: 0.19)
2025-08-22 12:45:57,808 - INFO - ✓ ASHOKLEY: HOLD (Conf: 0.31)
2025-08-22 12:45:57,939 - INFO - ✓ BHARATFORG: HOLD (Conf: 0.15)
2025-08-22 12:45:58,020 - INFO - ✓ CUMMINSIND: HOLD (Conf: 0.31)
2025-08-22 12:45:58,057 - INFO - ✓ TATACOMM: HOLD (Conf: 0.13)
2025-08-22 12:45:58,156 - INFO - ✓ LT: HOLD (Conf: 0.07)
2025-08-22 12:45:58,398 - INFO - ✓ BPCL: HOLD (Conf: 0.02)
2025-08-22 12:45:58,414 - INFO - ✓ BOSCHLTD: HOLD (Conf: 0.34)
2025-08-22 12:45:58,414 - INFO - ✓ M&M: HOLD (Conf: 0.31)
2025-08-22 12:45:58,513 - INFO - ✓ SIEMENS: HOLD (Conf: 0.18)
2025-08-22 12:45:58,735 - INFO - ✓ TATAMOTORS: HOLD (Conf: 0.27)
2025-08-22 12:45:58,753 - INFO - ✓ VOLTAS: HOLD (Conf: 0.23)
2025-08-22 12:45:58,754 - INFO - ✓ HINDUNILVR: HOLD (Conf: 0.28)
2025-08-22 12:45:58,858 - INFO - ✓ TATACHEM: HOLD (Conf: 0.11)
2025-08-22 12:45:58,989 - INFO - ✓ NESTLEIND: HOLD (Conf: 0.18)
2025-08-22 12:45:59,107 - INFO - ✓ TATACONSUM: HOLD (Conf: 0.25)
2025-08-22 12:45:59,152 - INFO - ✓ ASIANPAINT: HOLD (Conf: 0.28)
2025-08-22 12:45:59,243 - INFO - ✓ BRITANNIA: HOLD (Conf: 0.23)
2025-08-22 12:45:59,325 - INFO - ✓ COLPAL: HOLD (Conf: 0.18)
2025-08-22 12:45:59,449 - INFO - ✓ ITC: HOLD (Conf: 0.04)
2025-08-22 12:45:59,574 - INFO - ✓ BALKRISIND: HOLD (Conf: 0.03)
2025-08-22 12:45:59,590 - INFO - ✓ INDHOTEL: HOLD (Conf: 0.23)
2025-08-22 12:45:59,686 - INFO - ✓ PHOENIXLTD: HOLD (Conf: 0.27)
2025-08-22 12:45:59,791 - INFO - ✓ WIPRO: HOLD (Conf: 0.09)
2025-08-22 12:45:59,887 - INFO - ✓ SRF: HOLD (Conf: 0.07)
2025-08-22 12:45:59,958 - INFO - ✓ EICHERMOT: HOLD (Conf: 0.21)
2025-08-22 12:46:00,041 - INFO - ✓ APOLLOHOSP: HOLD (Conf: 0.22)
2025-08-22 12:46:00,191 - INFO - ✓ SHRIRAMFIN: HOLD (Conf: 0.23)
2025-08-22 12:46:00,224 - INFO - ✓ SUPREMEIND: HOLD (Conf: 0.30)
2025-08-22 12:46:00,356 - INFO - ✓ CHOLAFIN: HOLD (Conf: 0.31)
2025-08-22 12:46:00,409 - INFO - ✓ UPL: HOLD (Conf: 0.30)
2025-08-22 12:46:00,524 - INFO - ✓ LICI: HOLD (Conf: 0.08)
2025-08-22 12:46:00,583 - INFO - ✓ ADANIENT: HOLD (Conf: 0.09)
2025-08-22 12:46:00,675 - INFO - ✓ DELHIVERY: HOLD (Conf: 0.33)
2025-08-22 12:46:00,742 - INFO - ✓ HINDCOPPER: HOLD (Conf: 0.05)
2025-08-22 12:46:00,843 - INFO - ✓ MOTHERSON: HOLD (Conf: 0.14)
2025-08-22 12:46:00,936 - INFO - ✓ HAVELLS: HOLD (Conf: 0.24)
2025-08-22 12:46:01,058 - INFO - ✓ PPLPHARMA: HOLD (Conf: 0.08)
2025-08-22 12:46:01,093 - INFO - ✓ KEI: HOLD (Conf: 0.21)
2025-08-22 12:46:01,273 - INFO - ✓ KAYNES: HOLD (Conf: 0.33)
2025-08-22 12:46:01,273 - INFO - ✓ KFINTECH: HOLD (Conf: 0.08)
2025-08-22 12:46:01,408 - INFO - ✓ MANKIND: HOLD (Conf: 0.30)
2025-08-22 12:46:01,447 - INFO - ✓ PIIND: HOLD (Conf: 0.23)
2025-08-22 12:46:01,623 - INFO - ✓ JIOFIN: HOLD (Conf: 0.02)
2025-08-22 12:46:01,627 - INFO - ✓ POONAWALLA: HOLD (Conf: 0.36)
2025-08-22 12:46:01,759 - INFO - ✓ AARTIIND: HOLD (Conf: 0.02)
2025-08-22 12:46:01,794 - INFO - ✓ BSE: HOLD (Conf: 0.10)
2025-08-22 12:46:01,945 - INFO - ✓ HUDCO: HOLD (Conf: 0.09)
2025-08-22 12:46:01,958 - INFO - ✓ DMART: HOLD (Conf: 0.30)
2025-08-22 12:46:02,124 - INFO - ✓ CDSL: HOLD (Conf: 0.08)
2025-08-22 12:46:02,159 - INFO - ✓ AUBANK: HOLD (Conf: 0.10)
2025-08-22 12:46:02,293 - INFO - ✓ DIXON: HOLD (Conf: 0.24)
2025-08-22 12:46:02,309 - INFO - ✓ SUNPHARMA: HOLD (Conf: 0.11)
2025-08-22 12:46:02,436 - INFO - ✓ AUROPHARMA: HOLD (Conf: 0.13)
2025-08-22 12:46:02,498 - INFO - ✓ ABCAPITAL: HOLD (Conf: 0.21)
2025-08-22 12:46:02,625 - INFO - ✓ NMDC: HOLD (Conf: 0.01)
2025-08-22 12:46:02,663 - INFO - ✓ MPHASIS: HOLD (Conf: 0.20)
2025-08-22 12:46:02,787 - INFO - ✓ IREDA: HOLD (Conf: 0.09)
2025-08-22 12:46:02,828 - INFO - ✓ TATATECH: HOLD (Conf: 0.08)
2025-08-22 12:46:02,970 - INFO - ✓ SBILIFE: HOLD (Conf: 0.20)
2025-08-22 12:46:02,998 - INFO - ✓ ICICIGI: HOLD (Conf: 0.13)
2025-08-22 12:46:03,095 - INFO - ✓ TIINDIA: HOLD (Conf: 0.23)
2025-08-22 12:46:03,190 - INFO - ✓ IEX: HOLD (Conf: 0.11)
2025-08-22 12:46:03,263 - INFO - ✓ AMBER: HOLD (Conf: 0.08)
2025-08-22 12:46:03,345 - INFO - ✓ HDFCLIFE: HOLD (Conf: 0.24)
2025-08-22 12:46:03,460 - INFO - ✓ BANDHANBNK: HOLD (Conf: 0.18)
2025-08-22 12:46:03,512 - INFO - ✓ BDL: HOLD (Conf: 0.02)
2025-08-22 12:46:03,612 - INFO - ✓ HAL: HOLD (Conf: 0.01)
2025-08-22 12:46:03,688 - INFO - ✓ ADANIGREEN: HOLD (Conf: 0.09)
2025-08-22 12:46:03,775 - INFO - ✓ ATGL: HOLD (Conf: 0.22)
2025-08-22 12:46:03,855 - INFO - ✓ HDFCAMC: HOLD (Conf: 0.24)
2025-08-22 12:46:03,946 - INFO - ✓ MANAPPURAM: HOLD (Conf: 0.24)
2025-08-22 12:46:04,038 - INFO - ✓ IOC: HOLD (Conf: 0.23)
2025-08-22 12:46:04,176 - INFO - ✓ CONCOR: HOLD (Conf: 0.09)
2025-08-22 12:46:04,208 - INFO - ✓ RVNL: HOLD (Conf: 0.02)
2025-08-22 12:46:04,378 - INFO - ✓ KPITTECH: HOLD (Conf: 0.07)
2025-08-22 12:46:04,378 - INFO - ✓ POLYCAB: HOLD (Conf: 0.20)
2025-08-22 12:46:04,528 - INFO - ✓ MARICO: HOLD (Conf: 0.24)
2025-08-22 12:46:04,544 - INFO - ✓ 360ONE: HOLD (Conf: 0.23)
2025-08-22 12:46:04,710 - INFO - ✓ IRCTC: HOLD (Conf: 0.13)
2025-08-22 12:46:04,710 - INFO - ✓ SBICARD: HOLD (Conf: 0.11)
2025-08-22 12:46:04,845 - INFO - ✓ BANKBARODA: HOLD (Conf: 0.07)
2025-08-22 12:46:04,876 - INFO - ✓ MAXHEALTH: HOLD (Conf: 0.02)
2025-08-22 12:46:05,028 - INFO - ✓ BANKINDIA: HOLD (Conf: 0.19)
2025-08-22 12:46:05,059 - INFO - ✓ CAMS: HOLD (Conf: 0.14)
2025-08-22 12:46:05,197 - INFO - ✓ GAIL: HOLD (Conf: 0.08)
2025-08-22 12:46:05,235 - INFO - ✓ ANGELONE: HOLD (Conf: 0.15)
2025-08-22 12:46:05,385 - INFO - ✓ ICICIBANK: HOLD (Conf: 0.08)
2025-08-22 12:46:05,417 - INFO - ✓ CYIENT: HOLD (Conf: 0.28)
2025-08-22 12:46:05,578 - INFO - ✓ INDUSINDBK: HOLD (Conf: 0.08)
2025-08-22 12:46:05,578 - INFO - ✓ MAZDOCK: HOLD (Conf: 0.02)
2025-08-22 12:46:05,730 - INFO - ✓ AXISBANK: HOLD (Conf: 0.07)
2025-08-22 12:46:05,764 - INFO - ✓ NATIONALUM: HOLD (Conf: 0.10)
2025-08-22 12:46:05,893 - INFO - ✓ HCLTECH: HOLD (Conf: 0.07)
2025-08-22 12:46:05,957 - INFO - ✓ JINDALSTEL: HOLD (Conf: 0.18)
2025-08-22 12:46:06,112 - INFO - ✓ GLENMARK: HOLD (Conf: 0.11)
2025-08-22 12:46:06,127 - INFO - ✓ ZYDUSLIFE: HOLD (Conf: 0.21)
2025-08-22 12:46:06,245 - INFO - ✓ BSOFT: HOLD (Conf: 0.13)
2025-08-22 12:46:06,298 - INFO - ✓ TVSMOTOR: HOLD (Conf: 0.27)
2025-08-22 12:46:06,428 - INFO - ✓ GODREJCP: HOLD (Conf: 0.21)
2025-08-22 12:46:06,485 - INFO - ✓ UNITDSPR: HOLD (Conf: 0.21)
2025-08-22 12:46:06,628 - INFO - ✓ BHARTIARTL: HOLD (Conf: 0.30)
2025-08-22 12:46:06,644 - INFO - ✓ PNB: HOLD (Conf: 0.05)
2025-08-22 12:46:06,812 - INFO - ✓ OFSS: HOLD (Conf: 0.07)
2025-08-22 12:46:06,828 - INFO - ✓ UNIONBANK: HOLD (Conf: 0.08)
2025-08-22 12:46:06,931 - INFO - ✓ GRANULES: HOLD (Conf: 0.09)
2025-08-22 12:46:07,011 - INFO - ✓ CANBK: HOLD (Conf: 0.14)
2025-08-22 12:46:07,178 - INFO - ✓ DIVISLAB: HOLD (Conf: 0.18)
2025-08-22 12:46:07,242 - INFO - ✓ MARUTI: HOLD (Conf: 0.30)
2025-08-22 12:46:07,271 - INFO - ✓ JSL: HOLD (Conf: 0.27)
2025-08-22 12:46:07,359 - INFO - ✓ IGL: HOLD (Conf: 0.14)
2025-08-22 12:46:07,464 - INFO - ✓ PETRONET: HOLD (Conf: 0.09)
2025-08-22 12:46:07,582 - INFO - ✓ ULTRACEMCO: HOLD (Conf: 0.24)
2025-08-22 12:46:07,618 - INFO - ✓ BIOCON: HOLD (Conf: 0.07)
2025-08-22 12:46:07,766 - INFO - ✓ TCS: HOLD (Conf: 0.07)
2025-08-22 12:46:07,799 - INFO - ✓ UNOMINDA: HOLD (Conf: 0.34)
2025-08-22 12:46:07,979 - INFO - ✓ NTPC: HOLD (Conf: 0.15)
2025-08-22 12:46:07,982 - INFO - ✓ COFORGE: HOLD (Conf: 0.34)
2025-08-22 12:46:08,099 - INFO - ✓ IIFL: HOLD (Conf: 0.15)
2025-08-22 12:46:08,150 - INFO - ✓ YESBANK: HOLD (Conf: 0.19)
2025-08-22 12:46:08,329 - INFO - ✓ M&MFIN: HOLD (Conf: 0.17)
2025-08-22 12:46:08,329 - INFO - ✓ SOLARINDS: HOLD (Conf: 0.14)
2025-08-22 12:46:08,430 - INFO - ✓ TECHM: HOLD (Conf: 0.08)
2025-08-22 12:46:08,514 - INFO - ✓ GMRAIRPORT: HOLD (Conf: 0.12)
2025-08-22 12:46:08,663 - INFO - ✓ NAUKRI: HOLD (Conf: 0.23)
2025-08-22 12:46:08,679 - INFO - ✓ TORNTPOWER: HOLD (Conf: 0.13)
2025-08-22 12:46:08,849 - INFO - ✓ PFC: HOLD (Conf: 0.07)
2025-08-22 12:46:08,849 - INFO - ✓ INDIANB: HOLD (Conf: 0.20)
2025-08-22 12:46:08,999 - INFO - ✓ IDEA: HOLD (Conf: 0.34)
2025-08-22 12:46:09,017 - INFO - ✓ PAGEIND: HOLD (Conf: 0.11)
2025-08-22 12:46:09,117 - INFO - ✓ ASTRAL: HOLD (Conf: 0.20)
2025-08-22 12:46:09,207 - INFO - ✓ FORTIS: HOLD (Conf: 0.18)
2025-08-22 12:46:09,364 - INFO - ✓ DLF: HOLD (Conf: 0.09)
2025-08-22 12:46:09,383 - INFO - ✓ POWERGRID: HOLD (Conf: 0.11)
2025-08-22 12:46:09,507 - INFO - ✓ ADANIPORTS: HOLD (Conf: 0.15)
2025-08-22 12:46:09,658 - INFO - ✓ IRB: HOLD (Conf: 0.12)
2025-08-22 12:46:09,679 - INFO - ✓ TITAGARH: HOLD (Conf: 0.25)
2025-08-22 12:46:09,769 - INFO - ✓ RECLTD: HOLD (Conf: 0.08)
2025-08-22 12:46:09,852 - INFO - ✓ BAJAJ-AUTO: HOLD (Conf: 0.23)
2025-08-22 12:46:09,973 - INFO - ✓ OIL: HOLD (Conf: 0.17)
2025-08-22 12:46:10,084 - INFO - ✓ BAJAJFINSV: HOLD (Conf: 0.20)
2025-08-22 12:46:10,105 - INFO - ✓ NHPC: HOLD (Conf: 0.09)
2025-08-22 12:46:10,190 - INFO - ✓ JSWENERGY: HOLD (Conf: 0.12)
2025-08-22 12:46:10,316 - INFO - ✓ PERSISTENT: HOLD (Conf: 0.21)
2025-08-22 12:46:10,355 - INFO - ✓ GODREJPROP: HOLD (Conf: 0.12)
2025-08-22 12:46:10,516 - INFO - ✓ JUBLFOOD: HOLD (Conf: 0.03)
2025-08-22 12:46:10,538 - INFO - ✓ SJVN: HOLD (Conf: 0.24)
2025-08-22 12:46:10,699 - INFO - ✓ PRESTIGE: HOLD (Conf: 0.20)
2025-08-22 12:46:10,710 - INFO - ✓ OBEROIRLTY: HOLD (Conf: 0.21)
2025-08-22 12:46:10,850 - INFO - ✓ COALINDIA: HOLD (Conf: 0.04)
2025-08-22 12:46:10,882 - INFO - ✓ DALBHARAT: HOLD (Conf: 0.19)
2025-08-22 12:46:11,000 - INFO - ✓ LTF: HOLD (Conf: 0.21)
2025-08-22 12:46:11,053 - INFO - ✓ MUTHOOTFIN: HOLD (Conf: 0.18)
2025-08-22 12:46:11,216 - INFO - ✓ PGEL: HOLD (Conf: 0.07)
2025-08-22 12:46:11,232 - INFO - ✓ APLAPOLLO: HOLD (Conf: 0.32)
2025-08-22 12:46:11,352 - INFO - ✓ MCX: HOLD (Conf: 0.02)
2025-08-22 12:46:11,403 - INFO - ✓ NBCC: HOLD (Conf: 0.07)
2025-08-22 12:46:11,487 - INFO - ✓ INDUSTOWER: HOLD (Conf: 0.22)
2025-08-22 12:46:11,576 - INFO - ✓ IRFC: HOLD (Conf: 0.02)
2025-08-22 12:46:11,736 - INFO - ✓ KALYANKJIL: HOLD (Conf: 0.12)
2025-08-22 12:46:11,736 - INFO - ✓ ABFRL: HOLD (Conf: 0.37)
2025-08-22 12:46:11,833 - INFO - ✓ SONACOMS: HOLD (Conf: 0.13)
2025-08-22 12:46:11,913 - INFO - ✓ LODHA: HOLD (Conf: 0.08)
2025-08-22 12:46:12,065 - INFO - ✓ ETERNAL: HOLD (Conf: 0.18)
2025-08-22 12:46:12,086 - INFO - ✓ NYKAA: HOLD (Conf: 0.21)
2025-08-22 12:46:12,203 - INFO - ✓ POLICYBZR: HOLD (Conf: 0.22)
2025-08-22 12:46:12,253 - INFO - ✓ PAYTM: HOLD (Conf: 0.21)
2025-08-22 12:46:12,354 - INFO - ✓ INOXWIND: HOLD (Conf: 0.17)
2025-08-22 12:46:12,448 - INFO - ✓ ADANIENSOL: HOLD (Conf: 0.12)
2025-08-22 12:46:12,617 - INFO - ✓ IDFCFIRSTB: HOLD (Conf: 0.09)
2025-08-22 12:46:12,633 - INFO - ✓ SYNGENE: HOLD (Conf: 0.28)
2025-08-22 12:46:12,737 - INFO - ✓ INDIGO: HOLD (Conf: 0.18)
2025-08-22 12:46:12,848 - INFO - ✓ ALKEM: HOLD (Conf: 0.21)
2025-08-22 12:46:12,954 - INFO - ✓ MGL: HOLD (Conf: 0.11)
2025-08-22 12:46:13,007 - INFO - ✓ CROMPTON: HOLD (Conf: 0.04)
2025-08-22 12:46:13,091 - INFO - ✓ LTIM: HOLD (Conf: 0.20)
2025-08-22 12:46:13,293 - INFO - ✓ PNBHOUSING: HOLD (Conf: 0.17)
2025-08-22 12:46:13,339 - INFO - ✓ ICICIPRULI: HOLD (Conf: 0.17)
2025-08-22 12:46:13,341 - INFO - ✓ RBLBANK: HOLD (Conf: 0.12)
2025-08-22 12:46:13,438 - INFO - ✓ VBL: HOLD (Conf: 0.31)
2025-08-22 12:59:14,595 - INFO - Analyzing 224 stocks for predictions...
2025-08-22 12:59:14,595 - INFO - Prediction timeframe: 1h
2025-08-22 12:59:14,595 - INFO - Next trading day: 2025-08-25 09:15 IST
2025-08-22 12:59:15,045 - INFO - ✓ LAURUSLABS: HOLD (Conf: 0.19)
2025-08-22 12:59:15,203 - INFO - ✓ BEL: HOLD (Conf: 0.04)
2025-08-22 12:59:15,233 - INFO - ✓ ABB: HOLD (Conf: 0.08)
2025-08-22 12:59:15,250 - INFO - ✓ BAJFINANCE: HOLD (Conf: 0.12)
2025-08-22 12:59:15,357 - INFO - ✓ BLUESTARCO: HOLD (Conf: 0.31)
2025-08-22 12:59:15,461 - INFO - ✓ CESC: HOLD (Conf: 0.21)
2025-08-22 12:59:15,597 - INFO - ✓ EXIDEIND: HOLD (Conf: 0.21)
2025-08-22 12:59:15,599 - INFO - ✓ CHAMBLFERT: HOLD (Conf: 0.21)
2025-08-22 12:59:15,692 - INFO - ✓ CIPLA: HOLD (Conf: 0.23)
2025-08-22 12:59:15,795 - INFO - ✓ BHEL: HOLD (Conf: 0.05)
2025-08-22 12:59:15,929 - INFO - ✓ CGPOWER: HOLD (Conf: 0.28)
2025-08-22 12:59:15,950 - INFO - ✓ DABUR: HOLD (Conf: 0.07)
2025-08-22 12:59:16,044 - INFO - ✓ HINDPETRO: HOLD (Conf: 0.01)
2025-08-22 12:59:16,129 - INFO - ✓ SBIN: HOLD (Conf: 0.24)
2025-08-22 12:59:16,214 - INFO - ✓ TITAN: HOLD (Conf: 0.21)
2025-08-22 12:59:16,329 - INFO - ✓ DRREDDY: HOLD (Conf: 0.24)
2025-08-22 12:59:16,383 - INFO - ✓ HDFCBANK: HOLD (Conf: 0.03)
2025-08-22 12:59:16,485 - INFO - ✓ HEROMOTOCO: HOLD (Conf: 0.19)
2025-08-22 12:59:16,553 - INFO - ✓ SAIL: HOLD (Conf: 0.17)
2025-08-22 12:59:16,707 - INFO - ✓ HFCL: HOLD (Conf: 0.10)
2025-08-22 12:59:16,727 - INFO - ✓ HINDZINC: HOLD (Conf: 0.08)
2025-08-22 12:59:16,852 - INFO - ✓ INFY: HOLD (Conf: 0.11)
2025-08-22 12:59:16,901 - INFO - ✓ JSWSTEEL: HOLD (Conf: 0.28)
2025-08-22 12:59:16,987 - INFO - ✓ TRENT: HOLD (Conf: 0.24)
2025-08-22 12:59:17,072 - INFO - ✓ KOTAKBANK: HOLD (Conf: 0.08)
2025-08-22 12:59:17,186 - INFO - ✓ LICHSGFIN: HOLD (Conf: 0.05)
2025-08-22 12:59:17,245 - INFO - ✓ LUPIN: HOLD (Conf: 0.34)
2025-08-22 12:59:17,418 - INFO - ✓ MFSL: HOLD (Conf: 0.18)
2025-08-22 12:59:17,419 - INFO - ✓ NCC: HOLD (Conf: 0.05)
2025-08-22 12:59:17,596 - INFO - ✓ GRASIM: HOLD (Conf: 0.18)
2025-08-22 12:59:17,597 - INFO - ✓ VEDL: HOLD (Conf: 0.39)
2025-08-22 12:59:17,721 - INFO - ✓ PEL: HOLD (Conf: 0.18)
2025-08-22 12:59:17,765 - INFO - ✓ ONGC: HOLD (Conf: 0.08)
2025-08-22 12:59:17,937 - INFO - ✓ RELIANCE: HOLD (Conf: 0.08)
2025-08-22 12:59:17,949 - INFO - ✓ PIDILITIND: HOLD (Conf: 0.34)
2025-08-22 12:59:18,089 - INFO - ✓ SHREECEM: HOLD (Conf: 0.10)
2025-08-22 12:59:18,124 - INFO - ✓ PATANJALI: HOLD (Conf: 0.06)
2025-08-22 12:59:18,244 - INFO - ✓ TATAPOWER: HOLD (Conf: 0.02)
2025-08-22 12:59:18,315 - INFO - ✓ TATAELXSI: HOLD (Conf: 0.12)
2025-08-22 12:59:18,479 - INFO - ✓ TORNTPHARM: HOLD (Conf: 0.34)
2025-08-22 12:59:18,481 - INFO - ✓ ACC: HOLD (Conf: 0.23)
2025-08-22 12:59:18,650 - INFO - ✓ AMBUJACEM: HOLD (Conf: 0.21)
2025-08-22 12:59:18,650 - INFO - ✓ HINDALCO: HOLD (Conf: 0.19)
2025-08-22 12:59:18,829 - INFO - ✓ TATASTEEL: HOLD (Conf: 0.08)
2025-08-22 12:59:18,841 - INFO - ✓ FEDERALBNK: HOLD (Conf: 0.13)
2025-08-22 12:59:19,017 - INFO - ✓ CUMMINSIND: HOLD (Conf: 0.31)
2025-08-22 12:59:19,019 - INFO - ✓ ASHOKLEY: HOLD (Conf: 0.31)
2025-08-22 12:59:19,120 - INFO - ✓ BHARATFORG: HOLD (Conf: 0.15)
2025-08-22 12:59:19,191 - INFO - ✓ TATACOMM: HOLD (Conf: 0.13)
2025-08-22 12:59:19,334 - INFO - ✓ M&M: HOLD (Conf: 0.31)
2025-08-22 12:59:19,363 - INFO - ✓ LT: HOLD (Conf: 0.07)
2025-08-22 12:59:19,490 - INFO - ✓ BPCL: HOLD (Conf: 0.02)
2025-08-22 12:59:19,542 - INFO - ✓ BOSCHLTD: HOLD (Conf: 0.34)
2025-08-22 12:59:19,627 - INFO - ✓ TATAMOTORS: HOLD (Conf: 0.27)
2025-08-22 12:59:19,715 - INFO - ✓ SIEMENS: HOLD (Conf: 0.18)
2025-08-22 12:59:19,881 - INFO - ✓ VOLTAS: HOLD (Conf: 0.23)
2025-08-22 12:59:19,883 - INFO - ✓ HINDUNILVR: HOLD (Conf: 0.28)
2025-08-22 12:59:19,972 - INFO - ✓ TATACHEM: HOLD (Conf: 0.11)
2025-08-22 12:59:20,219 - INFO - ✓ TATACONSUM: HOLD (Conf: 0.25)
2025-08-22 12:59:20,232 - INFO - ✓ NESTLEIND: HOLD (Conf: 0.18)
2025-08-22 12:59:20,233 - INFO - ✓ ASIANPAINT: HOLD (Conf: 0.28)
2025-08-22 12:59:20,321 - INFO - ✓ BRITANNIA: HOLD (Conf: 0.23)
2025-08-22 12:59:20,478 - INFO - ✓ ITC: HOLD (Conf: 0.04)
2025-08-22 12:59:20,494 - INFO - ✓ COLPAL: HOLD (Conf: 0.18)
2025-08-22 12:59:20,581 - INFO - ✓ INDHOTEL: HOLD (Conf: 0.23)
2025-08-22 12:59:20,672 - INFO - ✓ BALKRISIND: HOLD (Conf: 0.03)
2025-08-22 12:59:20,820 - INFO - ✓ SRF: HOLD (Conf: 0.07)
2025-08-22 12:59:20,842 - INFO - ✓ PHOENIXLTD: HOLD (Conf: 0.27)
2025-08-22 12:59:20,956 - INFO - ✓ EICHERMOT: HOLD (Conf: 0.21)
2025-08-22 12:59:21,025 - INFO - ✓ WIPRO: HOLD (Conf: 0.09)
2025-08-22 12:59:21,109 - INFO - ✓ SUPREMEIND: HOLD (Conf: 0.30)
2025-08-22 12:59:21,243 - INFO - ✓ APOLLOHOSP: HOLD (Conf: 0.22)
2025-08-22 12:59:21,345 - INFO - ✓ CHOLAFIN: HOLD (Conf: 0.31)
2025-08-22 12:59:21,374 - INFO - ✓ SHRIRAMFIN: HOLD (Conf: 0.23)
2025-08-22 12:59:21,473 - INFO - ✓ UPL: HOLD (Conf: 0.30)
2025-08-22 12:59:21,641 - INFO - ✓ LICI: HOLD (Conf: 0.08)
2025-08-22 12:59:21,642 - INFO - ✓ ADANIENT: HOLD (Conf: 0.09)
2025-08-22 12:59:21,815 - INFO - ✓ DELHIVERY: HOLD (Conf: 0.33)
2025-08-22 12:59:21,821 - INFO - ✓ HINDCOPPER: HOLD (Conf: 0.05)
2025-08-22 12:59:21,921 - INFO - ✓ HAVELLS: HOLD (Conf: 0.24)
2025-08-22 12:59:22,005 - INFO - ✓ MOTHERSON: HOLD (Conf: 0.14)
2025-08-22 12:59:22,172 - INFO - ✓ PPLPHARMA: HOLD (Conf: 0.08)
2025-08-22 12:59:22,184 - INFO - ✓ KEI: HOLD (Conf: 0.21)
2025-08-22 12:59:22,277 - INFO - ✓ KAYNES: HOLD (Conf: 0.33)
2025-08-22 12:59:22,430 - INFO - ✓ KFINTECH: HOLD (Conf: 0.08)
2025-08-22 12:59:22,450 - INFO - ✓ MANKIND: HOLD (Conf: 0.30)
2025-08-22 12:59:22,537 - INFO - ✓ POONAWALLA: HOLD (Conf: 0.36)
2025-08-22 12:59:22,637 - INFO - ✓ PIIND: HOLD (Conf: 0.23)
2025-08-22 12:59:22,771 - INFO - ✓ AARTIIND: HOLD (Conf: 0.02)
2025-08-22 12:59:22,793 - INFO - ✓ JIOFIN: HOLD (Conf: 0.02)
2025-08-22 12:59:22,886 - INFO - ✓ BSE: HOLD (Conf: 0.10)
2025-08-22 12:59:22,972 - INFO - ✓ DMART: HOLD (Conf: 0.30)
2025-08-22 12:59:23,140 - INFO - ✓ AUBANK: HOLD (Conf: 0.10)
2025-08-22 12:59:23,147 - INFO - ✓ HUDCO: HOLD (Conf: 0.09)
2025-08-22 12:59:23,240 - INFO - ✓ CDSL: HOLD (Conf: 0.08)
2025-08-22 12:59:23,488 - INFO - ✓ DIXON: HOLD (Conf: 0.24)
2025-08-22 12:59:23,488 - INFO - ✓ AUROPHARMA: HOLD (Conf: 0.13)
2025-08-22 12:59:23,501 - INFO - ✓ SUNPHARMA: HOLD (Conf: 0.11)
2025-08-22 12:59:23,589 - INFO - ✓ ABCAPITAL: HOLD (Conf: 0.21)
2025-08-22 12:59:23,685 - INFO - ✓ IREDA: HOLD (Conf: 0.09)
2025-08-22 12:59:23,838 - INFO - ✓ MPHASIS: HOLD (Conf: 0.20)
2025-08-22 12:59:23,866 - INFO - ✓ NMDC: HOLD (Conf: 0.01)
2025-08-22 12:59:23,954 - INFO - ✓ TATATECH: HOLD (Conf: 0.08)
2025-08-22 12:59:24,040 - INFO - ✓ SBILIFE: HOLD (Conf: 0.20)
2025-08-22 12:59:24,150 - INFO - ✓ ICICIGI: HOLD (Conf: 0.13)
2025-08-22 12:59:24,222 - INFO - ✓ IEX: HOLD (Conf: 0.11)
2025-08-22 12:59:24,314 - INFO - ✓ TIINDIA: HOLD (Conf: 0.23)
2025-08-22 12:59:24,482 - INFO - ✓ HDFCLIFE: HOLD (Conf: 0.24)
2025-08-22 12:59:24,554 - INFO - ✓ BDL: HOLD (Conf: 0.02)
2025-08-22 12:59:24,569 - INFO - ✓ AMBER: HOLD (Conf: 0.08)
2025-08-22 12:59:24,670 - INFO - ✓ BANDHANBNK: HOLD (Conf: 0.18)
2025-08-22 12:59:24,829 - INFO - ✓ HAL: HOLD (Conf: 0.01)
2025-08-22 12:59:24,924 - INFO - ✓ ADANIGREEN: HOLD (Conf: 0.09)
2025-08-22 12:59:24,924 - INFO - ✓ HDFCAMC: HOLD (Conf: 0.24)
2025-08-22 12:59:25,015 - INFO - ✓ ATGL: HOLD (Conf: 0.22)
2025-08-22 12:59:25,151 - INFO - ✓ IOC: HOLD (Conf: 0.23)
2025-08-22 12:59:25,257 - INFO - ✓ MANAPPURAM: HOLD (Conf: 0.24)
2025-08-22 12:59:25,275 - INFO - ✓ CONCOR: HOLD (Conf: 0.09)
2025-08-22 12:59:25,489 - INFO - ✓ KPITTECH: HOLD (Conf: 0.07)
2025-08-22 12:59:25,507 - INFO - ✓ RVNL: HOLD (Conf: 0.02)
2025-08-22 12:59:25,658 - INFO - ✓ POLYCAB: HOLD (Conf: 0.20)
2025-08-22 12:59:25,660 - INFO - ✓ MARICO: HOLD (Conf: 0.24)
2025-08-22 12:59:25,755 - INFO - ✓ IRCTC: HOLD (Conf: 0.13)
2025-08-22 12:59:25,900 - INFO - ✓ 360ONE: HOLD (Conf: 0.23)
2025-08-22 12:59:25,958 - INFO - ✓ MAXHEALTH: HOLD (Conf: 0.02)
2025-08-22 12:59:26,010 - INFO - ✓ SBICARD: HOLD (Conf: 0.11)
2025-08-22 12:59:26,165 - INFO - ✓ BANKBARODA: HOLD (Conf: 0.07)
2025-08-22 12:59:26,178 - INFO - ✓ BANKINDIA: HOLD (Conf: 0.19)
2025-08-22 12:59:26,340 - INFO - ✓ GAIL: HOLD (Conf: 0.08)
2025-08-22 12:59:26,354 - INFO - ✓ CAMS: HOLD (Conf: 0.14)
2025-08-22 12:59:26,526 - INFO - ✓ ANGELONE: HOLD (Conf: 0.15)
2025-08-22 12:59:26,527 - INFO - ✓ ICICIBANK: HOLD (Conf: 0.08)
2025-08-22 12:59:26,662 - INFO - ✓ CYIENT: HOLD (Conf: 0.28)
2025-08-22 12:59:26,697 - INFO - ✓ MAZDOCK: HOLD (Conf: 0.02)
2025-08-22 12:59:26,850 - INFO - ✓ INDUSINDBK: HOLD (Conf: 0.08)
2025-08-22 12:59:26,872 - INFO - ✓ AXISBANK: HOLD (Conf: 0.07)
2025-08-22 12:59:27,011 - INFO - ✓ NATIONALUM: HOLD (Conf: 0.10)
2025-08-22 12:59:27,050 - INFO - ✓ HCLTECH: HOLD (Conf: 0.07)
2025-08-22 12:59:27,138 - INFO - ✓ JINDALSTEL: HOLD (Conf: 0.18)
2025-08-22 12:59:27,223 - INFO - ✓ GLENMARK: HOLD (Conf: 0.11)
2025-08-22 12:59:27,395 - INFO - ✓ ZYDUSLIFE: HOLD (Conf: 0.21)
2025-08-22 12:59:27,396 - INFO - ✓ TVSMOTOR: HOLD (Conf: 0.27)
2025-08-22 12:59:27,485 - INFO - ✓ GODREJCP: HOLD (Conf: 0.21)
2025-08-22 12:59:27,590 - INFO - ✓ BSOFT: HOLD (Conf: 0.13)
2025-08-22 12:59:27,707 - INFO - ✓ BHARTIARTL: HOLD (Conf: 0.30)
2025-08-22 12:59:27,749 - INFO - ✓ UNITDSPR: HOLD (Conf: 0.21)
2025-08-22 12:59:27,846 - INFO - ✓ OFSS: HOLD (Conf: 0.07)
2025-08-22 12:59:27,938 - INFO - ✓ PNB: HOLD (Conf: 0.05)
2025-08-22 12:59:28,081 - INFO - ✓ GRANULES: HOLD (Conf: 0.09)
2025-08-22 12:59:28,121 - INFO - ✓ UNIONBANK: HOLD (Conf: 0.08)
2025-08-22 12:59:28,252 - INFO - ✓ DIVISLAB: HOLD (Conf: 0.18)
2025-08-22 12:59:28,296 - INFO - ✓ CANBK: HOLD (Conf: 0.14)
2025-08-22 12:59:28,399 - INFO - ✓ MARUTI: HOLD (Conf: 0.30)
2025-08-22 12:59:28,472 - INFO - ✓ JSL: HOLD (Conf: 0.27)
2025-08-22 12:59:28,637 - INFO - ✓ IGL: HOLD (Conf: 0.14)
2025-08-22 12:59:28,639 - INFO - ✓ PETRONET: HOLD (Conf: 0.09)
2025-08-22 12:59:28,746 - INFO - ✓ ULTRACEMCO: HOLD (Conf: 0.24)
2025-08-22 12:59:28,817 - INFO - ✓ BIOCON: HOLD (Conf: 0.07)
2025-08-22 12:59:28,980 - INFO - ✓ UNOMINDA: HOLD (Conf: 0.34)
2025-08-22 12:59:28,995 - INFO - ✓ TCS: HOLD (Conf: 0.07)
2025-08-22 12:59:29,143 - INFO - ✓ NTPC: HOLD (Conf: 0.15)
2025-08-22 12:59:29,168 - INFO - ✓ COFORGE: HOLD (Conf: 0.34)
2025-08-22 12:59:29,266 - INFO - ✓ IIFL: HOLD (Conf: 0.15)
2025-08-22 12:59:29,351 - INFO - ✓ YESBANK: HOLD (Conf: 0.19)
2025-08-22 12:59:29,439 - INFO - ✓ M&MFIN: HOLD (Conf: 0.17)
2025-08-22 12:59:29,522 - INFO - ✓ SOLARINDS: HOLD (Conf: 0.14)
2025-08-22 12:59:29,687 - INFO - ✓ TECHM: HOLD (Conf: 0.08)
2025-08-22 12:59:29,688 - INFO - ✓ GMRAIRPORT: HOLD (Conf: 0.12)
2025-08-22 12:59:29,781 - INFO - ✓ TORNTPOWER: HOLD (Conf: 0.13)
2025-08-22 12:59:29,878 - INFO - ✓ NAUKRI: HOLD (Conf: 0.23)
2025-08-22 12:59:29,970 - INFO - ✓ INDIANB: HOLD (Conf: 0.20)
2025-08-22 12:59:30,039 - INFO - ✓ PFC: HOLD (Conf: 0.07)
2025-08-22 12:59:30,126 - INFO - ✓ IDEA: HOLD (Conf: 0.34)
2025-08-22 12:59:30,212 - INFO - ✓ ASTRAL: HOLD (Conf: 0.20)
2025-08-22 12:59:30,380 - INFO - ✓ PAGEIND: HOLD (Conf: 0.11)
2025-08-22 12:59:30,382 - INFO - ✓ FORTIS: HOLD (Conf: 0.18)
2025-08-22 12:59:30,476 - INFO - ✓ DLF: HOLD (Conf: 0.09)
2025-08-22 12:59:30,689 - INFO - ✓ POWERGRID: HOLD (Conf: 0.11)
2025-08-22 12:59:30,720 - INFO - ✓ ADANIPORTS: HOLD (Conf: 0.15)
2025-08-22 12:59:30,733 - INFO - ✓ IRB: HOLD (Conf: 0.12)
2025-08-22 12:59:30,820 - INFO - ✓ RECLTD: HOLD (Conf: 0.08)
2025-08-22 12:59:30,928 - INFO - ✓ TITAGARH: HOLD (Conf: 0.25)
2025-08-22 12:59:31,016 - INFO - ✓ BAJAJFINSV: HOLD (Conf: 0.20)
2025-08-22 12:59:31,074 - INFO - ✓ BAJAJ-AUTO: HOLD (Conf: 0.23)
2025-08-22 12:59:31,164 - INFO - ✓ NHPC: HOLD (Conf: 0.09)
2025-08-22 12:59:31,416 - INFO - ✓ JSWENERGY: HOLD (Conf: 0.12)
2025-08-22 12:59:31,417 - INFO - ✓ OIL: HOLD (Conf: 0.17)
2025-08-22 12:59:31,417 - INFO - ✓ GODREJPROP: HOLD (Conf: 0.12)
2025-08-22 12:59:31,507 - INFO - ✓ JUBLFOOD: HOLD (Conf: 0.03)
2025-08-22 12:59:31,640 - INFO - ✓ OBEROIRLTY: HOLD (Conf: 0.21)
2025-08-22 12:59:31,752 - INFO - ✓ PERSISTENT: HOLD (Conf: 0.21)
2025-08-22 12:59:31,765 - INFO - ✓ SJVN: HOLD (Conf: 0.24)
2025-08-22 12:59:31,859 - INFO - ✓ PRESTIGE: HOLD (Conf: 0.20)
2025-08-22 12:59:32,025 - INFO - ✓ COALINDIA: HOLD (Conf: 0.04)
2025-08-22 12:59:32,076 - INFO - ✓ MUTHOOTFIN: HOLD (Conf: 0.18)
2025-08-22 12:59:32,115 - INFO - ✓ DALBHARAT: HOLD (Conf: 0.19)
2025-08-22 12:59:32,202 - INFO - ✓ LTF: HOLD (Conf: 0.21)
2025-08-22 12:59:32,306 - INFO - ✓ PGEL: HOLD (Conf: 0.07)
2025-08-22 12:59:32,450 - INFO - ✓ APLAPOLLO: HOLD (Conf: 0.32)
2025-08-22 12:59:32,457 - INFO - ✓ MCX: HOLD (Conf: 0.02)
2025-08-22 12:59:32,550 - INFO - ✓ NBCC: HOLD (Conf: 0.07)
2025-08-22 12:59:32,721 - INFO - ✓ INDUSTOWER: HOLD (Conf: 0.22)
2025-08-22 12:59:32,794 - INFO - ✓ KALYANKJIL: HOLD (Conf: 0.12)
2025-08-22 12:59:32,800 - INFO - ✓ IRFC: HOLD (Conf: 0.02)
2025-08-22 12:59:32,887 - INFO - ✓ ABFRL: HOLD (Conf: 0.37)
2025-08-22 12:59:33,043 - INFO - ✓ LODHA: HOLD (Conf: 0.08)
2025-08-22 12:59:33,121 - INFO - ✓ SONACOMS: HOLD (Conf: 0.13)
2025-08-22 12:59:33,137 - INFO - ✓ ETERNAL: HOLD (Conf: 0.18)
2025-08-22 12:59:33,222 - INFO - ✓ NYKAA: HOLD (Conf: 0.21)
2025-08-22 12:59:33,355 - INFO - ✓ PAYTM: HOLD (Conf: 0.21)
2025-08-22 12:59:33,422 - INFO - ✓ POLICYBZR: HOLD (Conf: 0.22)
2025-08-22 12:59:33,475 - INFO - ✓ INOXWIND: HOLD (Conf: 0.17)
2025-08-22 12:59:33,558 - INFO - ✓ ADANIENSOL: HOLD (Conf: 0.12)
2025-08-22 12:59:33,713 - INFO - ✓ SYNGENE: HOLD (Conf: 0.28)
2025-08-22 12:59:33,725 - INFO - ✓ IDFCFIRSTB: HOLD (Conf: 0.09)
2025-08-22 12:59:33,886 - INFO - ✓ ALKEM: HOLD (Conf: 0.21)
2025-08-22 12:59:33,898 - INFO - ✓ INDIGO: HOLD (Conf: 0.18)
2025-08-22 12:59:34,043 - INFO - ✓ CROMPTON: HOLD (Conf: 0.04)
2025-08-22 12:59:34,077 - INFO - ✓ MGL: HOLD (Conf: 0.11)
2025-08-22 12:59:34,225 - INFO - ✓ RBLBANK: HOLD (Conf: 0.12)
2025-08-22 12:59:34,243 - INFO - ✓ LTIM: HOLD (Conf: 0.20)
2025-08-22 12:59:34,381 - INFO - ✓ PNBHOUSING: HOLD (Conf: 0.17)
2025-08-22 12:59:34,415 - INFO - ✓ ICICIPRULI: HOLD (Conf: 0.17)
2025-08-22 12:59:34,506 - INFO - ✓ VBL: HOLD (Conf: 0.31)
