2025-08-22 09:05:32,726 - INFO - Starting Range Filter analyzer | UK: 09:05:32 | IST: 13:35:32 | Updates every 3 minutes
2025-08-22 09:05:32,726 - INFO - Running Range Filter analysis at UK: 2025-08-22 09:05:32 | IST: 2025-08-22 13:35:32
2025-08-22 09:05:32,746 - INFO - Analyzing 224 stocks with Range Filter strategy...
2025-08-22 09:05:43,802 - INFO - Completed: 224 successful, 0 failed
2025-08-22 09:05:43,832 - INFO - Saved Range Filter signals to range_filter_signals.csv
2025-08-22 09:08:43,880 - INFO - Running Range Filter analysis at UK: 2025-08-22 09:08:43 | IST: 2025-08-22 13:38:43
2025-08-22 09:08:43,920 - INFO - Analyzing 224 stocks with Range Filter strategy...
2025-08-22 09:08:54,494 - INFO - Completed: 224 successful, 0 failed
2025-08-22 09:08:54,519 - INFO - Saved Range Filter signals to range_filter_signals.csv
2025-08-22 09:11:54,542 - INFO - Running Range Filter analysis at UK: 2025-08-22 09:11:54 | IST: 2025-08-22 13:41:54
2025-08-22 09:11:54,576 - INFO - Analyzing 224 stocks with Range Filter strategy...
2025-08-22 09:12:05,234 - INFO - Completed: 224 successful, 0 failed
2025-08-22 09:12:05,259 - INFO - Saved Range Filter signals to range_filter_signals.csv
2025-08-22 09:15:05,280 - INFO - Running Range Filter analysis at UK: 2025-08-22 09:15:05 | IST: 2025-08-22 13:45:05
2025-08-22 09:15:05,329 - INFO - Analyzing 224 stocks with Range Filter strategy...
2025-08-22 09:15:15,530 - INFO - Completed: 224 successful, 0 failed
2025-08-22 09:15:15,548 - INFO - Saved Range Filter signals to range_filter_signals.csv
2025-08-22 09:18:15,591 - INFO - Running Range Filter analysis at UK: 2025-08-22 09:18:15 | IST: 2025-08-22 13:48:15
2025-08-22 09:18:15,625 - INFO - Analyzing 224 stocks with Range Filter strategy...
2025-08-22 09:18:26,319 - INFO - Completed: 224 successful, 0 failed
2025-08-22 09:18:26,339 - INFO - Saved Range Filter signals to range_filter_signals.csv
2025-08-22 09:21:26,385 - INFO - Running Range Filter analysis at UK: 2025-08-22 09:21:26 | IST: 2025-08-22 13:51:26
2025-08-22 09:21:26,428 - INFO - Analyzing 224 stocks with Range Filter strategy...
2025-08-22 09:21:36,716 - INFO - Completed: 224 successful, 0 failed
2025-08-22 09:21:36,733 - INFO - Saved Range Filter signals to range_filter_signals.csv
2025-08-22 09:24:36,795 - INFO - Running Range Filter analysis at UK: 2025-08-22 09:24:36 | IST: 2025-08-22 13:54:36
2025-08-22 09:24:36,837 - INFO - Analyzing 224 stocks with Range Filter strategy...
2025-08-22 09:24:48,435 - INFO - Completed: 224 successful, 0 failed
2025-08-22 09:24:48,457 - INFO - Saved Range Filter signals to range_filter_signals.csv
2025-08-22 09:27:48,511 - INFO - Running Range Filter analysis at UK: 2025-08-22 09:27:48 | IST: 2025-08-22 13:57:48
2025-08-22 09:27:48,532 - INFO - Analyzing 224 stocks with Range Filter strategy...
2025-08-22 09:27:59,163 - INFO - Completed: 224 successful, 0 failed
2025-08-22 09:27:59,181 - INFO - Saved Range Filter signals to range_filter_signals.csv
2025-08-22 09:30:59,255 - INFO - Running Range Filter analysis at UK: 2025-08-22 09:30:59 | IST: 2025-08-22 14:00:59
2025-08-22 09:30:59,289 - INFO - Analyzing 224 stocks with Range Filter strategy...
2025-08-22 09:31:10,488 - INFO - Completed: 224 successful, 0 failed
2025-08-22 09:31:10,507 - INFO - Saved Range Filter signals to range_filter_signals.csv
2025-08-22 09:34:10,545 - INFO - Running Range Filter analysis at UK: 2025-08-22 09:34:10 | IST: 2025-08-22 14:04:10
2025-08-22 09:34:10,559 - INFO - Analyzing 224 stocks with Range Filter strategy...
2025-08-22 09:34:21,067 - INFO - Completed: 224 successful, 0 failed
2025-08-22 09:34:21,088 - INFO - Saved Range Filter signals to range_filter_signals.csv
2025-08-22 09:37:21,113 - INFO - Running Range Filter analysis at UK: 2025-08-22 09:37:21 | IST: 2025-08-22 14:07:21
2025-08-22 09:37:21,166 - INFO - Analyzing 224 stocks with Range Filter strategy...
2025-08-22 09:37:31,827 - INFO - Completed: 224 successful, 0 failed
2025-08-22 09:37:31,845 - INFO - Saved Range Filter signals to range_filter_signals.csv
2025-08-22 09:40:31,901 - INFO - Running Range Filter analysis at UK: 2025-08-22 09:40:31 | IST: 2025-08-22 14:10:31
2025-08-22 09:40:31,917 - INFO - Analyzing 224 stocks with Range Filter strategy...
2025-08-22 09:40:42,650 - INFO - Completed: 224 successful, 0 failed
2025-08-22 09:40:42,666 - INFO - Saved Range Filter signals to range_filter_signals.csv
2025-08-22 09:43:42,728 - INFO - Running Range Filter analysis at UK: 2025-08-22 09:43:42 | IST: 2025-08-22 14:13:42
2025-08-22 09:43:42,760 - INFO - Analyzing 224 stocks with Range Filter strategy...
2025-08-22 09:43:54,468 - INFO - Completed: 224 successful, 0 failed
2025-08-22 09:43:54,484 - INFO - Saved Range Filter signals to range_filter_signals.csv
2025-08-22 09:46:54,511 - INFO - Running Range Filter analysis at UK: 2025-08-22 09:46:54 | IST: 2025-08-22 14:16:54
2025-08-22 09:46:54,545 - INFO - Analyzing 224 stocks with Range Filter strategy...
2025-08-22 09:47:11,700 - ERROR - $UNIONBANK.NS: possibly delisted; no price data found  (period=1d)
2025-08-22 09:47:11,702 - INFO - Completed: 223 successful, 1 failed
2025-08-22 09:47:11,738 - INFO - Saved Range Filter signals to range_filter_signals.csv
2025-08-22 09:50:11,801 - INFO - Running Range Filter analysis at UK: 2025-08-22 09:50:11 | IST: 2025-08-22 14:20:11
2025-08-22 09:50:11,842 - INFO - Analyzing 224 stocks with Range Filter strategy...
2025-08-22 09:50:23,433 - INFO - Completed: 224 successful, 0 failed
2025-08-22 09:50:23,449 - INFO - Saved Range Filter signals to range_filter_signals.csv
2025-08-22 09:53:23,486 - INFO - Running Range Filter analysis at UK: 2025-08-22 09:53:23 | IST: 2025-08-22 14:23:23
2025-08-22 09:53:23,533 - INFO - Analyzing 224 stocks with Range Filter strategy...
2025-08-22 09:53:34,490 - INFO - Completed: 224 successful, 0 failed
2025-08-22 09:53:34,509 - INFO - Saved Range Filter signals to range_filter_signals.csv
2025-08-22 09:54:24,297 - INFO - Range Filter analyzer stopped by user
2025-08-22 10:14:18,944 - INFO - Starting Range Filter analyzer | UK: 10:14:18 | IST: 14:44:18 | Updates every 3 minutes
2025-08-22 10:14:18,945 - INFO - Running Range Filter analysis at UK: 2025-08-22 10:14:18 | IST: 2025-08-22 14:44:18
2025-08-22 10:14:18,963 - INFO - Analyzing 224 stocks with Range Filter strategy...
2025-08-22 10:14:30,454 - INFO - Completed: 224 successful, 0 failed
2025-08-22 10:14:30,475 - INFO - Saved Range Filter signals to range_filter_signals.csv
2025-08-22 10:17:30,510 - INFO - Running Range Filter analysis at UK: 2025-08-22 10:17:30 | IST: 2025-08-22 14:47:30
2025-08-22 10:17:30,551 - INFO - Analyzing 224 stocks with Range Filter strategy...
2025-08-22 10:17:42,105 - INFO - Completed: 224 successful, 0 failed
2025-08-22 10:17:42,123 - INFO - Saved Range Filter signals to range_filter_signals.csv
2025-08-22 10:18:52,275 - INFO - Range Filter analyzer stopped by user
