2025-05-06 21:19:31,080 - INFO: Starting sector-based stock analysis - 2025-05-06
2025-05-06 21:19:32,129 - ERROR: 
1 Failed download:
2025-05-06 21:19:32,130 - ERROR: ['NATIONALUM.NS']: YFRateLimitError('Too Many Requests. Rate limited. Try after a while.')
2025-05-06 21:19:32,146 - WARNING: No meaningful data for NATIONALUM.NS
2025-05-06 21:19:32,785 - ERROR: 
1 Failed download:
2025-05-06 21:19:32,786 - ERROR: ['SAIL.NS']: YFRateLimitError('Too Many Requests. Rate limited. Try after a while.')
2025-05-06 21:19:32,792 - WARNING: No meaningful data for SAIL.NS
2025-05-06 21:19:33,435 - ERROR: 
1 Failed download:
2025-05-06 21:19:33,435 - ERROR: ['HINDALCO.NS']: YFRateLimitError('Too Many Requests. Rate limited. Try after a while.')
2025-05-06 21:19:33,444 - WARNING: No meaningful data for HINDALCO.NS
2025-05-06 21:19:34,090 - ERROR: 
1 Failed download:
2025-05-06 21:19:34,091 - ERROR: ['TATASTEEL.NS']: YFRateLimitError('Too Many Requests. Rate limited. Try after a while.')
2025-05-06 21:19:34,108 - WARNING: No meaningful data for TATASTEEL.NS
2025-05-06 21:19:34,757 - ERROR: 
1 Failed download:
2025-05-06 21:19:34,757 - ERROR: ['JSL.NS']: YFRateLimitError('Too Many Requests. Rate limited. Try after a while.')
2025-05-06 21:19:34,763 - WARNING: No meaningful data for JSL.NS
2025-05-06 21:19:35,519 - ERROR: 
1 Failed download:
2025-05-06 21:19:35,520 - ERROR: ['VEDL.NS']: YFRateLimitError('Too Many Requests. Rate limited. Try after a while.')
2025-05-06 21:19:35,529 - WARNING: No meaningful data for VEDL.NS
2025-05-06 21:19:36,270 - ERROR: 
1 Failed download:
2025-05-06 21:19:36,270 - ERROR: ['NMDC.NS']: YFRateLimitError('Too Many Requests. Rate limited. Try after a while.')
2025-05-06 21:19:36,278 - WARNING: No meaningful data for NMDC.NS
2025-05-06 21:19:36,882 - ERROR: 
1 Failed download:
2025-05-06 21:19:36,883 - ERROR: ['APLAPOLLO.NS']: YFRateLimitError('Too Many Requests. Rate limited. Try after a while.')
2025-05-06 21:19:36,890 - WARNING: No meaningful data for APLAPOLLO.NS
