2025-04-22 17:44:37,867 - INFO: Starting sector-based stock analysis - 2025-04-22
2025-04-22 18:00:31,804 - ERROR: 404 Client Error: Not Found for url: https://query2.finance.yahoo.com/v10/finance/quoteSummary/BAJAJAUTO.NS?modules=financialData%2CquoteType%2CdefaultKeyStatistics%2CassetProfile%2CsummaryDetail&corsDomain=finance.yahoo.com&formatted=false&symbol=BAJAJAUTO.NS&crumb=Jp7MqjoTJ8U
2025-04-22 18:00:31,816 - ERROR: 
1 Failed download:
2025-04-22 18:00:31,818 - ERROR: ['BAJAJAUTO.NS']: AttributeError("'NoneType' object has no attribute 'update'")
2025-04-22 18:00:31,826 - WARNING: No meaningful data for BAJAJAUTO.NS
2025-04-22 19:00:19,500 - INFO: Saved agreement report to C:\Users\Rajee\OneDrive\stock\lab\strongtrendz.com-\.vscode\output\arima_lstm_agreement_20250422_190019.csv
2025-04-22 19:00:19,510 - INFO: Saved top picks to C:\Users\Rajee\OneDrive\stock\lab\strongtrendz.com-\.vscode\output\top_picks_20250422_190019.csv
2025-04-22 19:00:19,514 - INFO: Saved sector performance to C:\Users\Rajee\OneDrive\stock\lab\strongtrendz.com-\.vscode\output\sector_performance_20250422_190019.csv
2025-04-22 19:00:19,544 - INFO: Saved consolidated analysis results to C:\Users\Rajee\OneDrive\stock\lab\strongtrendz.com-\.vscode\output\sector_analysis_20250422_190019.json
2025-04-22 19:00:19,556 - INFO: 
--- Analysis Summary ---
2025-04-22 19:00:19,558 - INFO: Total Stocks Analyzed: 140
2025-04-22 19:00:19,559 - INFO: Successfully Analyzed: 140
2025-04-22 19:00:19,559 - INFO: Failed Analyses: 0
2025-04-22 19:00:19,560 - INFO: Stocks with ARIMA-LSTM agreement: 124 (88.6%)
2025-04-22 19:00:19,560 - INFO: Top BUY recommendations: 4
2025-04-22 19:00:19,560 - INFO: Top SELL recommendations: 10
2025-04-22 19:00:19,560 - INFO: 
Sector Performance:
2025-04-22 19:00:19,561 - INFO: NIFTY_CONSUMER: -1.61% (DOWN)
2025-04-22 19:00:19,561 - INFO: NIFTY_ENERGY: -1.70% (DOWN)
2025-04-22 19:00:19,561 - INFO: NIFTY_PHARMA: -2.57% (DOWN)
2025-04-22 19:00:19,561 - INFO: NIFTY_HEALTHCARE: -2.83% (DOWN)
2025-04-22 19:00:19,562 - INFO: NIFTY_IT: -2.97% (DOWN)
2025-04-22 19:00:19,562 - INFO: NIFTY_FIN_SERVICE: -3.17% (DOWN)
2025-04-22 19:00:19,563 - INFO: NIFTY_AUTO: -3.28% (DOWN)
2025-04-22 19:00:19,563 - INFO: UNKNOWN: -3.38% (DOWN)
2025-04-22 19:00:19,563 - INFO: NIFTY_MEDIA: -3.40% (DOWN)
2025-04-22 19:00:19,563 - INFO: NIFTY_METAL: -3.87% (DOWN)
2025-04-22 19:00:19,564 - INFO: NIFTY_OIL_AND_GAS: -3.99% (DOWN)
2025-04-22 19:00:19,564 - INFO: NIFTY_CONSUMPTION: -4.55% (DOWN)
2025-04-22 19:00:19,564 - INFO: NIFTY_BANK: -4.73% (DOWN)
2025-04-22 19:00:19,564 - INFO: NIFTY_PSU_BANK: -4.87% (DOWN)
2025-04-22 19:00:19,565 - INFO: NIFTY_PVT_BANK: -5.69% (DOWN)
2025-04-22 19:00:19,565 - INFO: NIFTY_REALTY: -5.85% (DOWN)
