2025-04-23 21:03:46,077 - INFO: Starting sector-based stock analysis - 2025-04-23
2025-04-23 21:31:43,564 - ERROR: 404 Client Error: Not Found for url: https://query2.finance.yahoo.com/v10/finance/quoteSummary/BAJAJAUTO.NS?modules=financialData%2CquoteType%2CdefaultKeyStatistics%2CassetProfile%2CsummaryDetail&corsDomain=finance.yahoo.com&formatted=false&symbol=BAJAJAUTO.NS&crumb=uKEhgQWXo9T
2025-04-23 21:31:43,566 - ERROR: 
1 Failed download:
2025-04-23 21:31:43,567 - ERROR: ['BAJAJAUTO.NS']: AttributeError("'NoneType' object has no attribute 'update'")
2025-04-23 21:31:43,576 - WARNING: No meaningful data for BAJAJAUTO.NS
2025-04-23 23:12:04,810 - ERROR: 
1 Failed download:
2025-04-23 23:12:04,811 - ERROR: ['SBILIFE.NS']: ConnectionError(ProtocolError('Connection aborted.', ConnectionResetError(10054, 'An existing connection was forcibly closed by the remote host', None, 10054, None)))
2025-04-23 23:12:04,819 - WARNING: No meaningful data for SBILIFE.NS
2025-04-23 23:19:51,582 - INFO: Saved agreement report to C:\Users\Rajee\OneDrive\stock\lab\strongtrendz.com-\.vscode\output\arima_lstm_agreement_20250423_231951.csv
2025-04-23 23:19:51,591 - INFO: Saved top picks to C:\Users\Rajee\OneDrive\stock\lab\strongtrendz.com-\.vscode\output\top_picks_20250423_231951.csv
2025-04-23 23:19:51,596 - INFO: Saved sector performance to C:\Users\Rajee\OneDrive\stock\lab\strongtrendz.com-\.vscode\output\sector_performance_20250423_231951.csv
2025-04-23 23:19:51,628 - INFO: Saved consolidated analysis results to C:\Users\Rajee\OneDrive\stock\lab\strongtrendz.com-\.vscode\output\sector_analysis_20250423_231951.json
2025-04-23 23:19:51,647 - INFO: 
--- Analysis Summary ---
2025-04-23 23:19:51,648 - INFO: Total Stocks Analyzed: 139
2025-04-23 23:19:51,648 - INFO: Successfully Analyzed: 139
2025-04-23 23:19:51,648 - INFO: Failed Analyses: 0
2025-04-23 23:19:51,649 - INFO: Stocks with ARIMA-LSTM agreement: 108 (77.7%)
2025-04-23 23:19:51,649 - INFO: Top BUY recommendations: 6
2025-04-23 23:19:51,650 - INFO: Top SELL recommendations: 10
2025-04-23 23:19:51,650 - INFO: 
Sector Performance:
2025-04-23 23:19:51,651 - INFO: UNKNOWN: -1.45% (DOWN)
2025-04-23 23:19:51,651 - INFO: NIFTY_CONSUMPTION: -1.63% (DOWN)
2025-04-23 23:19:51,651 - INFO: NIFTY_FIN_SERVICE: -1.75% (DOWN)
2025-04-23 23:19:51,652 - INFO: NIFTY_ENERGY: -1.84% (DOWN)
2025-04-23 23:19:51,652 - INFO: NIFTY_OIL_AND_GAS: -1.89% (DOWN)
2025-04-23 23:19:51,652 - INFO: NIFTY_BANK: -2.21% (DOWN)
2025-04-23 23:19:51,653 - INFO: NIFTY_METAL: -2.36% (DOWN)
2025-04-23 23:19:51,653 - INFO: NIFTY_PSU_BANK: -2.44% (DOWN)
2025-04-23 23:19:51,654 - INFO: NIFTY_PVT_BANK: -2.64% (DOWN)
2025-04-23 23:19:51,654 - INFO: NIFTY_PHARMA: -2.93% (DOWN)
2025-04-23 23:19:51,655 - INFO: NIFTY_CONSUMER: -2.94% (DOWN)
2025-04-23 23:19:51,655 - INFO: NIFTY_HEALTHCARE: -2.96% (DOWN)
2025-04-23 23:19:51,655 - INFO: NIFTY_MEDIA: -2.99% (DOWN)
2025-04-23 23:19:51,656 - INFO: NIFTY_AUTO: -3.74% (DOWN)
2025-04-23 23:19:51,656 - INFO: NIFTY_IT: -5.08% (DOWN)
2025-04-23 23:19:51,656 - INFO: NIFTY_REALTY: -5.42% (DOWN)
