2025-04-29 10:16:04,987 - INFO - 
==================================================
PROGRAM START
==================================================
2025-04-29 10:16:04,988 - INFO - ==========================================
2025-04-29 10:16:04,988 - INFO - Starting Dhan Sector-Based Trading Program
2025-04-29 10:16:04,988 - INFO - ==========================================
2025-04-29 10:16:04,989 - INFO - Current time: 2025-04-29 10:16:04
2025-04-29 10:16:04,989 - INFO - Step 1: Loading trading configuration...
2025-04-29 10:16:04,989 - INFO - Loading trading configuration from trading_config.json
2025-04-29 10:16:04,991 - INFO - Configuration loaded successfully
2025-04-29 10:16:04,991 - INFO - Found 5 active tickers out of 5 total
2025-04-29 10:16:04,991 - INFO - Step 2: Initializing Dhan API client...
2025-04-29 10:16:04,992 - INFO - Initializing Dhan client with client_id: 1106497024
2025-04-29 10:16:04,992 - INFO - Dhan API client initialized successfully
2025-04-29 10:16:05,562 - INFO - Dhan API connection test successful
2025-04-29 10:16:05,563 - INFO - Step 3: Loading sector mapping...
2025-04-29 10:16:05,563 - INFO - Loading sector mapping from sector_mapping.json
2025-04-29 10:16:05,576 - INFO - Sector mapping loaded successfully with 176 tickers
2025-04-29 10:16:05,576 - INFO - Found 14 unique sectors
2025-04-29 10:16:05,576 - INFO - Step 4: Loading security IDs mapping from Excel...
2025-04-29 10:16:05,577 - INFO - Loading security IDs from security_ids.xlsx
2025-04-29 10:16:14,916 - INFO - Successfully read Excel file with 1850 rows
2025-04-29 10:16:14,916 - INFO - Excel columns: ['SEM_EXM_EXCH_ID', 'SEM_SEGMENT', 'SEM_SMST_SECURITY_ID', 'SEM_INSTRUMENT_NAME', 'SEM_EXPIRY_CODE', 'SEM_TRADING_SYMBOL', 'SEM_LOT_UNITS', 'SEM_CUSTOM_SYMBOL', 'SEM_EXPIRY_DATE', 'SEM_STRIKE_PRICE', 'SEM_OPTION_TYPE', 'SEM_TICK_SIZE', 'SEM_EXPIRY_FLAG', 'SEM_EXCH_INSTRUMENT_TYPE', 'SEM_SERIES', 'SM_SYMBOL_NAME']
2025-04-29 10:16:14,917 - INFO - Using columns: Symbol='SEM_TRADING_SYMBOL', ID='SEM_SMST_SECURITY_ID'
2025-04-29 10:16:14,917 - INFO - First few rows for debugging:
2025-04-29 10:16:14,918 - INFO - Row 1: Symbol=ARE&M, ID=100
2025-04-29 10:16:14,919 - INFO - Row 2: Symbol=EMAMIPAP, ID=10074
2025-04-29 10:16:14,920 - INFO - Row 3: Symbol=FACT, ID=1008
2025-04-29 10:16:14,920 - INFO - Row 4: Symbol=GODREJCP, ID=10099
2025-04-29 10:16:14,920 - INFO - Row 5: Symbol=SCHAEFFLER, ID=1011
2025-04-29 10:16:15,049 - INFO - Security IDs mapping created with 3700 entries
2025-04-29 10:16:15,050 - INFO - Checking for critical symbols:
2025-04-29 10:16:15,050 - INFO - Found ID for SYNGENE: 10243
2025-04-29 10:16:15,050 - INFO - Found ID for SYNGENE.NS: 10243
2025-04-29 10:16:15,050 - INFO - Found ID for GRANULES: 11872
2025-04-29 10:16:15,051 - INFO - Found ID for GRANULES.NS: 11872
2025-04-29 10:16:15,051 - INFO - Found ID for ZEEL: 3812
2025-04-29 10:16:15,052 - INFO - Found ID for ZEEL.NS: 3812
2025-04-29 10:16:15,052 - INFO - Found ID for SBILIFE: 21808
2025-04-29 10:16:15,052 - INFO - Found ID for SBILIFE.NS: 21808
2025-04-29 10:16:15,052 - INFO - Found ID for RBLBANK: 18391
2025-04-29 10:16:15,052 - INFO - Found ID for RBLBANK.NS: 18391
2025-04-29 10:16:15,053 - INFO - Sample security IDs: [('ARE&M', '100'), ('ARE&M.NS', '100'), ('EMAMIPAP', '10074'), ('EMAMIPAP.NS', '10074'), ('FACT', '1008'), ('FACT.NS', '1008'), ('GODREJCP', '10099'), ('GODREJCP.NS', '10099'), ('SCHAEFFLER', '1011'), ('SCHAEFFLER.NS', '1011')]
2025-04-29 10:16:15,054 - INFO - Step 4.5: Validating security IDs for active tickers...
2025-04-29 10:16:15,054 - INFO - 
==================================================
VALIDATING SECURITY IDS
==================================================
2025-04-29 10:16:15,055 - INFO - Found 5 active tickers to validate
2025-04-29 10:16:15,056 - INFO - Found security ID for SYNGENE.NS via SYNGENE.NS: 10243
2025-04-29 10:16:15,056 - INFO - Found security ID for ZEEL.NS via ZEEL.NS: 3812
2025-04-29 10:16:15,056 - INFO - Found security ID for GRANULES.NS via GRANULES.NS: 11872
2025-04-29 10:16:15,057 - INFO - Found security ID for SBILIFE.NS via SBILIFE.NS: 21808
2025-04-29 10:16:15,058 - INFO - Found security ID for RBLBANK.NS via RBLBANK.NS: 18391
2025-04-29 10:16:15,058 - INFO - All active tickers have security IDs
2025-04-29 10:16:15,058 - INFO - Step 5: Loading existing positions...
2025-04-29 10:16:15,060 - INFO - Loaded 2 existing positions
2025-04-29 10:16:15,063 - INFO - Positions: 1 open, 1 closed
2025-04-29 10:16:15,065 - INFO - Open positions:
2025-04-29 10:16:15,065 - INFO -   SELL SBILIFE.NS (Order ID: 9125042916552)
2025-04-29 10:16:15,066 - INFO - Step 6: Starting trading loop (check interval: 30 seconds)...
2025-04-29 10:16:15,066 - INFO - 
==================================================
TRADING CYCLE 1
==================================================
2025-04-29 10:16:15,067 - INFO - Trading cycle 1 started at 2025-04-29 10:16:15
2025-04-29 10:16:15,067 - INFO - 
==================================================
READING SECTOR PERFORMANCE DATA
==================================================
2025-04-29 10:16:15,068 - INFO - Reading sector performance data from sector.csv
2025-04-29 10:16:15,068 - INFO - File last modified: 2025-04-29 09:46:13
2025-04-29 10:16:15,071 - INFO - Latest timestamp in data: 2025-04-29 09:46:13
2025-04-29 10:16:15,071 - INFO - Loaded data for 10 sectors
2025-04-29 10:16:15,072 - INFO - Sector performance details:
2025-04-29 10:16:15,072 - INFO -   IT: POSITIVE (1.68%)
2025-04-29 10:16:15,073 - INFO -   PSU Bank: POSITIVE (0.46%)
2025-04-29 10:16:15,074 - INFO -   Energy: NEGATIVE (-0.06%)
2025-04-29 10:16:15,074 - INFO -   Auto: NEGATIVE (-0.18%)
2025-04-29 10:16:15,074 - INFO -   FMCG: NEGATIVE (-0.21%)
2025-04-29 10:16:15,075 - INFO -   Realty: NEGATIVE (-0.28%)
2025-04-29 10:16:15,075 - INFO -   Financial Services: NEGATIVE (-0.39%)
2025-04-29 10:16:15,075 - INFO -   Media: NEGATIVE (-0.54%)
2025-04-29 10:16:15,076 - INFO -   Metal: NEGATIVE (-0.69%)
2025-04-29 10:16:15,076 - INFO -   Pharma: NEGATIVE (-0.84%)
2025-04-29 10:16:15,077 - INFO - 
==================================================
SECTOR DATA READ COMPLETE
==================================================
2025-04-29 10:16:15,079 - INFO - 
==================================================
PROCESSING SECTOR DATA
==================================================
2025-04-29 10:16:15,082 - INFO - Processed performance data for 10 sectors
2025-04-29 10:16:15,082 - INFO - Processing existing positions for potential exits...
2025-04-29 10:16:15,082 - INFO - 
==================================================
PROCESSING EXISTING POSITIONS
==================================================
2025-04-29 10:16:15,083 - INFO - Processing 2 existing positions
2025-04-29 10:16:15,084 - INFO - Skipping already closed position for ZEEL.NS
2025-04-29 10:16:15,084 - INFO - Checking position: SELL SBILIFE.NS (Sector: Financial Services)
2025-04-29 10:16:15,084 - INFO - SECURITY ID LOOKUP: Searching for SBILIFE.NS
2025-04-29 10:16:15,084 - INFO - Trying exact match for 'SBILIFE.NS'
2025-04-29 10:16:15,084 - INFO - FOUND EXACT MATCH: ID 21808 for SBILIFE.NS
2025-04-29 10:16:15,085 - INFO - Sector Financial Services is NEGATIVE with -0.39% change
2025-04-29 10:16:15,085 - INFO - Getting current market price for SBILIFE.NS
2025-04-29 10:16:15,085 - INFO - Failed to get quote using symbol: 'dhanhq' object has no attribute 'get_quote'
2025-04-29 10:16:15,085 - INFO - Failed to get LTP using security_id: 'dhanhq' object has no attribute 'get_ltp'
2025-04-29 10:16:15,085 - INFO - Failed to get price from candles: 'dhanhq' object has no attribute 'intraday_daily_minute_charts'
2025-04-29 10:16:15,086 - ERROR - Could not get current market price for SBILIFE.NS
2025-04-29 10:16:15,086 - WARNING - Could not get current market price for SBILIFE.NS
2025-04-29 10:16:15,087 - INFO - No positions needed to be exited
2025-04-29 10:16:15,087 - INFO - 
==================================================
POSITION PROCESSING COMPLETE
==================================================
2025-04-29 10:16:15,087 - INFO - Looking for new trading opportunities...
2025-04-29 10:16:15,088 - INFO - 
==================================================
FINDING NEW TRADING OPPORTUNITIES
==================================================
2025-04-29 10:16:15,088 - INFO - Found 5 active tickers out of 5 total
2025-04-29 10:16:15,088 - INFO - Processing tickers in order: ['SYNGENE.NS', 'ZEEL.NS', 'GRANULES.NS', 'SBILIFE.NS', 'RBLBANK.NS']
2025-04-29 10:16:15,089 - INFO - Already have open positions for: ['SBILIFE.NS']
2025-04-29 10:16:15,090 - INFO - Current sector performances:
2025-04-29 10:16:15,090 - INFO -   Sector IT: POSITIVE (1.68%)
2025-04-29 10:16:15,092 - INFO -   Sector PSU Bank: POSITIVE (0.46%)
2025-04-29 10:16:15,092 - INFO -   Sector Energy: NEGATIVE (-0.06%)
2025-04-29 10:16:15,093 - INFO -   Sector Auto: NEGATIVE (-0.18%)
2025-04-29 10:16:15,095 - INFO -   Sector FMCG: NEGATIVE (-0.21%)
2025-04-29 10:16:15,096 - INFO -   Sector Realty: NEGATIVE (-0.28%)
2025-04-29 10:16:15,098 - INFO -   Sector Financial Services: NEGATIVE (-0.39%)
2025-04-29 10:16:15,099 - INFO -   Sector Media: NEGATIVE (-0.54%)
2025-04-29 10:16:15,100 - INFO -   Sector Metal: NEGATIVE (-0.69%)
2025-04-29 10:16:15,100 - INFO -   Sector Pharma: NEGATIVE (-0.84%)
2025-04-29 10:16:15,101 - INFO - Processing ticker 1: SYNGENE.NS
2025-04-29 10:16:15,101 - INFO - Found sector Pharma for SYNGENE.NS
2025-04-29 10:16:15,101 - INFO - Evaluating SYNGENE.NS in sector Pharma (-0.84%)
2025-04-29 10:16:15,101 - INFO - Not trading SYNGENE.NS - sector performance doesn't match strategy
2025-04-29 10:16:15,101 - INFO -   Transaction type: BUY
2025-04-29 10:16:15,102 - INFO -   Sector is_positive: False
2025-04-29 10:16:15,102 - INFO - Processing ticker 2: ZEEL.NS
2025-04-29 10:16:15,102 - INFO - Found sector Media for ZEEL.NS
2025-04-29 10:16:15,102 - INFO - Evaluating ZEEL.NS in sector Media (-0.54%)
2025-04-29 10:16:15,103 - INFO - Not trading ZEEL.NS - sector performance doesn't match strategy
2025-04-29 10:16:15,103 - INFO -   Transaction type: BUY
2025-04-29 10:16:15,103 - INFO -   Sector is_positive: False
2025-04-29 10:16:15,104 - INFO - Processing ticker 3: GRANULES.NS
2025-04-29 10:16:15,104 - INFO - Found sector Pharma for GRANULES.NS
2025-04-29 10:16:15,104 - INFO - Evaluating GRANULES.NS in sector Pharma (-0.84%)
2025-04-29 10:16:15,104 - INFO - Not trading GRANULES.NS - sector performance doesn't match strategy
2025-04-29 10:16:15,105 - INFO -   Transaction type: BUY
2025-04-29 10:16:15,105 - INFO -   Sector is_positive: False
2025-04-29 10:16:15,105 - INFO - Processing ticker 4: SBILIFE.NS
2025-04-29 10:16:15,105 - INFO - Skipping SBILIFE.NS - already have an open position
2025-04-29 10:16:15,106 - INFO - Processing ticker 5: RBLBANK.NS
2025-04-29 10:16:15,106 - INFO - Found sector PVT Bank for RBLBANK.NS
2025-04-29 10:16:15,106 - WARNING - No performance data for sector PVT Bank
2025-04-29 10:16:15,106 - INFO - Ticker processing summary:
2025-04-29 10:16:15,106 - INFO -   Total tickers considered: 5
2025-04-29 10:16:15,107 - INFO -   Tickers with sector data: 4
2025-04-29 10:16:15,107 - INFO -   Tickers matching strategy: 0
2025-04-29 10:16:15,108 - INFO -   Tickers with security ID: 0
2025-04-29 10:16:15,108 - INFO -   Orders successfully placed: 0
2025-04-29 10:16:15,108 - INFO - New positions added: 0
2025-04-29 10:16:15,108 - INFO - Positions skipped: 5
2025-04-29 10:16:15,108 - INFO - Positions with errors: 0
2025-04-29 10:16:15,109 - INFO - 
==================================================
NEW OPPORTUNITIES PROCESSING COMPLETE
==================================================
2025-04-29 10:16:15,109 - INFO - 
==================================================
SECTOR PROCESSING COMPLETE
==================================================
2025-04-29 10:16:15,114 - INFO - Saved 2 positions to dhan_positions.json
2025-04-29 10:16:15,115 - INFO - 
==================================================
POSITIONS SUMMARY
==================================================
2025-04-29 10:16:15,116 - INFO - Current positions summary:
2025-04-29 10:16:15,117 - INFO -   Open BUY positions: 0
2025-04-29 10:16:15,117 - INFO -   Open SELL positions: 1
2025-04-29 10:16:15,118 - INFO -   Closed positions: 1
2025-04-29 10:16:15,118 - INFO -   Total positions: 2
2025-04-29 10:16:15,118 - INFO - Open positions:
2025-04-29 10:16:15,118 - INFO -   SELL SBILIFE.NS (Sector: Financial Services, Entry: 2025-04-29 06:11:17, Order ID: 9125042916552, SL%: 1.0%, Target%: 1.5%)
2025-04-29 10:16:15,119 - INFO - Total P&L for closed positions: 0.0
2025-04-29 10:16:15,119 - INFO - Recently closed positions:
2025-04-29 10:16:15,119 - INFO -   BUY ZEEL.NS - Closed at 2025-04-29 07:33:48, Reason: Sector turned negative, P&L: Unknown
2025-04-29 10:16:15,119 - INFO - 
==================================================
POSITIONS SUMMARY COMPLETE
==================================================
2025-04-29 10:16:15,120 - INFO - Trading cycle 1 completed
2025-04-29 10:16:15,121 - INFO - Waiting 30 seconds until next check at 10:16:45...
2025-04-29 10:16:15,121 - INFO - 
==================================================
CYCLE 1 COMPLETE
==================================================
2025-04-29 10:16:40,221 - INFO - Trading program stopped by user
2025-04-29 10:16:40,223 - INFO - Saved 2 positions to dhan_positions.json
2025-04-29 10:16:40,224 - INFO - 
==================================================
PROGRAM TERMINATED BY USER
==================================================
