2025-04-29 05:45:09,394 - INFO - 
==================================================
PROGRAM START
==================================================
2025-04-29 05:45:09,394 - INFO - ==========================================
2025-04-29 05:45:09,395 - INFO - Starting Dhan Sector-Based Trading Program
2025-04-29 05:45:09,395 - INFO - ==========================================
2025-04-29 05:45:09,395 - INFO - Current time: 2025-04-29 05:45:09
2025-04-29 05:45:09,395 - INFO - Step 1: Loading trading configuration...
2025-04-29 05:45:09,396 - INFO - Loading trading configuration from trading_config.json
2025-04-29 05:45:09,400 - INFO - Configuration loaded successfully
2025-04-29 05:45:09,400 - INFO - Found 5 active tickers out of 5 total
2025-04-29 05:45:09,400 - INFO - Step 2: Initializing Dhan API client...
2025-04-29 05:45:09,401 - INFO - Initializing Dhan client with client_id: 1106497024
2025-04-29 05:45:09,401 - INFO - Dhan API client initialized successfully
2025-04-29 05:45:09,853 - INFO - Dhan API connection test successful
2025-04-29 05:45:09,853 - INFO - Step 3: Loading sector mapping...
2025-04-29 05:45:09,853 - INFO - Loading sector mapping from sector_mapping.json
2025-04-29 05:45:09,870 - INFO - Sector mapping loaded successfully with 176 tickers
2025-04-29 05:45:09,913 - INFO - Found 14 unique sectors
2025-04-29 05:45:09,913 - INFO - Step 4: Loading security IDs mapping from Excel...
2025-04-29 05:45:09,914 - INFO - Loading security IDs from security_ids.xlsx
2025-04-29 05:45:09,967 - ERROR - Error loading security IDs from Excel: Missing optional dependency 'openpyxl'.  Use pip or conda to install openpyxl.
2025-04-29 05:45:10,114 - ERROR - Traceback (most recent call last):
  File "C:\Users\Rajee\AppData\Local\Programs\Python\Python39\lib\site-packages\pandas\compat\_optional.py", line 135, in import_optional_dependency
    module = importlib.import_module(name)
  File "C:\Users\Rajee\AppData\Local\Programs\Python\Python39\lib\importlib\__init__.py", line 127, in import_module
    return _bootstrap._gcd_import(name[level:], package, level)
  File "<frozen importlib._bootstrap>", line 1030, in _gcd_import
  File "<frozen importlib._bootstrap>", line 1007, in _find_and_load
  File "<frozen importlib._bootstrap>", line 984, in _find_and_load_unlocked
ModuleNotFoundError: No module named 'openpyxl'

During handling of the above exception, another exception occurred:

Traceback (most recent call last):
  File "C:\Users\Rajee\OneDrive\stock\lab\strongtrendz.com-\dhan_sector_trader.py", line 139, in load_security_ids
    df = pd.read_excel(SECURITY_IDS_FILE)
  File "C:\Users\Rajee\AppData\Local\Programs\Python\Python39\lib\site-packages\pandas\io\excel\_base.py", line 495, in read_excel
    io = ExcelFile(
  File "C:\Users\Rajee\AppData\Local\Programs\Python\Python39\lib\site-packages\pandas\io\excel\_base.py", line 1567, in __init__
    self._reader = self._engines[engine](
  File "C:\Users\Rajee\AppData\Local\Programs\Python\Python39\lib\site-packages\pandas\io\excel\_openpyxl.py", line 552, in __init__
    import_optional_dependency("openpyxl")
  File "C:\Users\Rajee\AppData\Local\Programs\Python\Python39\lib\site-packages\pandas\compat\_optional.py", line 138, in import_optional_dependency
    raise ImportError(msg)
ImportError: Missing optional dependency 'openpyxl'.  Use pip or conda to install openpyxl.

2025-04-29 05:45:10,117 - ERROR - Failed to load security IDs mapping. Cannot place orders without security IDs.
2025-04-29 05:45:10,118 - INFO - 
==================================================
PROGRAM TERMINATED
==================================================
