2025-05-05 05:00:17,507 - INFO - 
==================================================
PROGRAM START
==================================================
2025-05-05 05:00:17,510 - INFO - ==========================================
2025-05-05 05:00:17,511 - INFO - Starting Dhan Sector-Based Trading Program
2025-05-05 05:00:17,511 - INFO - ==========================================
2025-05-05 05:00:17,511 - INFO - Current time: 2025-05-05 05:00:17
2025-05-05 05:00:17,512 - INFO - Found generic sector.csv file
2025-05-05 05:00:17,512 - INFO - Step 1: Loading trading configuration...
2025-05-05 05:00:17,513 - INFO - Loading trading configuration from trading_config.json
2025-05-05 05:00:17,516 - INFO - Configuration loaded successfully
2025-05-05 05:00:17,516 - ERROR - Error loading configuration: 'list' object has no attribute 'get'
2025-05-05 05:00:17,518 - ERROR - Traceback (most recent call last):
  File "C:\Users\Rajee\OneDrive\stock\lab\strongtrendz.com-\dhan_sector_trader.py", line 418, in load_config
    active_tickers = [t for t in tickers if t.get('active', False)]
  File "C:\Users\Rajee\OneDrive\stock\lab\strongtrendz.com-\dhan_sector_trader.py", line 418, in <listcomp>
    active_tickers = [t for t in tickers if t.get('active', False)]
AttributeError: 'list' object has no attribute 'get'

2025-05-05 05:00:17,521 - ERROR - Failed to load trading configuration. Exiting.
2025-05-05 05:00:17,521 - INFO - 
==================================================
PROGRAM TERMINATED
==================================================
